Archive member included because of file (symbol)

c:/program files (x86)/atmel/atmel toolchain/arm gcc/native/4.8.1443/arm-gnu-toolchain/bin/../lib/gcc/arm-none-eabi/4.8.4/armv7-m\libgcc.a(_arm_addsubdf3.o)
                              src/PIDSet.o (__aeabi_dadd)
c:/program files (x86)/atmel/atmel toolchain/arm gcc/native/4.8.1443/arm-gnu-toolchain/bin/../lib/gcc/arm-none-eabi/4.8.4/armv7-m\libgcc.a(_arm_muldivdf3.o)
                              src/PIDSet.o (__aeabi_dmul)
c:/program files (x86)/atmel/atmel toolchain/arm gcc/native/4.8.1443/arm-gnu-toolchain/bin/../lib/gcc/arm-none-eabi/4.8.4/armv7-m\libgcc.a(_arm_cmpdf2.o)
                              src/PIDSet.o (__aeabi_dcmpeq)
c:/program files (x86)/atmel/atmel toolchain/arm gcc/native/4.8.1443/arm-gnu-toolchain/bin/../lib/gcc/arm-none-eabi/4.8.4/armv7-m\libgcc.a(_arm_fixdfsi.o)
                              src/PIDSet.o (__aeabi_d2iz)
c:/program files (x86)/atmel/atmel toolchain/arm gcc/native/4.8.1443/arm-gnu-toolchain/bin/../lib/gcc/arm-none-eabi/4.8.4/../../../../arm-none-eabi/lib/armv7-m\libc.a(lib_a-exit.o)
                              c:/program files (x86)/atmel/atmel toolchain/arm gcc/native/4.8.1443/arm-gnu-toolchain/bin/../lib/gcc/arm-none-eabi/4.8.4/../../../../arm-none-eabi/lib/armv7-m/crt0.o (exit)
c:/program files (x86)/atmel/atmel toolchain/arm gcc/native/4.8.1443/arm-gnu-toolchain/bin/../lib/gcc/arm-none-eabi/4.8.4/../../../../arm-none-eabi/lib/armv7-m\libc.a(lib_a-impure.o)
                              c:/program files (x86)/atmel/atmel toolchain/arm gcc/native/4.8.1443/arm-gnu-toolchain/bin/../lib/gcc/arm-none-eabi/4.8.4/../../../../arm-none-eabi/lib/armv7-m\libc.a(lib_a-exit.o) (_global_impure_ptr)
c:/program files (x86)/atmel/atmel toolchain/arm gcc/native/4.8.1443/arm-gnu-toolchain/bin/../lib/gcc/arm-none-eabi/4.8.4/../../../../arm-none-eabi/lib/armv7-m\libc.a(lib_a-init.o)
                              c:/program files (x86)/atmel/atmel toolchain/arm gcc/native/4.8.1443/arm-gnu-toolchain/bin/../lib/gcc/arm-none-eabi/4.8.4/../../../../arm-none-eabi/lib/armv7-m/crt0.o (__libc_init_array)
c:/program files (x86)/atmel/atmel toolchain/arm gcc/native/4.8.1443/arm-gnu-toolchain/bin/../lib/gcc/arm-none-eabi/4.8.4/../../../../arm-none-eabi/lib/armv7-m\libc.a(lib_a-iprintf.o)
                              src/ASF/sam/drivers/adc/adc.o (iprintf)
c:/program files (x86)/atmel/atmel toolchain/arm gcc/native/4.8.1443/arm-gnu-toolchain/bin/../lib/gcc/arm-none-eabi/4.8.4/../../../../arm-none-eabi/lib/armv7-m\libc.a(lib_a-memcpy.o)
                              src/ASF/thirdparty/freertos/freertos-7.3.0/source/queue.o (memcpy)
c:/program files (x86)/atmel/atmel toolchain/arm gcc/native/4.8.1443/arm-gnu-toolchain/bin/../lib/gcc/arm-none-eabi/4.8.4/../../../../arm-none-eabi/lib/armv7-m\libc.a(lib_a-memset.o)
                              c:/program files (x86)/atmel/atmel toolchain/arm gcc/native/4.8.1443/arm-gnu-toolchain/bin/../lib/gcc/arm-none-eabi/4.8.4/../../../../arm-none-eabi/lib/armv7-m/crt0.o (memset)
c:/program files (x86)/atmel/atmel toolchain/arm gcc/native/4.8.1443/arm-gnu-toolchain/bin/../lib/gcc/arm-none-eabi/4.8.4/../../../../arm-none-eabi/lib/armv7-m\libc.a(lib_a-puts.o)
                              src/ASF/sam/drivers/adc/adc.o (puts)
c:/program files (x86)/atmel/atmel toolchain/arm gcc/native/4.8.1443/arm-gnu-toolchain/bin/../lib/gcc/arm-none-eabi/4.8.4/../../../../arm-none-eabi/lib/armv7-m\libc.a(lib_a-setbuf.o)
                              src/UARTSet.o (setbuf)
c:/program files (x86)/atmel/atmel toolchain/arm gcc/native/4.8.1443/arm-gnu-toolchain/bin/../lib/gcc/arm-none-eabi/4.8.4/../../../../arm-none-eabi/lib/armv7-m\libc.a(lib_a-setvbuf.o)
                              c:/program files (x86)/atmel/atmel toolchain/arm gcc/native/4.8.1443/arm-gnu-toolchain/bin/../lib/gcc/arm-none-eabi/4.8.4/../../../../arm-none-eabi/lib/armv7-m\libc.a(lib_a-setbuf.o) (setvbuf)
c:/program files (x86)/atmel/atmel toolchain/arm gcc/native/4.8.1443/arm-gnu-toolchain/bin/../lib/gcc/arm-none-eabi/4.8.4/../../../../arm-none-eabi/lib/armv7-m\libc.a(lib_a-sprintf.o)
                              src/ASF/thirdparty/freertos/freertos-7.3.0/source/tasks.o (sprintf)
c:/program files (x86)/atmel/atmel toolchain/arm gcc/native/4.8.1443/arm-gnu-toolchain/bin/../lib/gcc/arm-none-eabi/4.8.4/../../../../arm-none-eabi/lib/armv7-m\libc.a(lib_a-strcat.o)
                              src/ASF/thirdparty/freertos/freertos-7.3.0/source/tasks.o (strcat)
c:/program files (x86)/atmel/atmel toolchain/arm gcc/native/4.8.1443/arm-gnu-toolchain/bin/../lib/gcc/arm-none-eabi/4.8.4/../../../../arm-none-eabi/lib/armv7-m\libc.a(lib_a-strcpy.o)
                              c:/program files (x86)/atmel/atmel toolchain/arm gcc/native/4.8.1443/arm-gnu-toolchain/bin/../lib/gcc/arm-none-eabi/4.8.4/../../../../arm-none-eabi/lib/armv7-m\libc.a(lib_a-strcat.o) (strcpy)
[...]
Memory Configuration

Name             Origin             Length             Attributes
rom              0x00080000         0x00080000         xr
sram0            0x20000000         0x00010000         xrw
sram1            0x20080000         0x00008000         xrw
ram              0x20070000         0x00018000         xrw
*default*        0x00000000         0xffffffff

Linker script and memory map

LOAD c:/program files (x86)/atmel/atmel toolchain/arm gcc/native/4.8.1443/arm-gnu-toolchain/bin/../lib/gcc/arm-none-eabi/4.8.4/armv7-m/crti.o
LOAD c:/program files (x86)/atmel/atmel toolchain/arm gcc/native/4.8.1443/arm-gnu-toolchain/bin/../lib/gcc/arm-none-eabi/4.8.4/armv7-m/crtbegin.o
LOAD c:/program files (x86)/atmel/atmel toolchain/arm gcc/native/4.8.1443/arm-gnu-toolchain/bin/../lib/gcc/arm-none-eabi/4.8.4/../../../../arm-none-eabi/lib/armv7-m/crt0.o
LOAD src/ADCCustom.o
LOAD src/ASF/common/utils/stdio/read.o
LOAD src/ASF/sam/drivers/adc/adc.o
LOAD src/ASF/sam/drivers/usart/usart.o
LOAD src/ASF/thirdparty/freertos/freertos-7.3.0/source/FreeRTOS_CLI.o
LOAD src/allVariables.o
LOAD src/PIDSet.o
LOAD src/PWMSet.o
LOAD src/testFunctions.o
LOAD src/UARTSet.o
LOAD src/ASF/thirdparty/freertos/freertos-7.3.0/source/list.o
LOAD src/ASF/thirdparty/freertos/freertos-7.3.0/source/portable/gcc/sam/port.o
LOAD src/ASF/thirdparty/freertos/freertos-7.3.0/source/portable/memmang/heap_4.o
LOAD src/ASF/thirdparty/freertos/freertos-7.3.0/source/queue.o
LOAD src/ASF/thirdparty/freertos/freertos-7.3.0/source/tasks.o
LOAD src/ASF/thirdparty/freertos/freertos-7.3.0/source/timers.o
LOAD src/ASF/sam/drivers/adc/adc_sam3u.o
LOAD src/ASF/common/utils/stdio/write.o
LOAD src/ASF/common/services/serial/usart_serial.o
LOAD src/ASF/common/services/delay/sam/cycle_counter.o
LOAD src/ASF/sam/drivers/pwm/pwm.o
LOAD src/ASF/sam/drivers/tc/tc.o
LOAD src/ASF/sam/drivers/uart/uart.o
LOAD src/ASF/common/services/clock/sam3x/sysclk.o
LOAD src/ASF/common/utils/interrupt/interrupt_sam_nvic.o
LOAD src/ASF/sam/boards/arduino_due_x/init.o
LOAD src/ASF/sam/drivers/pio/pio.o
LOAD src/ASF/sam/drivers/pio/pio_handler.o
LOAD src/ASF/sam/drivers/pmc/pmc.o
LOAD src/ASF/sam/drivers/pmc/sleep.o
LOAD src/ASF/sam/utils/cmsis/sam3x/source/templates/exceptions.o
LOAD src/ASF/sam/utils/cmsis/sam3x/source/templates/gcc/startup_sam3x.o
LOAD src/ASF/sam/utils/cmsis/sam3x/source/templates/system_sam3x.o
LOAD src/ASF/sam/utils/syscalls/gcc/syscalls.o
LOAD src/main.o
START GROUP
LOAD ../src/ASF/thirdparty/CMSIS/Lib/GCC\libarm_cortexM3l_math.a
LOAD c:/program files (x86)/atmel/atmel toolchain/arm gcc/native/4.8.1443/arm-gnu-toolchain/bin/../lib/gcc/arm-none-eabi/4.8.4/../../../../arm-none-eabi/lib/armv7-m\libm.a
END GROUP
START GROUP
LOAD c:/program files (x86)/atmel/atmel toolchain/arm gcc/native/4.8.1443/arm-gnu-toolchain/bin/../lib/gcc/arm-none-eabi/4.8.4/armv7-m\libgcc.a
LOAD c:/program files (x86)/atmel/atmel toolchain/arm gcc/native/4.8.1443/arm-gnu-toolchain/bin/../lib/gcc/arm-none-eabi/4.8.4/../../../../arm-none-eabi/lib/armv7-m\libc.a
END GROUP
LOAD c:/program files (x86)/atmel/atmel toolchain/arm gcc/native/4.8.1443/arm-gnu-toolchain/bin/../lib/gcc/arm-none-eabi/4.8.4/armv7-m/crtend.o
LOAD c:/program files (x86)/atmel/atmel toolchain/arm gcc/native/4.8.1443/arm-gnu-toolchain/bin/../lib/gcc/arm-none-eabi/4.8.4/armv7-m/crtn.o
                0x00002000                __stack_size__ = DEFINED (__stack_size__)?__stack_size__:0x2000
                0x20087ffc                __ram_end__ = ((ORIGIN (ram) + 0x18000) - 0x4)

.text           0x00080000     0x65cc
                0x00080000                . = ALIGN (0x4)
                0x00080000                _sfixed = .
 *(.vectors .vectors.*)
 .vectors       0x00080000       0xf4 src/ASF/sam/utils/cmsis/sam3x/source/templates/gcc/startup_sam3x.o
                0x00080000                exception_table
 *(.text .text.* .gnu.linkonce.t.*)
 .text          0x000800f4       0x54 c:/program files (x86)/atmel/atmel toolchain/arm gcc/native/4.8.1443/arm-gnu-toolchain/bin/../lib/gcc/arm-none-eabi/4.8.4/armv7-m/crtbegin.o
 .text.ADCSetup
                0x00080148       0x64 src/ADCCustom.o
                0x00080148                ADCSetup
 .text.ADCReadSensor
                0x000801ac       0x30 src/ADCCustom.o
                0x000801ac                ADCReadSensor
 .text._read    0x000801dc       0x40 src/ASF/common/utils/stdio/read.o
                0x000801dc                _read
 .text.adc_init
                0x0008021c       0x34 src/ASF/sam/drivers/adc/adc.o
                0x0008021c                adc_init
 .text.adc_set_resolution
                0x00080250       0x10 src/ASF/sam/drivers/adc/adc.o
                0x00080250                adc_set_resolution
 .text.adc_configure_trigger
                0x00080260       0x10 src/ASF/sam/drivers/adc/adc.o
                0x00080260                adc_configure_trigger
 .text.adc_configure_timing
                0x00080270       0x20 src/ASF/sam/drivers/adc/adc.o
                0x00080270                adc_configure_timing
 .text.adc_start
                0x00080290        0x8 src/ASF/sam/drivers/adc/adc.o
                0x00080290                adc_start
 .text.adc_enable_channel
                0x00080298        0xc src/ASF/sam/drivers/adc/adc.o
                0x00080298                adc_enable_channel
 .text.adc_get_latest_value
                0x000802a4        0x4 src/ASF/sam/drivers/adc/adc.o
                0x000802a4                adc_get_latest_value
 .text.adc_get_status
                0x000802a8        0x4 src/ASF/sam/drivers/adc/adc.o
                0x000802a8                adc_get_status
 .text.usart_write
                0x000802ac       0x14 src/ASF/sam/drivers/usart/usart.o
                0x000802ac                usart_write
 .text.usart_read
                0x000802c0       0x18 src/ASF/sam/drivers/usart/usart.o
                0x000802c0                usart_read
 .text.PIDRegulate
                0x000802d8      0x178 src/PIDSet.o
                0x000802d8                PIDRegulate
 .text.PIDRegulationTask
                0x00080450       0x58 src/PIDSet.o
                0x00080450                PIDRegulationTask
 .text.PWMSetup
                0x000804a8       0x74 src/PWMSet.o
                0x000804a8                PWMSetup
 .text.PWMDutyCycle
                0x0008051c       0x1c src/PWMSet.o
                0x0008051c                PWMDutyCycle
 .text.shieldInit
                0x00080538       0x24 src/PWMSet.o
                0x00080538                shieldInit
 .text.usart_serial_getchar
                0x0008055c       0xa8 src/UARTSet.o
 .text.usart_serial_putchar
                0x00080604       0xa8 src/UARTSet.o
 .text.configure_console
                0x000806ac       0x98 src/UARTSet.o
                0x000806ac                configure_console
 .text.getPIDValues
                0x00080744      0x234 src/UARTSet.o
                0x00080744                getPIDValues
 .text.sendValues
                0x00080978       0x54 src/UARTSet.o
                0x00080978                sendValues
 .text.SerialComTask
                0x000809cc       0x68 src/UARTSet.o
                0x000809cc                SerialComTask
 .text.vListInitialise
                0x00080a34       0x18 src/ASF/thirdparty/freertos/freertos-7.3.0/source/list.o
                0x00080a34                vListInitialise
 .text.vListInitialiseItem
                0x00080a4c        0x8 src/ASF/thirdparty/freertos/freertos-7.3.0/source/list.o
                0x00080a4c                vListInitialiseItem
 .text.vListInsertEnd
                0x00080a54       0x1c src/ASF/thirdparty/freertos/freertos-7.3.0/source/list.o
                0x00080a54                vListInsertEnd
 .text.vListInsert
                0x00080a70       0x44 src/ASF/thirdparty/freertos/freertos-7.3.0/source/list.o
                0x00080a70                vListInsert
 .text.uxListRemove
                0x00080ab4       0x28 src/ASF/thirdparty/freertos/freertos-7.3.0/source/list.o
                0x00080ab4                uxListRemove
 .text.prvPortStartFirstTask
                0x00080adc       0x14 src/ASF/thirdparty/freertos/freertos-7.3.0/source/portable/gcc/sam/port.o
 .text.pxPortInitialiseStack
                0x00080af0       0x1c src/ASF/thirdparty/freertos/freertos-7.3.0/source/portable/gcc/sam/port.o
                0x00080af0                pxPortInitialiseStack
 .text.SVC_Handler
                0x00080b0c       0x20 src/ASF/thirdparty/freertos/freertos-7.3.0/source/portable/gcc/sam/port.o
                0x00080b0c                SVC_Handler
 .text.vPortYieldFromISR
                0x00080b2c       0x10 src/ASF/thirdparty/freertos/freertos-7.3.0/source/portable/gcc/sam/port.o
                0x00080b2c                vPortYieldFromISR
 .text.ulPortSetInterruptMask
                0x00080b3c       0x10 src/ASF/thirdparty/freertos/freertos-7.3.0/source/portable/gcc/sam/port.o
                0x00080b3c                ulPortSetInterruptMask
 .text.vPortEnterCritical
                0x00080b4c       0x18 src/ASF/thirdparty/freertos/freertos-7.3.0/source/portable/gcc/sam/port.o
                0x00080b4c                vPortEnterCritical
 .text.vPortClearInterruptMask
                0x00080b64        0x8 src/ASF/thirdparty/freertos/freertos-7.3.0/source/portable/gcc/sam/port.o
                0x00080b64                vPortClearInterruptMask
 .text.vPortExitCritical
                0x00080b6c       0x1c src/ASF/thirdparty/freertos/freertos-7.3.0/source/portable/gcc/sam/port.o
                0x00080b6c                vPortExitCritical
 .text.PendSV_Handler
                0x00080b88       0x3c src/ASF/thirdparty/freertos/freertos-7.3.0/source/portable/gcc/sam/port.o
                0x00080b88                PendSV_Handler
 .text.SysTick_Handler
                0x00080bc4       0x2c src/ASF/thirdparty/freertos/freertos-7.3.0/source/portable/gcc/sam/port.o
                0x00080bc4                SysTick_Handler
 .text.vPortSetupTimerInterrupt
                0x00080bf0       0x18 src/ASF/thirdparty/freertos/freertos-7.3.0/source/portable/gcc/sam/port.o
                0x00080bf0                vPortSetupTimerInterrupt
 .text.xPortStartScheduler
                0x00080c08       0x38 src/ASF/thirdparty/freertos/freertos-7.3.0/source/portable/gcc/sam/port.o
                0x00080c08                xPortStartScheduler
 .text.prvInsertBlockIntoFreeList
                0x00080c40       0x58 src/ASF/thirdparty/freertos/freertos-7.3.0/source/portable/memmang/heap_4.o
 .text.pvPortMalloc
                0x00080c98       0xc4 src/ASF/thirdparty/freertos/freertos-7.3.0/source/portable/memmang/heap_4.o
                0x00080c98                pvPortMalloc
 .text.vPortFree
                0x00080d5c       0x34 src/ASF/thirdparty/freertos/freertos-7.3.0/source/portable/memmang/heap_4.o
                0x00080d5c                vPortFree
 .text.prvCopyDataToQueue
                0x00080d90       0x64 src/ASF/thirdparty/freertos/freertos-7.3.0/source/queue.o
 .text.prvCopyDataFromQueue
                0x00080df4       0x28 src/ASF/thirdparty/freertos/freertos-7.3.0/source/queue.o
 .text.prvUnlockQueue
                0x00080e1c       0x8c src/ASF/thirdparty/freertos/freertos-7.3.0/source/queue.o
 .text.xQueueGenericReset
                0x00080ea8       0x7c src/ASF/thirdparty/freertos/freertos-7.3.0/source/queue.o
                0x00080ea8                xQueueGenericReset
 .text.xQueueGenericCreate
                0x00080f24       0x58 src/ASF/thirdparty/freertos/freertos-7.3.0/source/queue.o
                0x00080f24                xQueueGenericCreate
 .text.xQueueGenericSend
                0x00080f7c      0x124 src/ASF/thirdparty/freertos/freertos-7.3.0/source/queue.o
                0x00080f7c                xQueueGenericSend
 .text.xQueueGenericSendFromISR
                0x000810a0       0x90 src/ASF/thirdparty/freertos/freertos-7.3.0/source/queue.o
                0x000810a0                xQueueGenericSendFromISR
 .text.xQueueGenericReceive
                0x00081130      0x164 src/ASF/thirdparty/freertos/freertos-7.3.0/source/queue.o
                0x00081130                xQueueGenericReceive
 .text.vQueueWaitForMessageRestricted
                0x00081294       0x4c src/ASF/thirdparty/freertos/freertos-7.3.0/source/queue.o
                0x00081294                vQueueWaitForMessageRestricted
 .text.prvAddCurrentTaskToDelayedList
                0x000812e0       0x5c src/ASF/thirdparty/freertos/freertos-7.3.0/source/tasks.o
 .text.xTaskGenericCreate
                0x0008133c      0x208 src/ASF/thirdparty/freertos/freertos-7.3.0/source/tasks.o
                0x0008133c                xTaskGenericCreate
 .text.vTaskStartScheduler
                0x00081544       0x6c src/ASF/thirdparty/freertos/freertos-7.3.0/source/tasks.o
                0x00081544                vTaskStartScheduler
 .text.vTaskSuspendAll
                0x000815b0       0x10 src/ASF/thirdparty/freertos/freertos-7.3.0/source/tasks.o
                0x000815b0                vTaskSuspendAll
 .text.xTaskGetTickCount
                0x000815c0       0x20 src/ASF/thirdparty/freertos/freertos-7.3.0/source/tasks.o
                0x000815c0                xTaskGetTickCount
 .text.vTaskIncrementTick
                0x000815e0      0x12c src/ASF/thirdparty/freertos/freertos-7.3.0/source/tasks.o
                0x000815e0                vTaskIncrementTick
 .text.xTaskResumeAll
                0x0008170c      0x108 src/ASF/thirdparty/freertos/freertos-7.3.0/source/tasks.o
                0x0008170c                xTaskResumeAll
 .text.vTaskDelayUntil
                0x00081814       0x98 src/ASF/thirdparty/freertos/freertos-7.3.0/source/tasks.o
                0x00081814                vTaskDelayUntil
 .text.vTaskDelay
                0x000818ac       0x4c src/ASF/thirdparty/freertos/freertos-7.3.0/source/tasks.o
                0x000818ac                vTaskDelay
 .text.prvIdleTask
                0x000818f8       0x84 src/ASF/thirdparty/freertos/freertos-7.3.0/source/tasks.o
 .text.vTaskSwitchContext
                0x0008197c       0x90 src/ASF/thirdparty/freertos/freertos-7.3.0/source/tasks.o
                0x0008197c                vTaskSwitchContext
 .text.vTaskPlaceOnEventList
                0x00081a0c       0x64 src/ASF/thirdparty/freertos/freertos-7.3.0/source/tasks.o
                0x00081a0c                vTaskPlaceOnEventList
 .text.vTaskPlaceOnEventListRestricted
                0x00081a70       0x48 src/ASF/thirdparty/freertos/freertos-7.3.0/source/tasks.o
                0x00081a70                vTaskPlaceOnEventListRestricted
 .text.xTaskRemoveFromEventList
                0x00081ab8       0x84 src/ASF/thirdparty/freertos/freertos-7.3.0/source/tasks.o
                0x00081ab8                xTaskRemoveFromEventList
 .text.vTaskSetTimeOutState
                0x00081b3c       0x28 src/ASF/thirdparty/freertos/freertos-7.3.0/source/tasks.o
                0x00081b3c                vTaskSetTimeOutState
 .text.xTaskCheckForTimeOut
                0x00081b64       0x8c src/ASF/thirdparty/freertos/freertos-7.3.0/source/tasks.o
                0x00081b64                xTaskCheckForTimeOut
 .text.vTaskMissedYield
                0x00081bf0        0xc src/ASF/thirdparty/freertos/freertos-7.3.0/source/tasks.o
                0x00081bf0                vTaskMissedYield
 .text.xTaskGetCurrentTaskHandle
                0x00081bfc        0xc src/ASF/thirdparty/freertos/freertos-7.3.0/source/tasks.o
                0x00081bfc                xTaskGetCurrentTaskHandle
 .text.xTaskGetSchedulerState
                0x00081c08       0x20 src/ASF/thirdparty/freertos/freertos-7.3.0/source/tasks.o
                0x00081c08                xTaskGetSchedulerState
 .text.vTaskPriorityInherit
                0x00081c28       0x7c src/ASF/thirdparty/freertos/freertos-7.3.0/source/tasks.o
                0x00081c28                vTaskPriorityInherit
 .text.vTaskPriorityDisinherit
                0x00081ca4       0x50 src/ASF/thirdparty/freertos/freertos-7.3.0/source/tasks.o
                0x00081ca4                vTaskPriorityDisinherit
 .text.prvInsertTimerInActiveList
                0x00081cf4       0x50 src/ASF/thirdparty/freertos/freertos-7.3.0/source/timers.o
 .text.prvCheckForValidListAndQueue
                0x00081d44       0x5c src/ASF/thirdparty/freertos/freertos-7.3.0/source/timers.o
 .text.xTimerCreateTimerTask
                0x00081da0       0x4c src/ASF/thirdparty/freertos/freertos-7.3.0/source/timers.o
                0x00081da0                xTimerCreateTimerTask
 .text.xTimerGenericCommand
                0x00081dec       0x58 src/ASF/thirdparty/freertos/freertos-7.3.0/source/timers.o
                0x00081dec                xTimerGenericCommand
 .text.prvSampleTimeNow
                0x00081e44       0xbc src/ASF/thirdparty/freertos/freertos-7.3.0/source/timers.o
 .text.prvTimerTask
                0x00081f00      0x180 src/ASF/thirdparty/freertos/freertos-7.3.0/source/timers.o
 .text._write   0x00082080       0x54 src/ASF/common/utils/stdio/write.o
                0x00082080                _write
 .text.pwm_clocks_generate
                0x000820d4       0x58 src/ASF/sam/drivers/pwm/pwm.o
 .text.pwm_init
                0x0008212c       0x40 src/ASF/sam/drivers/pwm/pwm.o
                0x0008212c                pwm_init
 .text.pwm_channel_init
                0x0008216c      0x104 src/ASF/sam/drivers/pwm/pwm.o
                0x0008216c                pwm_channel_init
 .text.pwm_channel_update_duty
                0x00082270       0x24 src/ASF/sam/drivers/pwm/pwm.o
                0x00082270                pwm_channel_update_duty
 .text.pwm_channel_enable
                0x00082294        0xc src/ASF/sam/drivers/pwm/pwm.o
                0x00082294                pwm_channel_enable
 .text.pwm_channel_disable
                0x000822a0        0xc src/ASF/sam/drivers/pwm/pwm.o
                0x000822a0                pwm_channel_disable
 .text.uart_init
                0x000822ac       0x38 src/ASF/sam/drivers/uart/uart.o
                0x000822ac                uart_init
 .text.uart_is_rx_ready
                0x000822e4        0x8 src/ASF/sam/drivers/uart/uart.o
                0x000822e4                uart_is_rx_ready
 .text.uart_write
                0x000822ec       0x10 src/ASF/sam/drivers/uart/uart.o
                0x000822ec                uart_write
 .text.uart_read
                0x000822fc       0x14 src/ASF/sam/drivers/uart/uart.o
                0x000822fc                uart_read
 .text.sysclk_init
                0x00082310       0x64 src/ASF/common/services/clock/sam3x/sysclk.o
                0x00082310                sysclk_init
 .text.board_init
                0x00082374       0xa0 src/ASF/sam/boards/arduino_due_x/init.o
                0x00082374                board_init
 .text.pio_set_peripheral
                0x00082414       0x40 src/ASF/sam/drivers/pio/pio.o
                0x00082414                pio_set_peripheral
 .text.pio_set_input
                0x00082454       0x34 src/ASF/sam/drivers/pio/pio.o
                0x00082454                pio_set_input
 .text.pio_set_output
                0x00082488       0x28 src/ASF/sam/drivers/pio/pio.o
                0x00082488                pio_set_output
 .text.pio_get_interrupt_status
                0x000824b0        0x4 src/ASF/sam/drivers/pio/pio.o
                0x000824b0                pio_get_interrupt_status
 .text.pio_get_interrupt_mask
                0x000824b4        0x4 src/ASF/sam/drivers/pio/pio.o
                0x000824b4                pio_get_interrupt_mask
 .text.pio_configure_pin
                0x000824b8       0xd4 src/ASF/sam/drivers/pio/pio.o
                0x000824b8                pio_configure_pin
 .text.pio_configure_pin_group
                0x0008258c       0xa0 src/ASF/sam/drivers/pio/pio.o
                0x0008258c                pio_configure_pin_group
 .text.pio_handler_process
                0x0008262c       0x58 src/ASF/sam/drivers/pio/pio_handler.o
                0x0008262c                pio_handler_process
 .text.PIOA_Handler
                0x00082684       0x14 src/ASF/sam/drivers/pio/pio_handler.o
                0x00082684                PIOA_Handler
 .text.PIOB_Handler
                0x00082698       0x14 src/ASF/sam/drivers/pio/pio_handler.o
                0x00082698                PIOB_Handler
 .text.PIOC_Handler
                0x000826ac       0x14 src/ASF/sam/drivers/pio/pio_handler.o
                0x000826ac                PIOC_Handler
 .text.PIOD_Handler
                0x000826c0       0x14 src/ASF/sam/drivers/pio/pio_handler.o
                0x000826c0                PIOD_Handler
 .text.pmc_switch_mck_to_pllack
                0x000826d4       0x64 src/ASF/sam/drivers/pmc/pmc.o
                0x000826d4                pmc_switch_mck_to_pllack
 .text.pmc_switch_mainck_to_xtal
                0x00082738       0x54 src/ASF/sam/drivers/pmc/pmc.o
                0x00082738                pmc_switch_mainck_to_xtal
 .text.pmc_osc_is_ready_mainck
                0x0008278c       0x10 src/ASF/sam/drivers/pmc/pmc.o
                0x0008278c                pmc_osc_is_ready_mainck
 .text.pmc_disable_pllack
                0x0008279c       0x10 src/ASF/sam/drivers/pmc/pmc.o
                0x0008279c                pmc_disable_pllack
 .text.pmc_is_locked_pllack
                0x000827ac       0x10 src/ASF/sam/drivers/pmc/pmc.o
                0x000827ac                pmc_is_locked_pllack
 .text.pmc_enable_periph_clk
                0x000827bc       0x58 src/ASF/sam/drivers/pmc/pmc.o
                0x000827bc                pmc_enable_periph_clk
 .text.Dummy_Handler
                0x00082814        0x4 src/ASF/sam/utils/cmsis/sam3x/source/templates/exceptions.o
                0x00082814                DACC_Handler
                0x00082814                DebugMon_Handler
                0x00082814                DMAC_Handler
                0x00082814                TRNG_Handler
                0x00082814                HardFault_Handler
                0x00082814                TC2_Handler
                0x00082814                USART3_Handler
                0x00082814                TWI1_Handler
                0x00082814                NMI_Handler
                0x00082814                TC7_Handler
                0x00082814                ADC_Handler
                0x00082814                SMC_Handler
                0x00082814                USART0_Handler
                0x00082814                RTT_Handler
                0x00082814                EFC1_Handler
                0x00082814                RTC_Handler
                0x00082814                UsageFault_Handler
                0x00082814                TC6_Handler
                0x00082814                WDT_Handler
                0x00082814                CAN0_Handler
                0x00082814                TC4_Handler
                0x00082814                TC1_Handler
                0x00082814                HSMCI_Handler
                0x00082814                TC3_Handler
                0x00082814                Dummy_Handler
                0x00082814                TWI0_Handler
                0x00082814                USART1_Handler
                0x00082814                SSC_Handler
                0x00082814                EFC0_Handler
                0x00082814                PMC_Handler
                0x00082814                PWM_Handler
                0x00082814                CAN1_Handler
                0x00082814                MemManage_Handler
                0x00082814                SUPC_Handler
                0x00082814                TC8_Handler
                0x00082814                USART2_Handler
                0x00082814                EMAC_Handler
                0x00082814                UART_Handler
                0x00082814                BusFault_Handler
                0x00082814                RSTC_Handler
                0x00082814                TC0_Handler
                0x00082814                TC5_Handler
                0x00082814                UOTGHS_Handler
                0x00082814                SPI0_Handler
 .text.Reset_Handler
                0x00082818       0xb0 src/ASF/sam/utils/cmsis/sam3x/source/templates/gcc/startup_sam3x.o
                0x00082818                Reset_Handler
 .text.SystemCoreClockUpdate
                0x000828c8      0x11c src/ASF/sam/utils/cmsis/sam3x/source/templates/system_sam3x.o
                0x000828c8                SystemCoreClockUpdate
 .text._sbrk    0x000829e4       0x34 src/ASF/sam/utils/syscalls/gcc/syscalls.o
                0x000829e4                _sbrk
 .text._close   0x00082a18        0x8 src/ASF/sam/utils/syscalls/gcc/syscalls.o
                0x00082a18                _close
 .text._fstat   0x00082a20        0xc src/ASF/sam/utils/syscalls/gcc/syscalls.o
                0x00082a20                _fstat
 .text._isatty  0x00082a2c        0x4 src/ASF/sam/utils/syscalls/gcc/syscalls.o
                0x00082a2c                _isatty
 .text._lseek   0x00082a30        0x4 src/ASF/sam/utils/syscalls/gcc/syscalls.o
                0x00082a30                _lseek
 .text.main     0x00082a34       0xe8 src/main.o
                0x00082a34                main
 .text          0x00082b1c      0x370 c:/program files (x86)/atmel/atmel toolchain/arm gcc/native/4.8.1443/arm-gnu-toolchain/bin/../lib/gcc/arm-none-eabi/4.8.4/armv7-m\libgcc.a(_arm_addsubdf3.o)
                0x00082b1c                __aeabi_drsub
                0x00082b24                __aeabi_dsub
                0x00082b24                __subdf3
                0x00082b28                __aeabi_dadd
                0x00082b28                __adddf3
                0x00082da0                __floatunsidf
                0x00082da0                __aeabi_ui2d
                0x00082dc0                __floatsidf
                0x00082dc0                __aeabi_i2d
                0x00082de4                __aeabi_f2d
                0x00082de4                __extendsfdf2
                0x00082e20                __floatundidf
                0x00082e20                __aeabi_ul2d
                0x00082e30                __floatdidf
                0x00082e30                __aeabi_l2d
 .text          0x00082e8c      0x424 c:/program files (x86)/atmel/atmel toolchain/arm gcc/native/4.8.1443/arm-gnu-toolchain/bin/../lib/gcc/arm-none-eabi/4.8.4/armv7-m\libgcc.a(_arm_muldivdf3.o)
                0x00082e8c                __aeabi_dmul
                0x00082e8c                __muldf3
                0x000830e0                __divdf3
                0x000830e0                __aeabi_ddiv
 .text          0x000832b0      0x110 c:/program files (x86)/atmel/atmel toolchain/arm gcc/native/4.8.1443/arm-gnu-toolchain/bin/../lib/gcc/arm-none-eabi/4.8.4/armv7-m\libgcc.a(_arm_cmpdf2.o)
                0x000832b0                __gtdf2
                0x000832b0                __gedf2
                0x000832b8                __ltdf2
                0x000832b8                __ledf2
                0x000832c0                __nedf2
                0x000832c0                __eqdf2
                0x000832c0                __cmpdf2
                0x0008333c                __aeabi_cdrcmple
                0x0008334c                __aeabi_cdcmpeq
                0x0008334c                __aeabi_cdcmple
                0x0008335c                __aeabi_dcmpeq
                0x00083370                __aeabi_dcmplt
                0x00083384                __aeabi_dcmple
                0x00083398                __aeabi_dcmpge
                0x000833ac                __aeabi_dcmpgt
 .text          0x000833c0       0x50 c:/program files (x86)/atmel/atmel toolchain/arm gcc/native/4.8.1443/arm-gnu-toolchain/bin/../lib/gcc/arm-none-eabi/4.8.4/armv7-m\libgcc.a(_arm_fixdfsi.o)
                0x000833c0                __aeabi_d2iz
                0x000833c0                __fixdfsi
 .text.__libc_init_array
                0x00083410       0x50 c:/program files (x86)/atmel/atmel toolchain/arm gcc/native/4.8.1443/arm-gnu-toolchain/bin/../lib/gcc/arm-none-eabi/4.8.4/../../../../arm-none-eabi/lib/armv7-m\libc.a(lib_a-init.o)
                0x00083410                __libc_init_array
 .text.iprintf  0x00083460       0x28 c:/program files (x86)/atmel/atmel toolchain/arm gcc/native/4.8.1443/arm-gnu-toolchain/bin/../lib/gcc/arm-none-eabi/4.8.4/../../../../arm-none-eabi/lib/armv7-m\libc.a(lib_a-iprintf.o)
                0x00083460                iprintf
 .text          0x00083488       0xec c:/program files (x86)/atmel/atmel toolchain/arm gcc/native/4.8.1443/arm-gnu-toolchain/bin/../lib/gcc/arm-none-eabi/4.8.4/../../../../arm-none-eabi/lib/armv7-m\libc.a(lib_a-memcpy.o)
                0x00083488                memcpy
 .text.memset   0x00083574       0x94 c:/program files (x86)/atmel/atmel toolchain/arm gcc/native/4.8.1443/arm-gnu-toolchain/bin/../lib/gcc/arm-none-eabi/4.8.4/../../../../arm-none-eabi/lib/armv7-m\libc.a(lib_a-memset.o)
                0x00083574                memset
 .text.setbuf   0x00083608       0x10 c:/program files (x86)/atmel/atmel toolchain/arm gcc/native/4.8.1443/arm-gnu-toolchain/bin/../lib/gcc/arm-none-eabi/4.8.4/../../../../arm-none-eabi/lib/armv7-m\libc.a(lib_a-setbuf.o)
                0x00083608                setbuf
 .text.setvbuf  0x00083618      0x100 c:/program files (x86)/atmel/atmel toolchain/arm gcc/native/4.8.1443/arm-gnu-toolchain/bin/../lib/gcc/arm-none-eabi/4.8.4/../../../../arm-none-eabi/lib/armv7-m\libc.a(lib_a-setvbuf.o)
                0x00083618                setvbuf
 .text.strlen   0x00083718       0x60 c:/program files (x86)/atmel/atmel toolchain/arm gcc/native/4.8.1443/arm-gnu-toolchain/bin/../lib/gcc/arm-none-eabi/4.8.4/../../../../arm-none-eabi/lib/armv7-m\libc.a(lib_a-strlen.o)
                0x00083718                strlen
 .text.strncpy  0x00083778       0x64 c:/program files (x86)/atmel/atmel toolchain/arm gcc/native/4.8.1443/arm-gnu-toolchain/bin/../lib/gcc/arm-none-eabi/4.8.4/../../../../arm-none-eabi/lib/armv7-m\libc.a(lib_a-strncpy.o)
                0x00083778                strncpy
 .text.__sprint_r.part.0
                0x000837dc       0x78 c:/program files (x86)/atmel/atmel toolchain/arm gcc/native/4.8.1443/arm-gnu-toolchain/bin/../lib/gcc/arm-none-eabi/4.8.4/../../../../arm-none-eabi/lib/armv7-m\libc.a(lib_a-vfiprintf.o)
 .text._vfiprintf_r
                0x00083854      0xc54 c:/program files (x86)/atmel/atmel toolchain/arm gcc/native/4.8.1443/arm-gnu-toolchain/bin/../lib/gcc/arm-none-eabi/4.8.4/../../../../arm-none-eabi/lib/armv7-m\libc.a(lib_a-vfiprintf.o)
                0x00083854                _vfiprintf_r
 .text.__sbprintf
                0x000844a8       0x7c c:/program files (x86)/atmel/atmel toolchain/arm gcc/native/4.8.1443/arm-gnu-toolchain/bin/../lib/gcc/arm-none-eabi/4.8.4/../../../../arm-none-eabi/lib/armv7-m\libc.a(lib_a-vfiprintf.o)
 .text.__swsetup_r
                0x00084524       0xc4 c:/program files (x86)/atmel/atmel toolchain/arm gcc/native/4.8.1443/arm-gnu-toolchain/bin/../lib/gcc/arm-none-eabi/4.8.4/../../../../arm-none-eabi/lib/armv7-m\libc.a(lib_a-wsetup.o)
                0x00084524                __swsetup_r
 .text.startup.register_fini
                0x000845e8       0x14 c:/program files (x86)/atmel/atmel toolchain/arm gcc/native/4.8.1443/arm-gnu-toolchain/bin/../lib/gcc/arm-none-eabi/4.8.4/../../../../arm-none-eabi/lib/armv7-m\libc.a(lib_a-__call_atexit.o)
 .text.atexit   0x000845fc        0xc c:/program files (x86)/atmel/atmel toolchain/arm gcc/native/4.8.1443/arm-gnu-toolchain/bin/../lib/gcc/arm-none-eabi/4.8.4/../../../../arm-none-eabi/lib/armv7-m\libc.a(lib_a-atexit.o)
                0x000845fc                atexit
 .text.__sflush_r
                0x00084608      0x148 c:/program files (x86)/atmel/atmel toolchain/arm gcc/native/4.8.1443/arm-gnu-toolchain/bin/../lib/gcc/arm-none-eabi/4.8.4/../../../../arm-none-eabi/lib/armv7-m\libc.a(lib_a-fflush.o)
                0x00084608                __sflush_r
 .text._fflush_r
                0x00084750       0x2c c:/program files (x86)/atmel/atmel toolchain/arm gcc/native/4.8.1443/arm-gnu-toolchain/bin/../lib/gcc/arm-none-eabi/4.8.4/../../../../arm-none-eabi/lib/armv7-m\libc.a(lib_a-fflush.o)
                0x00084750                _fflush_r
 .text._cleanup_r
                0x0008477c        0xc c:/program files (x86)/atmel/atmel toolchain/arm gcc/native/4.8.1443/arm-gnu-toolchain/bin/../lib/gcc/arm-none-eabi/4.8.4/../../../../arm-none-eabi/lib/armv7-m\libc.a(lib_a-findfp.o)
                0x0008477c                _cleanup_r
 .text.__sinit  0x00084788       0xf4 c:/program files (x86)/atmel/atmel toolchain/arm gcc/native/4.8.1443/arm-gnu-toolchain/bin/../lib/gcc/arm-none-eabi/4.8.4/../../../../arm-none-eabi/lib/armv7-m\libc.a(lib_a-findfp.o)
                0x00084788                __sinit
 .text.__sfp_lock_acquire
                0x0008487c        0x4 c:/program files (x86)/atmel/atmel toolchain/arm gcc/native/4.8.1443/arm-gnu-toolchain/bin/../lib/gcc/arm-none-eabi/4.8.4/../../../../arm-none-eabi/lib/armv7-m\libc.a(lib_a-findfp.o)
                0x0008487c                __sfp_lock_acquire
 .text.__sfp_lock_release
                0x00084880        0x4 c:/program files (x86)/atmel/atmel toolchain/arm gcc/native/4.8.1443/arm-gnu-toolchain/bin/../lib/gcc/arm-none-eabi/4.8.4/../../../../arm-none-eabi/lib/armv7-m\libc.a(lib_a-findfp.o)
                0x00084880                __sfp_lock_release
 .text.__libc_fini_array
                0x00084884       0x30 c:/program files (x86)/atmel/atmel toolchain/arm gcc/native/4.8.1443/arm-gnu-toolchain/bin/../lib/gcc/arm-none-eabi/4.8.4/../../../../arm-none-eabi/lib/armv7-m\libc.a(lib_a-fini.o)
                0x00084884                __libc_fini_array
 .text._fputwc_r
                0x000848b4       0xc0 c:/program files (x86)/atmel/atmel toolchain/arm gcc/native/4.8.1443/arm-gnu-toolchain/bin/../lib/gcc/arm-none-eabi/4.8.4/../../../../arm-none-eabi/lib/armv7-m\libc.a(lib_a-fputwc.o)
                0x000848b4                _fputwc_r
 .text._malloc_trim_r
                0x00084974       0x9c c:/program files (x86)/atmel/atmel toolchain/arm gcc/native/4.8.1443/arm-gnu-toolchain/bin/../lib/gcc/arm-none-eabi/4.8.4/../../../../arm-none-eabi/lib/armv7-m\libc.a(lib_a-freer.o)
                0x00084974                _malloc_trim_r
 .text._free_r  0x00084a10      0x198 c:/program files (x86)/atmel/atmel toolchain/arm gcc/native/4.8.1443/arm-gnu-toolchain/bin/../lib/gcc/arm-none-eabi/4.8.4/../../../../arm-none-eabi/lib/armv7-m\libc.a(lib_a-freer.o)
                0x00084a10                _free_r
 .text.__sfvwrite_r
                0x00084ba8      0x318 c:/program files (x86)/atmel/atmel toolchain/arm gcc/native/4.8.1443/arm-gnu-toolchain/bin/../lib/gcc/arm-none-eabi/4.8.4/../../../../arm-none-eabi/lib/armv7-m\libc.a(lib_a-fvwrite.o)
                0x00084ba8                __sfvwrite_r
 .text._fwalk   0x00084ec0       0x48 c:/program files (x86)/atmel/atmel toolchain/arm gcc/native/4.8.1443/arm-gnu-toolchain/bin/../lib/gcc/arm-none-eabi/4.8.4/../../../../arm-none-eabi/lib/armv7-m\libc.a(lib_a-fwalk.o)
                0x00084ec0                _fwalk
 .text.__locale_charset
                0x00084f08        0x8 c:/program files (x86)/atmel/atmel toolchain/arm gcc/native/4.8.1443/arm-gnu-toolchain/bin/../lib/gcc/arm-none-eabi/4.8.4/../../../../arm-none-eabi/lib/armv7-m\libc.a(lib_a-locale.o)
                0x00084f08                __locale_charset
 .text.__locale_mb_cur_max
                0x00084f10        0xc c:/program files (x86)/atmel/atmel toolchain/arm gcc/native/4.8.1443/arm-gnu-toolchain/bin/../lib/gcc/arm-none-eabi/4.8.4/../../../../arm-none-eabi/lib/armv7-m\libc.a(lib_a-locale.o)
                0x00084f10                __locale_mb_cur_max
 .text.__smakebuf_r
                0x00084f1c       0xe0 c:/program files (x86)/atmel/atmel toolchain/arm gcc/native/4.8.1443/arm-gnu-toolchain/bin/../lib/gcc/arm-none-eabi/4.8.4/../../../../arm-none-eabi/lib/armv7-m\libc.a(lib_a-makebuf.o)
                0x00084f1c                __smakebuf_r
 .text.malloc   0x00084ffc       0x10 c:/program files (x86)/atmel/atmel toolchain/arm gcc/native/4.8.1443/arm-gnu-toolchain/bin/../lib/gcc/arm-none-eabi/4.8.4/../../../../arm-none-eabi/lib/armv7-m\libc.a(lib_a-malloc.o)
                0x00084ffc                malloc
 .text._malloc_r
                0x0008500c      0x538 c:/program files (x86)/atmel/atmel toolchain/arm gcc/native/4.8.1443/arm-gnu-toolchain/bin/../lib/gcc/arm-none-eabi/4.8.4/../../../../arm-none-eabi/lib/armv7-m\libc.a(lib_a-mallocr.o)
                0x0008500c                _malloc_r
 .text.memchr   0x00085544       0x94 c:/program files (x86)/atmel/atmel toolchain/arm gcc/native/4.8.1443/arm-gnu-toolchain/bin/../lib/gcc/arm-none-eabi/4.8.4/../../../../arm-none-eabi/lib/armv7-m\libc.a(lib_a-memchr-stub.o)
                0x00085544                memchr
 .text.memmove  0x000855d8       0xcc c:/program files (x86)/atmel/atmel toolchain/arm gcc/native/4.8.1443/arm-gnu-toolchain/bin/../lib/gcc/arm-none-eabi/4.8.4/../../../../arm-none-eabi/lib/armv7-m\libc.a(lib_a-memmove.o)
                0x000855d8                memmove
 .text.__malloc_lock
                0x000856a4        0x4 c:/program files (x86)/atmel/atmel toolchain/arm gcc/native/4.8.1443/arm-gnu-toolchain/bin/../lib/gcc/arm-none-eabi/4.8.4/../../../../arm-none-eabi/lib/armv7-m\libc.a(lib_a-mlock.o)
                0x000856a4                __malloc_lock
 .text.__malloc_unlock
                0x000856a8        0x4 c:/program files (x86)/atmel/atmel toolchain/arm gcc/native/4.8.1443/arm-gnu-toolchain/bin/../lib/gcc/arm-none-eabi/4.8.4/../../../../arm-none-eabi/lib/armv7-m\libc.a(lib_a-mlock.o)
                0x000856a8                __malloc_unlock
 .text._realloc_r
                0x000856ac      0x3c0 c:/program files (x86)/atmel/atmel toolchain/arm gcc/native/4.8.1443/arm-gnu-toolchain/bin/../lib/gcc/arm-none-eabi/4.8.4/../../../../arm-none-eabi/lib/armv7-m\libc.a(lib_a-reallocr.o)
                0x000856ac                _realloc_r
 .text._sbrk_r  0x00085a6c       0x24 c:/program files (x86)/atmel/atmel toolchain/arm gcc/native/4.8.1443/arm-gnu-toolchain/bin/../lib/gcc/arm-none-eabi/4.8.4/../../../../arm-none-eabi/lib/armv7-m\libc.a(lib_a-sbrkr.o)
                0x00085a6c                _sbrk_r
 .text.__sread  0x00085a90       0x24 c:/program files (x86)/atmel/atmel toolchain/arm gcc/native/4.8.1443/arm-gnu-toolchain/bin/../lib/gcc/arm-none-eabi/4.8.4/../../../../arm-none-eabi/lib/armv7-m\libc.a(lib_a-stdio.o)
                0x00085a90                __sread
 .text.__swrite
                0x00085ab4       0x38 c:/program files (x86)/atmel/atmel toolchain/arm gcc/native/4.8.1443/arm-gnu-toolchain/bin/../lib/gcc/arm-none-eabi/4.8.4/../../../../arm-none-eabi/lib/armv7-m\libc.a(lib_a-stdio.o)
                0x00085ab4                __swrite
 .text.__sseek  0x00085aec       0x20 c:/program files (x86)/atmel/atmel toolchain/arm gcc/native/4.8.1443/arm-gnu-toolchain/bin/../lib/gcc/arm-none-eabi/4.8.4/../../../../arm-none-eabi/lib/armv7-m\libc.a(lib_a-stdio.o)
                0x00085aec                __sseek
 .text.__sclose
                0x00085b0c        0x8 c:/program files (x86)/atmel/atmel toolchain/arm gcc/native/4.8.1443/arm-gnu-toolchain/bin/../lib/gcc/arm-none-eabi/4.8.4/../../../../arm-none-eabi/lib/armv7-m\libc.a(lib_a-stdio.o)
                0x00085b0c                __sclose
 .text.__swbuf_r
                0x00085b14       0xa8 c:/program files (x86)/atmel/atmel toolchain/arm gcc/native/4.8.1443/arm-gnu-toolchain/bin/../lib/gcc/arm-none-eabi/4.8.4/../../../../arm-none-eabi/lib/armv7-m\libc.a(lib_a-wbuf.o)
                0x00085b14                __swbuf_r
 .text._wcrtomb_r
                0x00085bbc       0x50 c:/program files (x86)/atmel/atmel toolchain/arm gcc/native/4.8.1443/arm-gnu-toolchain/bin/../lib/gcc/arm-none-eabi/4.8.4/../../../../arm-none-eabi/lib/armv7-m\libc.a(lib_a-wcrtomb.o)
                0x00085bbc                _wcrtomb_r
 .text.__ascii_wctomb
                0x00085c0c       0x1c c:/program files (x86)/atmel/atmel toolchain/arm gcc/native/4.8.1443/arm-gnu-toolchain/bin/../lib/gcc/arm-none-eabi/4.8.4/../../../../arm-none-eabi/lib/armv7-m\libc.a(lib_a-wctomb_r.o)
                0x00085c0c                __ascii_wctomb
 .text._write_r
                0x00085c28       0x28 c:/program files (x86)/atmel/atmel toolchain/arm gcc/native/4.8.1443/arm-gnu-toolchain/bin/../lib/gcc/arm-none-eabi/4.8.4/../../../../arm-none-eabi/lib/armv7-m\libc.a(lib_a-writer.o)
                0x00085c28                _write_r
 .text.__register_exitproc
                0x00085c50       0xa8 c:/program files (x86)/atmel/atmel toolchain/arm gcc/native/4.8.1443/arm-gnu-toolchain/bin/../lib/gcc/arm-none-eabi/4.8.4/../../../../arm-none-eabi/lib/armv7-m\libc.a(lib_a-__atexit.o)
                0x00085c50                __register_exitproc
 .text._close_r
                0x00085cf8       0x24 c:/program files (x86)/atmel/atmel toolchain/arm gcc/native/4.8.1443/arm-gnu-toolchain/bin/../lib/gcc/arm-none-eabi/4.8.4/../../../../arm-none-eabi/lib/armv7-m\libc.a(lib_a-closer.o)
                0x00085cf8                _close_r
 .text._fclose_r
                0x00085d1c       0x80 c:/program files (x86)/atmel/atmel toolchain/arm gcc/native/4.8.1443/arm-gnu-toolchain/bin/../lib/gcc/arm-none-eabi/4.8.4/../../../../arm-none-eabi/lib/armv7-m\libc.a(lib_a-fclose.o)
                0x00085d1c                _fclose_r
 .text.fclose   0x00085d9c       0x10 c:/program files (x86)/atmel/atmel toolchain/arm gcc/native/4.8.1443/arm-gnu-toolchain/bin/../lib/gcc/arm-none-eabi/4.8.4/../../../../arm-none-eabi/lib/armv7-m\libc.a(lib_a-fclose.o)
                0x00085d9c                fclose
 .text._fstat_r
                0x00085dac       0x28 c:/program files (x86)/atmel/atmel toolchain/arm gcc/native/4.8.1443/arm-gnu-toolchain/bin/../lib/gcc/arm-none-eabi/4.8.4/../../../../arm-none-eabi/lib/armv7-m\libc.a(lib_a-fstatr.o)
                0x00085dac                _fstat_r
 .text._isatty_r
                0x00085dd4       0x24 c:/program files (x86)/atmel/atmel toolchain/arm gcc/native/4.8.1443/arm-gnu-toolchain/bin/../lib/gcc/arm-none-eabi/4.8.4/../../../../arm-none-eabi/lib/armv7-m\libc.a(lib_a-isattyr.o)
                0x00085dd4                _isatty_r
 .text._lseek_r
                0x00085df8       0x28 c:/program files (x86)/atmel/atmel toolchain/arm gcc/native/4.8.1443/arm-gnu-toolchain/bin/../lib/gcc/arm-none-eabi/4.8.4/../../../../arm-none-eabi/lib/armv7-m\libc.a(lib_a-lseekr.o)
                0x00085df8                _lseek_r
 .text._read_r  0x00085e20       0x28 c:/program files (x86)/atmel/atmel toolchain/arm gcc/native/4.8.1443/arm-gnu-toolchain/bin/../lib/gcc/arm-none-eabi/4.8.4/../../../../arm-none-eabi/lib/armv7-m\libc.a(lib_a-readr.o)
                0x00085e20                _read_r
 .text          0x00085e48       0x2c c:/program files (x86)/atmel/atmel toolchain/arm gcc/native/4.8.1443/arm-gnu-toolchain/bin/../lib/gcc/arm-none-eabi/4.8.4/armv7-m\libgcc.a(_aeabi_uldivmod.o)
                0x00085e48                __aeabi_uldivmod
 .text          0x00085e74       0x60 c:/program files (x86)/atmel/atmel toolchain/arm gcc/native/4.8.1443/arm-gnu-toolchain/bin/../lib/gcc/arm-none-eabi/4.8.4/armv7-m\libgcc.a(bpabi.o)
                0x00085e74                __gnu_ldivmod_helper
                0x00085ea4                __gnu_uldivmod_helper
 .text          0x00085ed4        0x4 c:/program files (x86)/atmel/atmel toolchain/arm gcc/native/4.8.1443/arm-gnu-toolchain/bin/../lib/gcc/arm-none-eabi/4.8.4/armv7-m\libgcc.a(_dvmd_tls.o)
                0x00085ed4                __aeabi_idiv0
                0x00085ed4                __aeabi_ldiv0
 .text          0x00085ed8      0x2a0 c:/program files (x86)/atmel/atmel toolchain/arm gcc/native/4.8.1443/arm-gnu-toolchain/bin/../lib/gcc/arm-none-eabi/4.8.4/armv7-m\libgcc.a(_divdi3.o)
                0x00085ed8                __divdi3
 .text          0x00086178      0x290 c:/program files (x86)/atmel/atmel toolchain/arm gcc/native/4.8.1443/arm-gnu-toolchain/bin/../lib/gcc/arm-none-eabi/4.8.4/armv7-m\libgcc.a(_udivdi3.o)
                0x00086178                __udivdi3
 *(.glue_7t)
 .glue_7t       0x00000000        0x0 linker stubs
 *(.glue_7)
 .glue_7        0x00000000        0x0 linker stubs
 *(.rodata .rodata* .gnu.linkonce.r.*)
 .rodata.str1.4
                0x00086408       0x75 src/UARTSet.o
                                 0x78 (size before relaxing)
 *fill*         0x0008647d        0x3 
 .rodata.str1.4
                0x00086480       0x19 src/ASF/thirdparty/freertos/freertos-7.3.0/source/tasks.o
                                 0x20 (size before relaxing)
 *fill*         0x00086499        0x3 
 .rodata.str1.4
                0x0008649c        0x8 src/ASF/thirdparty/freertos/freertos-7.3.0/source/timers.o
 .rodata        0x000864a4       0x2c src/ASF/sam/drivers/pwm/pwm.o
 .rodata.str1.4
                0x000864d0       0x7f src/main.o
                                 0x80 (size before relaxing)
 *fill*         0x0008654f        0x1 
 .rodata.str1.4
                0x00086550        0x2 c:/program files (x86)/atmel/atmel toolchain/arm gcc/native/4.8.1443/arm-gnu-toolchain/bin/../lib/gcc/arm-none-eabi/4.8.4/../../../../arm-none-eabi/lib/armv7-m\libc.a(lib_a-impure.o)
                                  0x4 (size before relaxing)
 *fill*         0x00086552        0x2 
 .rodata._global_impure_ptr
                0x00086554        0x4 c:/program files (x86)/atmel/atmel toolchain/arm gcc/native/4.8.1443/arm-gnu-toolchain/bin/../lib/gcc/arm-none-eabi/4.8.4/../../../../arm-none-eabi/lib/armv7-m\libc.a(lib_a-impure.o)
                0x00086554                _global_impure_ptr
 .rodata.str1.4
                0x00086558       0x30 c:/program files (x86)/atmel/atmel toolchain/arm gcc/native/4.8.1443/arm-gnu-toolchain/bin/../lib/gcc/arm-none-eabi/4.8.4/../../../../arm-none-eabi/lib/armv7-m\libc.a(lib_a-vfiprintf.o)
 .rodata.zeroes.6721
                0x00086588       0x10 c:/program files (x86)/atmel/atmel toolchain/arm gcc/native/4.8.1443/arm-gnu-toolchain/bin/../lib/gcc/arm-none-eabi/4.8.4/../../../../arm-none-eabi/lib/armv7-m\libc.a(lib_a-vfiprintf.o)
 .rodata.blanks.6720
                0x00086598       0x10 c:/program files (x86)/atmel/atmel toolchain/arm gcc/native/4.8.1443/arm-gnu-toolchain/bin/../lib/gcc/arm-none-eabi/4.8.4/../../../../arm-none-eabi/lib/armv7-m\libc.a(lib_a-vfiprintf.o)
 *(.ARM.extab* .gnu.linkonce.armextab.*)
                0x000865a8                . = ALIGN (0x4)
 *(.init)
 .init          0x000865a8        0x4 c:/program files (x86)/atmel/atmel toolchain/arm gcc/native/4.8.1443/arm-gnu-toolchain/bin/../lib/gcc/arm-none-eabi/4.8.4/armv7-m/crti.o
                0x000865a8                _init
 .init          0x000865ac        0x8 c:/program files (x86)/atmel/atmel toolchain/arm gcc/native/4.8.1443/arm-gnu-toolchain/bin/../lib/gcc/arm-none-eabi/4.8.4/armv7-m/crtn.o
                0x000865b4                . = ALIGN (0x4)
                0x000865b4                __preinit_array_start = .
 *(.preinit_array)
                0x000865b4                __preinit_array_end = .
                0x000865b4                . = ALIGN (0x4)
                0x000865b4                __init_array_start = .
 *(SORT(.init_array.*))
 .init_array.00000
                0x000865b4        0x4 c:/program files (x86)/atmel/atmel toolchain/arm gcc/native/4.8.1443/arm-gnu-toolchain/bin/../lib/gcc/arm-none-eabi/4.8.4/../../../../arm-none-eabi/lib/armv7-m\libc.a(lib_a-__call_atexit.o)
 *(.init_array)
 .init_array    0x000865b8        0x4 c:/program files (x86)/atmel/atmel toolchain/arm gcc/native/4.8.1443/arm-gnu-toolchain/bin/../lib/gcc/arm-none-eabi/4.8.4/armv7-m/crtbegin.o
                0x000865bc                __init_array_end = .
                0x000865bc                . = ALIGN (0x4)
 *crtbegin.o(.ctors)
 *(EXCLUDE_FILE(*crtend.o) .ctors)
 *(SORT(.ctors.*))
 *crtend.o(.ctors)
                0x000865bc                . = ALIGN (0x4)
 *(.fini)
 .fini          0x000865bc        0x4 c:/program files (x86)/atmel/atmel toolchain/arm gcc/native/4.8.1443/arm-gnu-toolchain/bin/../lib/gcc/arm-none-eabi/4.8.4/armv7-m/crti.o
                0x000865bc                _fini
 .fini          0x000865c0        0x8 c:/program files (x86)/atmel/atmel toolchain/arm gcc/native/4.8.1443/arm-gnu-toolchain/bin/../lib/gcc/arm-none-eabi/4.8.4/armv7-m/crtn.o
                0x000865c8                . = ALIGN (0x4)
                0x000865c8                __fini_array_start = .
 *(.fini_array)
 .fini_array    0x000865c8        0x4 c:/program files (x86)/atmel/atmel toolchain/arm gcc/native/4.8.1443/arm-gnu-toolchain/bin/../lib/gcc/arm-none-eabi/4.8.4/armv7-m/crtbegin.o
 *(SORT(.fini_array.*))
                0x000865cc                __fini_array_end = .
 *crtbegin.o(.dtors)
 *(EXCLUDE_FILE(*crtend.o) .dtors)
 *(SORT(.dtors.*))
 *crtend.o(.dtors)
                0x000865cc                . = ALIGN (0x4)
                0x000865cc                _efixed = .
                0x000865cc                PROVIDE (__exidx_start, .)

.vfp11_veneer   0x000865cc        0x0
 .vfp11_veneer  0x00000000        0x0 linker stubs

.v4_bx          0x000865cc        0x0
 .v4_bx         0x00000000        0x0 linker stubs

.iplt           0x000865cc        0x0
 .iplt          0x00000000        0x0 c:/program files (x86)/atmel/atmel toolchain/arm gcc/native/4.8.1443/arm-gnu-toolchain/bin/../lib/gcc/arm-none-eabi/4.8.4/armv7-m/crtbegin.o

.ARM.exidx      0x000865cc        0x8
 *(.ARM.exidx* .gnu.linkonce.armexidx.*)
 .ARM.exidx     0x000865cc        0x8 c:/program files (x86)/atmel/atmel toolchain/arm gcc/native/4.8.1443/arm-gnu-toolchain/bin/../lib/gcc/arm-none-eabi/4.8.4/armv7-m\libgcc.a(_divdi3.o)
 .ARM.exidx     0x000865d4        0x0 c:/program files (x86)/atmel/atmel toolchain/arm gcc/native/4.8.1443/arm-gnu-toolchain/bin/../lib/gcc/arm-none-eabi/4.8.4/armv7-m\libgcc.a(_udivdi3.o)
                                  0x8 (size before relaxing)
                0x000865d4                PROVIDE (__exidx_end, .)

.eh_frame       0x000865d4        0x0
 .eh_frame      0x000865d4        0x0 c:/program files (x86)/atmel/atmel toolchain/arm gcc/native/4.8.1443/arm-gnu-toolchain/bin/../lib/gcc/arm-none-eabi/4.8.4/armv7-m/crtbegin.o

.rel.dyn        0x000865d4        0x0
 .rel.iplt      0x00000000        0x0 c:/program files (x86)/atmel/atmel toolchain/arm gcc/native/4.8.1443/arm-gnu-toolchain/bin/../lib/gcc/arm-none-eabi/4.8.4/armv7-m/crtbegin.o

.jcr            0x000865d4        0x0
 .jcr           0x000865d4        0x0 c:/program files (x86)/atmel/atmel toolchain/arm gcc/native/4.8.1443/arm-gnu-toolchain/bin/../lib/gcc/arm-none-eabi/4.8.4/armv7-m/crtbegin.o

.igot.plt       0x000865d4        0x0
 .igot.plt      0x00000000        0x0 c:/program files (x86)/atmel/atmel toolchain/arm gcc/native/4.8.1443/arm-gnu-toolchain/bin/../lib/gcc/arm-none-eabi/4.8.4/armv7-m/crtbegin.o
                0x000865d4                . = ALIGN (0x4)
                0x000865d4                _etext = .

.relocate       0x20070000      0x9a4 load address 0x000865d4
                0x20070000                . = ALIGN (0x4)
                0x20070000                _srelocate = .
 *(.ramfunc .ramfunc.*)
 .ramfunc       0x20070000      0x12c src/ASF/sam/utils/cmsis/sam3x/source/templates/system_sam3x.o
                0x20070000                SystemInit
                0x200700a4                system_init_flash
 *(.data .data.*)
 .data.isMatlab
                0x2007012c        0x1 src/allVariables.o
                0x2007012c                isMatlab
 *fill*         0x2007012d        0x3 
 .data.uxCriticalNesting
                0x20070130        0x4 src/ASF/thirdparty/freertos/freertos-7.3.0/source/portable/gcc/sam/port.o
 .data.xFreeBytesRemaining
                0x20070134        0x4 src/ASF/thirdparty/freertos/freertos-7.3.0/source/portable/memmang/heap_4.o
 .data.xNextTaskUnblockTime
                0x20070138        0x2 src/ASF/thirdparty/freertos/freertos-7.3.0/source/tasks.o
 *fill*         0x2007013a        0x2 
 .data.SystemCoreClock
                0x2007013c        0x4 src/ASF/sam/utils/cmsis/sam3x/source/templates/system_sam3x.o
                0x2007013c                SystemCoreClock
 .data.impure_data
                0x20070140      0x428 c:/program files (x86)/atmel/atmel toolchain/arm gcc/native/4.8.1443/arm-gnu-toolchain/bin/../lib/gcc/arm-none-eabi/4.8.4/../../../../arm-none-eabi/lib/armv7-m\libc.a(lib_a-impure.o)
 .data._impure_ptr
                0x20070568        0x4 c:/program files (x86)/atmel/atmel toolchain/arm gcc/native/4.8.1443/arm-gnu-toolchain/bin/../lib/gcc/arm-none-eabi/4.8.4/../../../../arm-none-eabi/lib/armv7-m\libc.a(lib_a-impure.o)
                0x20070568                _impure_ptr
 .data.lc_ctype_charset
                0x2007056c       0x20 c:/program files (x86)/atmel/atmel toolchain/arm gcc/native/4.8.1443/arm-gnu-toolchain/bin/../lib/gcc/arm-none-eabi/4.8.4/../../../../arm-none-eabi/lib/armv7-m\libc.a(lib_a-locale.o)
 .data.__mb_cur_max
                0x2007058c        0x4 c:/program files (x86)/atmel/atmel toolchain/arm gcc/native/4.8.1443/arm-gnu-toolchain/bin/../lib/gcc/arm-none-eabi/4.8.4/../../../../arm-none-eabi/lib/armv7-m\libc.a(lib_a-locale.o)
                0x2007058c                __mb_cur_max
 .data.__malloc_av_
                0x20070590      0x408 c:/program files (x86)/atmel/atmel toolchain/arm gcc/native/4.8.1443/arm-gnu-toolchain/bin/../lib/gcc/arm-none-eabi/4.8.4/../../../../arm-none-eabi/lib/armv7-m\libc.a(lib_a-mallocr.o)
                0x20070590                __malloc_av_
 .data.__malloc_trim_threshold
                0x20070998        0x4 c:/program files (x86)/atmel/atmel toolchain/arm gcc/native/4.8.1443/arm-gnu-toolchain/bin/../lib/gcc/arm-none-eabi/4.8.4/../../../../arm-none-eabi/lib/armv7-m\libc.a(lib_a-mallocr.o)
                0x20070998                __malloc_trim_threshold
 .data.__malloc_sbrk_base
                0x2007099c        0x4 c:/program files (x86)/atmel/atmel toolchain/arm gcc/native/4.8.1443/arm-gnu-toolchain/bin/../lib/gcc/arm-none-eabi/4.8.4/../../../../arm-none-eabi/lib/armv7-m\libc.a(lib_a-mallocr.o)
                0x2007099c                __malloc_sbrk_base
 .data.__wctomb
                0x200709a0        0x4 c:/program files (x86)/atmel/atmel toolchain/arm gcc/native/4.8.1443/arm-gnu-toolchain/bin/../lib/gcc/arm-none-eabi/4.8.4/../../../../arm-none-eabi/lib/armv7-m\libc.a(lib_a-wctomb_r.o)
                0x200709a0                __wctomb
                0x200709a4                . = ALIGN (0x4)
                0x200709a4                _erelocate = .

.bss            0x200709a8     0x82e0 load address 0x00086f80
                0x200709a8                . = ALIGN (0x4)
                0x200709a8                _sbss = .
                0x200709a8                _szero = .
 *(.bss .bss.*)
 .bss           0x200709a8       0x1c c:/program files (x86)/atmel/atmel toolchain/arm gcc/native/4.8.1443/arm-gnu-toolchain/bin/../lib/gcc/arm-none-eabi/4.8.4/armv7-m/crtbegin.o
 .bss.sem       0x200709c4        0x4 src/allVariables.o
                0x200709c4                sem
 .bss.output_value
                0x200709c8        0x4 src/allVariables.o
                0x200709c8                output_value
 *fill*         0x200709cc        0x4 
 .bss.kD        0x200709d0        0x8 src/allVariables.o
                0x200709d0                kD
 .bss.error     0x200709d8        0x4 src/allVariables.o
                0x200709d8                error
 .bss.sumOfError
                0x200709dc        0x4 src/allVariables.o
                0x200709dc                sumOfError
 .bss.kI        0x200709e0        0x8 src/allVariables.o
                0x200709e0                kI
 .bss.distanceSensor
                0x200709e8        0x4 src/allVariables.o
                0x200709e8                distanceSensor
 .bss.lastError
                0x200709ec        0x4 src/allVariables.o
                0x200709ec                lastError
 .bss.kP        0x200709f0        0x8 src/allVariables.o
                0x200709f0                kP
 .bss.setPoint  0x200709f8        0x4 src/allVariables.o
                0x200709f8                setPoint
 *fill*         0x200709fc        0x4 
 .bss.xHeap     0x20070a00     0x8000 src/ASF/thirdparty/freertos/freertos-7.3.0/source/portable/memmang/heap_4.o
 .bss.pxEnd     0x20078a00        0x4 src/ASF/thirdparty/freertos/freertos-7.3.0/source/portable/memmang/heap_4.o
 .bss.xStart    0x20078a04        0x8 src/ASF/thirdparty/freertos/freertos-7.3.0/source/portable/memmang/heap_4.o
 .bss.uxMissedTicks
                0x20078a0c        0x4 src/ASF/thirdparty/freertos/freertos-7.3.0/source/tasks.o
 .bss.xSuspendedTaskList
                0x20078a10       0x14 src/ASF/thirdparty/freertos/freertos-7.3.0/source/tasks.o
 .bss.pxDelayedTaskList
                0x20078a24        0x4 src/ASF/thirdparty/freertos/freertos-7.3.0/source/tasks.o
 .bss.xSchedulerRunning
                0x20078a28        0x4 src/ASF/thirdparty/freertos/freertos-7.3.0/source/tasks.o
 .bss.uxTasksDeleted
                0x20078a2c        0x4 src/ASF/thirdparty/freertos/freertos-7.3.0/source/tasks.o
 .bss.xTasksWaitingTermination
                0x20078a30       0x14 src/ASF/thirdparty/freertos/freertos-7.3.0/source/tasks.o
 .bss.xDelayedTaskList2
                0x20078a44       0x14 src/ASF/thirdparty/freertos/freertos-7.3.0/source/tasks.o
 .bss.uxTopReadyPriority
                0x20078a58        0x4 src/ASF/thirdparty/freertos/freertos-7.3.0/source/tasks.o
 .bss.pxReadyTasksLists
                0x20078a5c       0xc8 src/ASF/thirdparty/freertos/freertos-7.3.0/source/tasks.o
 .bss.uxSchedulerSuspended
                0x20078b24        0x4 src/ASF/thirdparty/freertos/freertos-7.3.0/source/tasks.o
 .bss.pxCurrentTCB
                0x20078b28        0x4 src/ASF/thirdparty/freertos/freertos-7.3.0/source/tasks.o
                0x20078b28                pxCurrentTCB
 .bss.xPendingReadyList
                0x20078b2c       0x14 src/ASF/thirdparty/freertos/freertos-7.3.0/source/tasks.o
 .bss.xNumOfOverflows
                0x20078b40        0x4 src/ASF/thirdparty/freertos/freertos-7.3.0/source/tasks.o
 .bss.xTickCount
                0x20078b44        0x2 src/ASF/thirdparty/freertos/freertos-7.3.0/source/tasks.o
 *fill*         0x20078b46        0x2 
 .bss.pxOverflowDelayedTaskList
                0x20078b48        0x4 src/ASF/thirdparty/freertos/freertos-7.3.0/source/tasks.o
 .bss.uxTaskNumber
                0x20078b4c        0x4 src/ASF/thirdparty/freertos/freertos-7.3.0/source/tasks.o
 .bss.xDelayedTaskList1
                0x20078b50       0x14 src/ASF/thirdparty/freertos/freertos-7.3.0/source/tasks.o
 .bss.xMissedYield
                0x20078b64        0x4 src/ASF/thirdparty/freertos/freertos-7.3.0/source/tasks.o
 .bss.uxCurrentNumberOfTasks
                0x20078b68        0x4 src/ASF/thirdparty/freertos/freertos-7.3.0/source/tasks.o
 .bss.uxTopUsedPriority
                0x20078b6c        0x4 src/ASF/thirdparty/freertos/freertos-7.3.0/source/tasks.o
 .bss.pxCurrentTimerList
                0x20078b70        0x4 src/ASF/thirdparty/freertos/freertos-7.3.0/source/timers.o
 .bss.xActiveTimerList1
                0x20078b74       0x14 src/ASF/thirdparty/freertos/freertos-7.3.0/source/timers.o
 .bss.xActiveTimerList2
                0x20078b88       0x14 src/ASF/thirdparty/freertos/freertos-7.3.0/source/timers.o
 .bss.xLastTime.4484
                0x20078b9c        0x2 src/ASF/thirdparty/freertos/freertos-7.3.0/source/timers.o
 *fill*         0x20078b9e        0x2 
 .bss.xTimerQueue
                0x20078ba0        0x4 src/ASF/thirdparty/freertos/freertos-7.3.0/source/timers.o
 .bss.pxOverflowTimerList
                0x20078ba4        0x4 src/ASF/thirdparty/freertos/freertos-7.3.0/source/timers.o
 .bss.gs_interrupt_sources
                0x20078ba8       0x70 src/ASF/sam/drivers/pio/pio_handler.o
 .bss.heap.5098
                0x20078c18        0x4 src/ASF/sam/utils/syscalls/gcc/syscalls.o
 .bss.__malloc_max_total_mem
                0x20078c1c        0x4 c:/program files (x86)/atmel/atmel toolchain/arm gcc/native/4.8.1443/arm-gnu-toolchain/bin/../lib/gcc/arm-none-eabi/4.8.4/../../../../arm-none-eabi/lib/armv7-m\libc.a(lib_a-mallocr.o)
                0x20078c1c                __malloc_max_total_mem
 .bss.__malloc_max_sbrked_mem
                0x20078c20        0x4 c:/program files (x86)/atmel/atmel toolchain/arm gcc/native/4.8.1443/arm-gnu-toolchain/bin/../lib/gcc/arm-none-eabi/4.8.4/../../../../arm-none-eabi/lib/armv7-m\libc.a(lib_a-mallocr.o)
                0x20078c20                __malloc_max_sbrked_mem
 .bss.__malloc_top_pad
                0x20078c24        0x4 c:/program files (x86)/atmel/atmel toolchain/arm gcc/native/4.8.1443/arm-gnu-toolchain/bin/../lib/gcc/arm-none-eabi/4.8.4/../../../../arm-none-eabi/lib/armv7-m\libc.a(lib_a-mallocr.o)
                0x20078c24                __malloc_top_pad
 .bss.__malloc_current_mallinfo
                0x20078c28       0x28 c:/program files (x86)/atmel/atmel toolchain/arm gcc/native/4.8.1443/arm-gnu-toolchain/bin/../lib/gcc/arm-none-eabi/4.8.4/../../../../arm-none-eabi/lib/armv7-m\libc.a(lib_a-mallocr.o)
                0x20078c28                __malloc_current_mallinfo
 *(COMMON)
 COMMON         0x20078c50       0x28 src/ADCCustom.o
                0x20078c50                pwm_channel
 COMMON         0x20078c78        0x4 src/ASF/common/utils/stdio/read.o
                0x20078c78                ptr_get
 COMMON         0x20078c7c        0x8 src/ASF/common/utils/stdio/write.o
                0x20078c7c                ptr_put
                0x20078c80                stdio_base
 COMMON         0x20078c84        0x4 c:/program files (x86)/atmel/atmel toolchain/arm gcc/native/4.8.1443/arm-gnu-toolchain/bin/../lib/gcc/arm-none-eabi/4.8.4/../../../../arm-none-eabi/lib/armv7-m\libc.a(lib_a-reent.o)
                0x20078c84                errno
                0x20078c88                . = ALIGN (0x4)
                0x20078c88                _ebss = .
                0x20078c88                _ezero = .

.stack          0x20078c88     0x2000 load address 0x0008f260
                0x20078c88                . = ALIGN (0x8)
                0x20078c88                _sstack = .
                0x2007ac88                . = (. + __stack_size__)
 *fill*         0x20078c88     0x2000 
                0x2007ac88                . = ALIGN (0x8)
                0x2007ac88                _estack = .
                0x2007ac88                . = ALIGN (0x4)
                0x2007ac88                _end = .
OUTPUT(ExUppgift2014_6_2.elf elf32-littlearm)

.ARM.attributes
                0x00000000       0x29
 .ARM.attributes
                0x00000000       0x1d c:/program files (x86)/atmel/atmel toolchain/arm gcc/native/4.8.1443/arm-gnu-toolchain/bin/../lib/gcc/arm-none-eabi/4.8.4/armv7-m/crti.o
 .ARM.attributes
                0x0000001d       0x2d c:/program files (x86)/atmel/atmel toolchain/arm gcc/native/4.8.1443/arm-gnu-toolchain/bin/../lib/gcc/arm-none-eabi/4.8.4/armv7-m/crtbegin.o
 .ARM.attributes
                0x0000004a       0x33 src/ADCCustom.o
 .ARM.attributes
                0x0000007d       0x33 src/ASF/common/utils/stdio/read.o
 .ARM.attributes
                0x000000b0       0x33 src/ASF/sam/drivers/adc/adc.o
 .ARM.attributes
                0x000000e3       0x33 src/ASF/sam/drivers/usart/usart.o
 .ARM.attributes
                0x00000116       0x33 src/allVariables.o
 .ARM.attributes
                0x00000149       0x33 src/PIDSet.o
 .ARM.attributes
                0x0000017c       0x33 src/PWMSet.o
 .ARM.attributes
                0x000001af       0x33 src/UARTSet.o
 .ARM.attributes
                0x000001e2       0x33 src/ASF/thirdparty/freertos/freertos-7.3.0/source/list.o
 .ARM.attributes
                0x00000215       0x33 src/ASF/thirdparty/freertos/freertos-7.3.0/source/portable/gcc/sam/port.o
 .ARM.attributes
                0x00000248       0x33 src/ASF/thirdparty/freertos/freertos-7.3.0/source/portable/memmang/heap_4.o
 .ARM.attributes
                0x0000027b       0x33 src/ASF/thirdparty/freertos/freertos-7.3.0/source/queue.o
 .ARM.attributes
                0x000002ae       0x33 src/ASF/thirdparty/freertos/freertos-7.3.0/source/tasks.o
 .ARM.attributes
                0x000002e1       0x33 src/ASF/thirdparty/freertos/freertos-7.3.0/source/timers.o
 .ARM.attributes
                0x00000314       0x33 src/ASF/common/utils/stdio/write.o
 .ARM.attributes
                0x00000347       0x33 src/ASF/sam/drivers/pwm/pwm.o
 .ARM.attributes
                0x0000037a       0x33 src/ASF/sam/drivers/uart/uart.o
 .ARM.attributes
                0x000003ad       0x33 src/ASF/common/services/clock/sam3x/sysclk.o
 .ARM.attributes
                0x000003e0       0x33 src/ASF/sam/boards/arduino_due_x/init.o
 .ARM.attributes
                0x00000413       0x33 src/ASF/sam/drivers/pio/pio.o
 .ARM.attributes
                0x00000446       0x33 src/ASF/sam/drivers/pio/pio_handler.o
 .ARM.attributes
                0x00000479       0x33 src/ASF/sam/drivers/pmc/pmc.o
 .ARM.attributes
                0x000004ac       0x33 src/ASF/sam/utils/cmsis/sam3x/source/templates/exceptions.o
 .ARM.attributes
                0x000004df       0x33 src/ASF/sam/utils/cmsis/sam3x/source/templates/gcc/startup_sam3x.o
 .ARM.attributes
                0x00000512       0x33 src/ASF/sam/utils/cmsis/sam3x/source/templates/system_sam3x.o
 .ARM.attributes
                0x00000545       0x33 src/ASF/sam/utils/syscalls/gcc/syscalls.o
 .ARM.attributes
                0x00000578       0x33 src/main.o
 .ARM.attributes
                0x000005ab       0x1d c:/program files (x86)/atmel/atmel toolchain/arm gcc/native/4.8.1443/arm-gnu-toolchain/bin/../lib/gcc/arm-none-eabi/4.8.4/armv7-m\libgcc.a(_arm_addsubdf3.o)
 .ARM.attributes
                0x000005c8       0x1d c:/program files (x86)/atmel/atmel toolchain/arm gcc/native/4.8.1443/arm-gnu-toolchain/bin/../lib/gcc/arm-none-eabi/4.8.4/armv7-m\libgcc.a(_arm_muldivdf3.o)
 .ARM.attributes
                0x000005e5       0x1d c:/program files (x86)/atmel/atmel toolchain/arm gcc/native/4.8.1443/arm-gnu-toolchain/bin/../lib/gcc/arm-none-eabi/4.8.4/armv7-m\libgcc.a(_arm_cmpdf2.o)
 .ARM.attributes
                0x00000602       0x1d c:/program files (x86)/atmel/atmel toolchain/arm gcc/native/4.8.1443/arm-gnu-toolchain/bin/../lib/gcc/arm-none-eabi/4.8.4/armv7-m\libgcc.a(_arm_fixdfsi.o)
 .ARM.attributes
                0x0000061f       0x2d c:/program files (x86)/atmel/atmel toolchain/arm gcc/native/4.8.1443/arm-gnu-toolchain/bin/../lib/gcc/arm-none-eabi/4.8.4/../../../../arm-none-eabi/lib/armv7-m\libc.a(lib_a-impure.o)
 .ARM.attributes
                0x0000064c       0x2d c:/program files (x86)/atmel/atmel toolchain/arm gcc/native/4.8.1443/arm-gnu-toolchain/bin/../lib/gcc/arm-none-eabi/4.8.4/../../../../arm-none-eabi/lib/armv7-m\libc.a(lib_a-init.o)
 .ARM.attributes
                0x00000679       0x2d c:/program files (x86)/atmel/atmel toolchain/arm gcc/native/4.8.1443/arm-gnu-toolchain/bin/../lib/gcc/arm-none-eabi/4.8.4/../../../../arm-none-eabi/lib/armv7-m\libc.a(lib_a-iprintf.o)
 .ARM.attributes
                0x000006a6       0x1b c:/program files (x86)/atmel/atmel toolchain/arm gcc/native/4.8.1443/arm-gnu-toolchain/bin/../lib/gcc/arm-none-eabi/4.8.4/../../../../arm-none-eabi/lib/armv7-m\libc.a(lib_a-memcpy.o)
 .ARM.attributes
                0x000006c1       0x2d c:/program files (x86)/atmel/atmel toolchain/arm gcc/native/4.8.1443/arm-gnu-toolchain/bin/../lib/gcc/arm-none-eabi/4.8.4/../../../../arm-none-eabi/lib/armv7-m\libc.a(lib_a-memset.o)
 .ARM.attributes
                0x000006ee       0x2d c:/program files (x86)/atmel/atmel toolchain/arm gcc/native/4.8.1443/arm-gnu-toolchain/bin/../lib/gcc/arm-none-eabi/4.8.4/../../../../arm-none-eabi/lib/armv7-m\libc.a(lib_a-setbuf.o)
 .ARM.attributes
                0x0000071b       0x2d c:/program files (x86)/atmel/atmel toolchain/arm gcc/native/4.8.1443/arm-gnu-toolchain/bin/../lib/gcc/arm-none-eabi/4.8.4/../../../../arm-none-eabi/lib/armv7-m\libc.a(lib_a-setvbuf.o)
 .ARM.attributes
                0x00000748       0x2d c:/program files (x86)/atmel/atmel toolchain/arm gcc/native/4.8.1443/arm-gnu-toolchain/bin/../lib/gcc/arm-none-eabi/4.8.4/../../../../arm-none-eabi/lib/armv7-m\libc.a(lib_a-strlen.o)
 .ARM.attributes
                0x00000775       0x2d c:/program files (x86)/atmel/atmel toolchain/arm gcc/native/4.8.1443/arm-gnu-toolchain/bin/../lib/gcc/arm-none-eabi/4.8.4/../../../../arm-none-eabi/lib/armv7-m\libc.a(lib_a-strncpy.o)
 .ARM.attributes
                0x000007a2       0x2d c:/program files (x86)/atmel/atmel toolchain/arm gcc/native/4.8.1443/arm-gnu-toolchain/bin/../lib/gcc/arm-none-eabi/4.8.4/../../../../arm-none-eabi/lib/armv7-m\libc.a(lib_a-vfiprintf.o)
 .ARM.attributes
                0x000007cf       0x2d c:/program files (x86)/atmel/atmel toolchain/arm gcc/native/4.8.1443/arm-gnu-toolchain/bin/../lib/gcc/arm-none-eabi/4.8.4/../../../../arm-none-eabi/lib/armv7-m\libc.a(lib_a-wsetup.o)
 .ARM.attributes
                0x000007fc       0x2d c:/program files (x86)/atmel/atmel toolchain/arm gcc/native/4.8.1443/arm-gnu-toolchain/bin/../lib/gcc/arm-none-eabi/4.8.4/../../../../arm-none-eabi/lib/armv7-m\libc.a(lib_a-__call_atexit.o)
 .ARM.attributes
                0x00000829       0x2d c:/program files (x86)/atmel/atmel toolchain/arm gcc/native/4.8.1443/arm-gnu-toolchain/bin/../lib/gcc/arm-none-eabi/4.8.4/../../../../arm-none-eabi/lib/armv7-m\libc.a(lib_a-atexit.o)
 .ARM.attributes
                0x00000856       0x2d c:/program files (x86)/atmel/atmel toolchain/arm gcc/native/4.8.1443/arm-gnu-toolchain/bin/../lib/gcc/arm-none-eabi/4.8.4/../../../../arm-none-eabi/lib/armv7-m\libc.a(lib_a-fflush.o)
 .ARM.attributes
                0x00000883       0x2d c:/program files (x86)/atmel/atmel toolchain/arm gcc/native/4.8.1443/arm-gnu-toolchain/bin/../lib/gcc/arm-none-eabi/4.8.4/../../../../arm-none-eabi/lib/armv7-m\libc.a(lib_a-findfp.o)
 .ARM.attributes
                0x000008b0       0x2d c:/program files (x86)/atmel/atmel toolchain/arm gcc/native/4.8.1443/arm-gnu-toolchain/bin/../lib/gcc/arm-none-eabi/4.8.4/../../../../arm-none-eabi/lib/armv7-m\libc.a(lib_a-fini.o)
 .ARM.attributes
                0x000008dd       0x2d c:/program files (x86)/atmel/atmel toolchain/arm gcc/native/4.8.1443/arm-gnu-toolchain/bin/../lib/gcc/arm-none-eabi/4.8.4/../../../../arm-none-eabi/lib/armv7-m\libc.a(lib_a-fputwc.o)
 .ARM.attributes
                0x0000090a       0x2d c:/program files (x86)/atmel/atmel toolchain/arm gcc/native/4.8.1443/arm-gnu-toolchain/bin/../lib/gcc/arm-none-eabi/4.8.4/../../../../arm-none-eabi/lib/armv7-m\libc.a(lib_a-freer.o)
 .ARM.attributes
                0x00000937       0x2d c:/program files (x86)/atmel/atmel toolchain/arm gcc/native/4.8.1443/arm-gnu-toolchain/bin/../lib/gcc/arm-none-eabi/4.8.4/../../../../arm-none-eabi/lib/armv7-m\libc.a(lib_a-fvwrite.o)
 .ARM.attributes
                0x00000964       0x2d c:/program files (x86)/atmel/atmel toolchain/arm gcc/native/4.8.1443/arm-gnu-toolchain/bin/../lib/gcc/arm-none-eabi/4.8.4/../../../../arm-none-eabi/lib/armv7-m\libc.a(lib_a-fwalk.o)
 .ARM.attributes
                0x00000991       0x2d c:/program files (x86)/atmel/atmel toolchain/arm gcc/native/4.8.1443/arm-gnu-toolchain/bin/../lib/gcc/arm-none-eabi/4.8.4/../../../../arm-none-eabi/lib/armv7-m\libc.a(lib_a-locale.o)
 .ARM.attributes
                0x000009be       0x2d c:/program files (x86)/atmel/atmel toolchain/arm gcc/native/4.8.1443/arm-gnu-toolchain/bin/../lib/gcc/arm-none-eabi/4.8.4/../../../../arm-none-eabi/lib/armv7-m\libc.a(lib_a-makebuf.o)
 .ARM.attributes
                0x000009eb       0x2d c:/program files (x86)/atmel/atmel toolchain/arm gcc/native/4.8.1443/arm-gnu-toolchain/bin/../lib/gcc/arm-none-eabi/4.8.4/../../../../arm-none-eabi/lib/armv7-m\libc.a(lib_a-malloc.o)
 .ARM.attributes
                0x00000a18       0x2d c:/program files (x86)/atmel/atmel toolchain/arm gcc/native/4.8.1443/arm-gnu-toolchain/bin/../lib/gcc/arm-none-eabi/4.8.4/../../../../arm-none-eabi/lib/armv7-m\libc.a(lib_a-mallocr.o)
 .ARM.attributes
                0x00000a45       0x2d c:/program files (x86)/atmel/atmel toolchain/arm gcc/native/4.8.1443/arm-gnu-toolchain/bin/../lib/gcc/arm-none-eabi/4.8.4/../../../../arm-none-eabi/lib/armv7-m\libc.a(lib_a-memchr-stub.o)
 .ARM.attributes
                0x00000a72       0x2d c:/program files (x86)/atmel/atmel toolchain/arm gcc/native/4.8.1443/arm-gnu-toolchain/bin/../lib/gcc/arm-none-eabi/4.8.4/../../../../arm-none-eabi/lib/armv7-m\libc.a(lib_a-memmove.o)
 .ARM.attributes
                0x00000a9f       0x2d c:/program files (x86)/atmel/atmel toolchain/arm gcc/native/4.8.1443/arm-gnu-toolchain/bin/../lib/gcc/arm-none-eabi/4.8.4/../../../../arm-none-eabi/lib/armv7-m\libc.a(lib_a-mlock.o)
 .ARM.attributes
                0x00000acc       0x2d c:/program files (x86)/atmel/atmel toolchain/arm gcc/native/4.8.1443/arm-gnu-toolchain/bin/../lib/gcc/arm-none-eabi/4.8.4/../../../../arm-none-eabi/lib/armv7-m\libc.a(lib_a-reallocr.o)
 .ARM.attributes
                0x00000af9       0x2d c:/program files (x86)/atmel/atmel toolchain/arm gcc/native/4.8.1443/arm-gnu-toolchain/bin/../lib/gcc/arm-none-eabi/4.8.4/../../../../arm-none-eabi/lib/armv7-m\libc.a(lib_a-sbrkr.o)
 .ARM.attributes
                0x00000b26       0x2d c:/program files (x86)/atmel/atmel toolchain/arm gcc/native/4.8.1443/arm-gnu-toolchain/bin/../lib/gcc/arm-none-eabi/4.8.4/../../../../arm-none-eabi/lib/armv7-m\libc.a(lib_a-stdio.o)
 .ARM.attributes
                0x00000b53       0x2d c:/program files (x86)/atmel/atmel toolchain/arm gcc/native/4.8.1443/arm-gnu-toolchain/bin/../lib/gcc/arm-none-eabi/4.8.4/../../../../arm-none-eabi/lib/armv7-m\libc.a(lib_a-wbuf.o)
 .ARM.attributes
                0x00000b80       0x2d c:/program files (x86)/atmel/atmel toolchain/arm gcc/native/4.8.1443/arm-gnu-toolchain/bin/../lib/gcc/arm-none-eabi/4.8.4/../../../../arm-none-eabi/lib/armv7-m\libc.a(lib_a-wcrtomb.o)
 .ARM.attributes
                0x00000bad       0x2d c:/program files (x86)/atmel/atmel toolchain/arm gcc/native/4.8.1443/arm-gnu-toolchain/bin/../lib/gcc/arm-none-eabi/4.8.4/../../../../arm-none-eabi/lib/armv7-m\libc.a(lib_a-wctomb_r.o)
 .ARM.attributes
                0x00000bda       0x2d c:/program files (x86)/atmel/atmel toolchain/arm gcc/native/4.8.1443/arm-gnu-toolchain/bin/../lib/gcc/arm-none-eabi/4.8.4/../../../../arm-none-eabi/lib/armv7-m\libc.a(lib_a-writer.o)
 .ARM.attributes
                0x00000c07       0x2d c:/program files (x86)/atmel/atmel toolchain/arm gcc/native/4.8.1443/arm-gnu-toolchain/bin/../lib/gcc/arm-none-eabi/4.8.4/../../../../arm-none-eabi/lib/armv7-m\libc.a(lib_a-__atexit.o)
 .ARM.attributes
                0x00000c34       0x2d c:/program files (x86)/atmel/atmel toolchain/arm gcc/native/4.8.1443/arm-gnu-toolchain/bin/../lib/gcc/arm-none-eabi/4.8.4/../../../../arm-none-eabi/lib/armv7-m\libc.a(lib_a-closer.o)
 .ARM.attributes
                0x00000c61       0x2d c:/program files (x86)/atmel/atmel toolchain/arm gcc/native/4.8.1443/arm-gnu-toolchain/bin/../lib/gcc/arm-none-eabi/4.8.4/../../../../arm-none-eabi/lib/armv7-m\libc.a(lib_a-fclose.o)
 .ARM.attributes
                0x00000c8e       0x2d c:/program files (x86)/atmel/atmel toolchain/arm gcc/native/4.8.1443/arm-gnu-toolchain/bin/../lib/gcc/arm-none-eabi/4.8.4/../../../../arm-none-eabi/lib/armv7-m\libc.a(lib_a-fstatr.o)
 .ARM.attributes
                0x00000cbb       0x2d c:/program files (x86)/atmel/atmel toolchain/arm gcc/native/4.8.1443/arm-gnu-toolchain/bin/../lib/gcc/arm-none-eabi/4.8.4/../../../../arm-none-eabi/lib/armv7-m\libc.a(lib_a-isattyr.o)
 .ARM.attributes
                0x00000ce8       0x2d c:/program files (x86)/atmel/atmel toolchain/arm gcc/native/4.8.1443/arm-gnu-toolchain/bin/../lib/gcc/arm-none-eabi/4.8.4/../../../../arm-none-eabi/lib/armv7-m\libc.a(lib_a-lseekr.o)
 .ARM.attributes
                0x00000d15       0x2d c:/program files (x86)/atmel/atmel toolchain/arm gcc/native/4.8.1443/arm-gnu-toolchain/bin/../lib/gcc/arm-none-eabi/4.8.4/../../../../arm-none-eabi/lib/armv7-m\libc.a(lib_a-readr.o)
 .ARM.attributes
                0x00000d42       0x2d c:/program files (x86)/atmel/atmel toolchain/arm gcc/native/4.8.1443/arm-gnu-toolchain/bin/../lib/gcc/arm-none-eabi/4.8.4/../../../../arm-none-eabi/lib/armv7-m\libc.a(lib_a-reent.o)
 .ARM.attributes
                0x00000d6f       0x1d c:/program files (x86)/atmel/atmel toolchain/arm gcc/native/4.8.1443/arm-gnu-toolchain/bin/../lib/gcc/arm-none-eabi/4.8.4/armv7-m\libgcc.a(_aeabi_uldivmod.o)
 .ARM.attributes
                0x00000d8c       0x2d c:/program files (x86)/atmel/atmel toolchain/arm gcc/native/4.8.1443/arm-gnu-toolchain/bin/../lib/gcc/arm-none-eabi/4.8.4/armv7-m\libgcc.a(bpabi.o)
 .ARM.attributes
                0x00000db9       0x1d c:/program files (x86)/atmel/atmel toolchain/arm gcc/native/4.8.1443/arm-gnu-toolchain/bin/../lib/gcc/arm-none-eabi/4.8.4/armv7-m\libgcc.a(_dvmd_tls.o)
 .ARM.attributes
                0x00000dd6       0x2d c:/program files (x86)/atmel/atmel toolchain/arm gcc/native/4.8.1443/arm-gnu-toolchain/bin/../lib/gcc/arm-none-eabi/4.8.4/armv7-m\libgcc.a(_divdi3.o)
 .ARM.attributes
                0x00000e03       0x2d c:/program files (x86)/atmel/atmel toolchain/arm gcc/native/4.8.1443/arm-gnu-toolchain/bin/../lib/gcc/arm-none-eabi/4.8.4/armv7-m\libgcc.a(_udivdi3.o)
 .ARM.attributes
                0x00000e30       0x1d c:/program files (x86)/atmel/atmel toolchain/arm gcc/native/4.8.1443/arm-gnu-toolchain/bin/../lib/gcc/arm-none-eabi/4.8.4/armv7-m/crtn.o

.comment        0x00000000       0x5b
 .comment       0x00000000       0x5b src/ADCCustom.o
                                 0x5c (size before relaxing)
 .comment       0x00000000       0x5c src/ASF/common/utils/stdio/read.o
 .comment       0x00000000       0x5c src/ASF/sam/drivers/adc/adc.o
 .comment       0x00000000       0x5c src/ASF/sam/drivers/usart/usart.o
 .comment       0x00000000       0x5c src/allVariables.o
 .comment       0x00000000       0x5c src/PIDSet.o
 .comment       0x00000000       0x5c src/PWMSet.o
 .comment       0x00000000       0x5c src/UARTSet.o
 .comment       0x00000000       0x5c src/ASF/thirdparty/freertos/freertos-7.3.0/source/list.o
 .comment       0x00000000       0x5c src/ASF/thirdparty/freertos/freertos-7.3.0/source/portable/gcc/sam/port.o
 .comment       0x00000000       0x5c src/ASF/thirdparty/freertos/freertos-7.3.0/source/portable/memmang/heap_4.o
 .comment       0x00000000       0x5c src/ASF/thirdparty/freertos/freertos-7.3.0/source/queue.o
 .comment       0x00000000       0x5c src/ASF/thirdparty/freertos/freertos-7.3.0/source/tasks.o
 .comment       0x00000000       0x5c src/ASF/thirdparty/freertos/freertos-7.3.0/source/timers.o
 .comment       0x00000000       0x5c src/ASF/common/utils/stdio/write.o
 .comment       0x00000000       0x5c src/ASF/sam/drivers/pwm/pwm.o
 .comment       0x00000000       0x5c src/ASF/sam/drivers/uart/uart.o
 .comment       0x00000000       0x5c src/ASF/common/services/clock/sam3x/sysclk.o
 .comment       0x00000000       0x5c src/ASF/sam/boards/arduino_due_x/init.o
 .comment       0x00000000       0x5c src/ASF/sam/drivers/pio/pio.o
 .comment       0x00000000       0x5c src/ASF/sam/drivers/pio/pio_handler.o
 .comment       0x00000000       0x5c src/ASF/sam/drivers/pmc/pmc.o
 .comment       0x00000000       0x5c src/ASF/sam/utils/cmsis/sam3x/source/templates/exceptions.o
 .comment       0x00000000       0x5c src/ASF/sam/utils/cmsis/sam3x/source/templates/gcc/startup_sam3x.o
 .comment       0x00000000       0x5c src/ASF/sam/utils/cmsis/sam3x/source/templates/system_sam3x.o
 .comment       0x00000000       0x5c src/ASF/sam/utils/syscalls/gcc/syscalls.o
 .comment       0x00000000       0x5c src/main.o

.debug_info     0x00000000    0x14cf3
 .debug_info    0x00000000     0x1135 src/ADCCustom.o
 .debug_info    0x00001135      0x1bb src/ASF/common/utils/stdio/read.o
 .debug_info    0x000012f0     0x1196 src/ASF/sam/drivers/adc/adc.o
 .debug_info    0x00002486     0x1bfa src/ASF/sam/drivers/usart/usart.o
 .debug_info    0x00004080      0xd4a src/allVariables.o
 .debug_info    0x00004dca      0xe7a src/PIDSet.o
 .debug_info    0x00005c44     0x193b src/PWMSet.o
 .debug_info    0x0000757f     0x1e18 src/UARTSet.o
 .debug_info    0x00009397      0x2b7 src/ASF/thirdparty/freertos/freertos-7.3.0/source/list.o
 .debug_info    0x0000964e      0x3a0 src/ASF/thirdparty/freertos/freertos-7.3.0/source/portable/gcc/sam/port.o
 .debug_info    0x000099ee      0x38d src/ASF/thirdparty/freertos/freertos-7.3.0/source/portable/memmang/heap_4.o
 .debug_info    0x00009d7b      0xea7 src/ASF/thirdparty/freertos/freertos-7.3.0/source/queue.o
 .debug_info    0x0000ac22     0x178e src/ASF/thirdparty/freertos/freertos-7.3.0/source/tasks.o
 .debug_info    0x0000c3b0      0xb44 src/ASF/thirdparty/freertos/freertos-7.3.0/source/timers.o
 .debug_info    0x0000cef4      0x1c0 src/ASF/common/utils/stdio/write.o
 .debug_info    0x0000d0b4     0x157e src/ASF/sam/drivers/pwm/pwm.o
 .debug_info    0x0000e632      0x889 src/ASF/sam/drivers/uart/uart.o
 .debug_info    0x0000eebb      0x796 src/ASF/common/services/clock/sam3x/sysclk.o
 .debug_info    0x0000f651      0x7c3 src/ASF/sam/boards/arduino_due_x/init.o
 .debug_info    0x0000fe14     0x1385 src/ASF/sam/drivers/pio/pio.o
 .debug_info    0x00011199      0xe52 src/ASF/sam/drivers/pio/pio_handler.o
 .debug_info    0x00011feb     0x1080 src/ASF/sam/drivers/pmc/pmc.o
 .debug_info    0x0001306b      0x124 src/ASF/sam/utils/cmsis/sam3x/source/templates/exceptions.o
 .debug_info    0x0001318f      0x3bd src/ASF/sam/utils/cmsis/sam3x/source/templates/gcc/startup_sam3x.o
 .debug_info    0x0001354c      0x4c6 src/ASF/sam/utils/cmsis/sam3x/source/templates/system_sam3x.o
 .debug_info    0x00013a12      0x43f src/ASF/sam/utils/syscalls/gcc/syscalls.o
 .debug_info    0x00013e51      0xea2 src/main.o

.debug_abbrev   0x00000000     0x3740
 .debug_abbrev  0x00000000      0x26d src/ADCCustom.o
 .debug_abbrev  0x0000026d      0x101 src/ASF/common/utils/stdio/read.o
 .debug_abbrev  0x0000036e      0x235 src/ASF/sam/drivers/adc/adc.o
 .debug_abbrev  0x000005a3      0x325 src/ASF/sam/drivers/usart/usart.o
 .debug_abbrev  0x000008c8      0x1ba src/allVariables.o
 .debug_abbrev  0x00000a82      0x264 src/PIDSet.o
 .debug_abbrev  0x00000ce6      0x30a src/PWMSet.o
 .debug_abbrev  0x00000ff0      0x3f4 src/UARTSet.o
 .debug_abbrev  0x000013e4       0xfb src/ASF/thirdparty/freertos/freertos-7.3.0/source/list.o
 .debug_abbrev  0x000014df      0x246 src/ASF/thirdparty/freertos/freertos-7.3.0/source/portable/gcc/sam/port.o
 .debug_abbrev  0x00001725      0x220 src/ASF/thirdparty/freertos/freertos-7.3.0/source/portable/memmang/heap_4.o
 .debug_abbrev  0x00001945      0x231 src/ASF/thirdparty/freertos/freertos-7.3.0/source/queue.o
 .debug_abbrev  0x00001b76      0x2e0 src/ASF/thirdparty/freertos/freertos-7.3.0/source/tasks.o
 .debug_abbrev  0x00001e56      0x261 src/ASF/thirdparty/freertos/freertos-7.3.0/source/timers.o
 .debug_abbrev  0x000020b7       0xf5 src/ASF/common/utils/stdio/write.o
 .debug_abbrev  0x000021ac      0x231 src/ASF/sam/drivers/pwm/pwm.o
 .debug_abbrev  0x000023dd      0x1bd src/ASF/sam/drivers/uart/uart.o
 .debug_abbrev  0x0000259a      0x227 src/ASF/common/services/clock/sam3x/sysclk.o
 .debug_abbrev  0x000027c1      0x16f src/ASF/sam/boards/arduino_due_x/init.o
 .debug_abbrev  0x00002930      0x2d5 src/ASF/sam/drivers/pio/pio.o
 .debug_abbrev  0x00002c05      0x257 src/ASF/sam/drivers/pio/pio_handler.o
 .debug_abbrev  0x00002e5c      0x268 src/ASF/sam/drivers/pmc/pmc.o
 .debug_abbrev  0x000030c4       0x8c src/ASF/sam/utils/cmsis/sam3x/source/templates/exceptions.o
 .debug_abbrev  0x00003150      0x118 src/ASF/sam/utils/cmsis/sam3x/source/templates/gcc/startup_sam3x.o
 .debug_abbrev  0x00003268      0x115 src/ASF/sam/utils/cmsis/sam3x/source/templates/system_sam3x.o
 .debug_abbrev  0x0000337d      0x14e src/ASF/sam/utils/syscalls/gcc/syscalls.o
 .debug_abbrev  0x000034cb      0x275 src/main.o

.debug_loc      0x00000000     0x86e9
 .debug_loc     0x00000000       0x40 src/ADCCustom.o
 .debug_loc     0x00000040       0xc5 src/ASF/common/utils/stdio/read.o
 .debug_loc     0x00000105      0x980 src/ASF/sam/drivers/adc/adc.o
 .debug_loc     0x00000a85     0x128d src/ASF/sam/drivers/usart/usart.o
 .debug_loc     0x00001d12      0x120 src/PIDSet.o
 .debug_loc     0x00001e32       0x78 src/PWMSet.o
 .debug_loc     0x00001eaa      0x324 src/UARTSet.o
 .debug_loc     0x000021ce       0x91 src/ASF/thirdparty/freertos/freertos-7.3.0/source/list.o
 .debug_loc     0x0000225f      0x100 src/ASF/thirdparty/freertos/freertos-7.3.0/source/portable/gcc/sam/port.o
 .debug_loc     0x0000235f      0x371 src/ASF/thirdparty/freertos/freertos-7.3.0/source/portable/memmang/heap_4.o
 .debug_loc     0x000026d0     0x10da src/ASF/thirdparty/freertos/freertos-7.3.0/source/queue.o
 .debug_loc     0x000037aa     0x1545 src/ASF/thirdparty/freertos/freertos-7.3.0/source/tasks.o
 .debug_loc     0x00004cef      0x9a4 src/ASF/thirdparty/freertos/freertos-7.3.0/source/timers.o
 .debug_loc     0x00005693      0x161 src/ASF/common/utils/stdio/write.o
 .debug_loc     0x000057f4      0xd48 src/ASF/sam/drivers/pwm/pwm.o
 .debug_loc     0x0000653c      0x236 src/ASF/sam/drivers/uart/uart.o
 .debug_loc     0x00006772      0x12d src/ASF/common/services/clock/sam3x/sysclk.o
 .debug_loc     0x0000689f       0x20 src/ASF/sam/boards/arduino_due_x/init.o
 .debug_loc     0x000068bf      0xa83 src/ASF/sam/drivers/pio/pio.o
 .debug_loc     0x00007342      0x53d src/ASF/sam/drivers/pio/pio_handler.o
 .debug_loc     0x0000787f      0xc95 src/ASF/sam/drivers/pmc/pmc.o
 .debug_loc     0x00008514       0x7e src/ASF/sam/utils/cmsis/sam3x/source/templates/gcc/startup_sam3x.o
 .debug_loc     0x00008592      0x12b src/ASF/sam/utils/syscalls/gcc/syscalls.o
 .debug_loc     0x000086bd       0x2c src/main.o

.debug_aranges  0x00000000      0xfc8
 .debug_aranges
                0x00000000       0x28 src/ADCCustom.o
 .debug_aranges
                0x00000028       0x20 src/ASF/common/utils/stdio/read.o
 .debug_aranges
                0x00000048      0x178 src/ASF/sam/drivers/adc/adc.o
 .debug_aranges
                0x000001c0      0x2a8 src/ASF/sam/drivers/usart/usart.o
 .debug_aranges
                0x00000468       0x18 src/allVariables.o
 .debug_aranges
                0x00000480       0x28 src/PIDSet.o
 .debug_aranges
                0x000004a8       0x30 src/PWMSet.o
 .debug_aranges
                0x000004d8       0x48 src/UARTSet.o
 .debug_aranges
                0x00000520       0x40 src/ASF/thirdparty/freertos/freertos-7.3.0/source/list.o
 .debug_aranges
                0x00000560       0x80 src/ASF/thirdparty/freertos/freertos-7.3.0/source/portable/gcc/sam/port.o
 .debug_aranges
                0x000005e0       0x40 src/ASF/thirdparty/freertos/freertos-7.3.0/source/portable/memmang/heap_4.o
 .debug_aranges
                0x00000620       0xc8 src/ASF/thirdparty/freertos/freertos-7.3.0/source/queue.o
 .debug_aranges
                0x000006e8      0x130 src/ASF/thirdparty/freertos/freertos-7.3.0/source/tasks.o
 .debug_aranges
                0x00000818       0x60 src/ASF/thirdparty/freertos/freertos-7.3.0/source/timers.o
 .debug_aranges
                0x00000878       0x20 src/ASF/common/utils/stdio/write.o
 .debug_aranges
                0x00000898      0x158 src/ASF/sam/drivers/pwm/pwm.o
 .debug_aranges
                0x000009f0       0xe8 src/ASF/sam/drivers/uart/uart.o
 .debug_aranges
                0x00000ad8       0x40 src/ASF/common/services/clock/sam3x/sysclk.o
 .debug_aranges
                0x00000b18       0x20 src/ASF/sam/boards/arduino_due_x/init.o
 .debug_aranges
                0x00000b38      0x148 src/ASF/sam/drivers/pio/pio.o
 .debug_aranges
                0x00000c80       0x58 src/ASF/sam/drivers/pio/pio_handler.o
 .debug_aranges
                0x00000cd8      0x200 src/ASF/sam/drivers/pmc/pmc.o
 .debug_aranges
                0x00000ed8       0x20 src/ASF/sam/utils/cmsis/sam3x/source/templates/exceptions.o
 .debug_aranges
                0x00000ef8       0x20 src/ASF/sam/utils/cmsis/sam3x/source/templates/gcc/startup_sam3x.o
 .debug_aranges
                0x00000f18       0x30 src/ASF/sam/utils/cmsis/sam3x/source/templates/system_sam3x.o
 .debug_aranges
                0x00000f48       0x60 src/ASF/sam/utils/syscalls/gcc/syscalls.o
 .debug_aranges
                0x00000fa8       0x20 src/main.o

.debug_ranges   0x00000000      0xec8
 .debug_ranges  0x00000000       0x18 src/ADCCustom.o
 .debug_ranges  0x00000018       0x10 src/ASF/common/utils/stdio/read.o
 .debug_ranges  0x00000028      0x168 src/ASF/sam/drivers/adc/adc.o
 .debug_ranges  0x00000190      0x298 src/ASF/sam/drivers/usart/usart.o
 .debug_ranges  0x00000428       0x18 src/PIDSet.o
 .debug_ranges  0x00000440       0x20 src/PWMSet.o
 .debug_ranges  0x00000460       0x50 src/UARTSet.o
 .debug_ranges  0x000004b0       0x30 src/ASF/thirdparty/freertos/freertos-7.3.0/source/list.o
 .debug_ranges  0x000004e0       0x70 src/ASF/thirdparty/freertos/freertos-7.3.0/source/portable/gcc/sam/port.o
 .debug_ranges  0x00000550       0x30 src/ASF/thirdparty/freertos/freertos-7.3.0/source/portable/memmang/heap_4.o
 .debug_ranges  0x00000580       0xb8 src/ASF/thirdparty/freertos/freertos-7.3.0/source/queue.o
 .debug_ranges  0x00000638      0x168 src/ASF/thirdparty/freertos/freertos-7.3.0/source/tasks.o
 .debug_ranges  0x000007a0       0xa8 src/ASF/thirdparty/freertos/freertos-7.3.0/source/timers.o
 .debug_ranges  0x00000848       0x10 src/ASF/common/utils/stdio/write.o
 .debug_ranges  0x00000858      0x148 src/ASF/sam/drivers/pwm/pwm.o
 .debug_ranges  0x000009a0       0xd8 src/ASF/sam/drivers/uart/uart.o
 .debug_ranges  0x00000a78       0x30 src/ASF/common/services/clock/sam3x/sysclk.o
 .debug_ranges  0x00000aa8       0x10 src/ASF/sam/boards/arduino_due_x/init.o
 .debug_ranges  0x00000ab8      0x138 src/ASF/sam/drivers/pio/pio.o
 .debug_ranges  0x00000bf0       0x48 src/ASF/sam/drivers/pio/pio_handler.o
 .debug_ranges  0x00000c38      0x1f0 src/ASF/sam/drivers/pmc/pmc.o
 .debug_ranges  0x00000e28       0x10 src/ASF/sam/utils/cmsis/sam3x/source/templates/exceptions.o
 .debug_ranges  0x00000e38       0x10 src/ASF/sam/utils/cmsis/sam3x/source/templates/gcc/startup_sam3x.o
 .debug_ranges  0x00000e48       0x20 src/ASF/sam/utils/cmsis/sam3x/source/templates/system_sam3x.o
 .debug_ranges  0x00000e68       0x50 src/ASF/sam/utils/syscalls/gcc/syscalls.o
 .debug_ranges  0x00000eb8       0x10 src/main.o

.debug_macro    0x00000000    0x1afc4
 .debug_macro   0x00000000      0x6ef src/ADCCustom.o
 .debug_macro   0x000006ef      0x87a src/ADCCustom.o
 .debug_macro   0x00000f69      0x166 src/ADCCustom.o
 .debug_macro   0x000010cf      0x636 src/ADCCustom.o
 .debug_macro   0x00001705       0x76 src/ADCCustom.o
 .debug_macro   0x0000177b       0x16 src/ADCCustom.o
 .debug_macro   0x00001791      0x6e4 src/ADCCustom.o
 .debug_macro   0x00001e75       0x16 src/ADCCustom.o
 .debug_macro   0x00001e8b       0x44 src/ADCCustom.o
 .debug_macro   0x00001ecf      0x209 src/ADCCustom.o
 .debug_macro   0x000020d8       0x20 src/ADCCustom.o
 .debug_macro   0x000020f8       0x3a src/ADCCustom.o
 .debug_macro   0x00002132       0x2d src/ADCCustom.o
 .debug_macro   0x0000215f      0xbb1 src/ADCCustom.o
 .debug_macro   0x00002d10      0xab6 src/ADCCustom.o
 .debug_macro   0x000037c6      0x569 src/ADCCustom.o
 .debug_macro   0x00003d2f      0x2b5 src/ADCCustom.o
 .debug_macro   0x00003fe4      0x31a src/ADCCustom.o
 .debug_macro   0x000042fe      0x74f src/ADCCustom.o
 .debug_macro   0x00004a4d       0x82 src/ADCCustom.o
 .debug_macro   0x00004acf      0x57b src/ADCCustom.o
 .debug_macro   0x0000504a       0x1c src/ADCCustom.o
 .debug_macro   0x00005066      0x6b7 src/ADCCustom.o
 .debug_macro   0x0000571d      0x52d src/ADCCustom.o
 .debug_macro   0x00005c4a       0xbe src/ADCCustom.o
 .debug_macro   0x00005d08     0x2342 src/ADCCustom.o
 .debug_macro   0x0000804a      0x85d src/ADCCustom.o
 .debug_macro   0x000088a7      0xdc9 src/ADCCustom.o
 .debug_macro   0x00009670       0x7c src/ADCCustom.o
 .debug_macro   0x000096ec      0x263 src/ADCCustom.o
 .debug_macro   0x0000994f       0x58 src/ADCCustom.o
 .debug_macro   0x000099a7      0x9a7 src/ADCCustom.o
 .debug_macro   0x0000a34e      0x248 src/ADCCustom.o
 .debug_macro   0x0000a596      0x4df src/ADCCustom.o
 .debug_macro   0x0000aa75      0x6b3 src/ADCCustom.o
 .debug_macro   0x0000b128      0x59f src/ADCCustom.o
 .debug_macro   0x0000b6c7       0x46 src/ADCCustom.o
 .debug_macro   0x0000b70d      0x34d src/ADCCustom.o
 .debug_macro   0x0000ba5a      0x28c src/ADCCustom.o
 .debug_macro   0x0000bce6     0x14d7 src/ADCCustom.o
 .debug_macro   0x0000d1bd      0x7ba src/ADCCustom.o
 .debug_macro   0x0000d977       0x76 src/ADCCustom.o
 .debug_macro   0x0000d9ed       0x82 src/ADCCustom.o
 .debug_macro   0x0000da6f       0x76 src/ADCCustom.o
 .debug_macro   0x0000dae5       0x4c src/ADCCustom.o
 .debug_macro   0x0000db31      0x105 src/ADCCustom.o
 .debug_macro   0x0000dc36      0x105 src/ADCCustom.o
 .debug_macro   0x0000dd3b      0x105 src/ADCCustom.o
 .debug_macro   0x0000de40       0x88 src/ADCCustom.o
 .debug_macro   0x0000dec8       0x88 src/ADCCustom.o
 .debug_macro   0x0000df50      0x3b4 src/ADCCustom.o
 .debug_macro   0x0000e304       0xb8 src/ADCCustom.o
 .debug_macro   0x0000e3bc       0xb8 src/ADCCustom.o
 .debug_macro   0x0000e474       0xb8 src/ADCCustom.o
 .debug_macro   0x0000e52c       0xb8 src/ADCCustom.o
 .debug_macro   0x0000e5e4      0x2b8 src/ADCCustom.o
 .debug_macro   0x0000e89c      0x125 src/ADCCustom.o
 .debug_macro   0x0000e9c1      0x225 src/ADCCustom.o
 .debug_macro   0x0000ebe6      0x225 src/ADCCustom.o
 .debug_macro   0x0000ee0b       0x2e src/ADCCustom.o
 .debug_macro   0x0000ee39       0xac src/ADCCustom.o
 .debug_macro   0x0000eee5      0x14d src/ADCCustom.o
 .debug_macro   0x0000f032       0x7c src/ADCCustom.o
 .debug_macro   0x0000f0ae      0x205 src/ADCCustom.o
 .debug_macro   0x0000f2b3       0x64 src/ADCCustom.o
 .debug_macro   0x0000f317       0xa6 src/ADCCustom.o