Archive member included because of file (symbol)

c:/program files (x86)/atmel/studio/7.0/toolchain/arm/arm-gnu-toolchain/bin/../lib/gcc/arm-none-eabi/4.9.3/armv7-m\libgcc.a(_arm_addsubdf3.o)
                              src/ReglStyr.o (__aeabi_dadd)
c:/program files (x86)/atmel/studio/7.0/toolchain/arm/arm-gnu-toolchain/bin/../lib/gcc/arm-none-eabi/4.9.3/armv7-m\libgcc.a(_arm_muldivdf3.o)
                              src/ReglStyr.o (__aeabi_dmul)
c:/program files (x86)/atmel/studio/7.0/toolchain/arm/arm-gnu-toolchain/bin/../lib/gcc/arm-none-eabi/4.9.3/armv7-m\libgcc.a(_arm_cmpdf2.o)
                              src/ReglStyr.o (__aeabi_dcmpeq)
c:/program files (x86)/atmel/studio/7.0/toolchain/arm/arm-gnu-toolchain/bin/../lib/gcc/arm-none-eabi/4.9.3/armv7-m\libgcc.a(_arm_fixdfsi.o)
                              src/ReglStyr.o (__aeabi_d2iz)
c:/program files (x86)/atmel/studio/7.0/toolchain/arm/arm-gnu-toolchain/bin/../lib/gcc/arm-none-eabi/4.9.3/../../../../arm-none-eabi/lib/armv7-m\libc.a(lib_a-exit.o)
                              c:/program files (x86)/atmel/studio/7.0/toolchain/arm/arm-gnu-toolchain/bin/../lib/gcc/arm-none-eabi/4.9.3/../../../../arm-none-eabi/lib/armv7-m/crt0.o (exit)
c:/program files (x86)/atmel/studio/7.0/toolchain/arm/arm-gnu-toolchain/bin/../lib/gcc/arm-none-eabi/4.9.3/../../../../arm-none-eabi/lib/armv7-m\libc.a(lib_a-impure.o)
                              c:/program files (x86)/atmel/studio/7.0/toolchain/arm/arm-gnu-toolchain/bin/../lib/gcc/arm-none-eabi/4.9.3/../../../../arm-none-eabi/lib/armv7-m\libc.a(lib_a-exit.o) (_global_impure_ptr)
c:/program files (x86)/atmel/studio/7.0/toolchain/arm/arm-gnu-toolchain/bin/../lib/gcc/arm-none-eabi/4.9.3/../../../../arm-none-eabi/lib/armv7-m\libc.a(lib_a-init.o)
                              c:/program files (x86)/atmel/studio/7.0/toolchain/arm/arm-gnu-toolchain/bin/../lib/gcc/arm-none-eabi/4.9.3/../../../../arm-none-eabi/lib/armv7-m/crt0.o (__libc_init_array)
c:/program files (x86)/atmel/studio/7.0/toolchain/arm/arm-gnu-toolchain/bin/../lib/gcc/arm-none-eabi/4.9.3/../../../../arm-none-eabi/lib/armv7-m\libc.a(lib_a-iprintf.o)
                              src/ASF/sam/drivers/adc/adc.o (iprintf)
c:/program files (x86)/atmel/studio/7.0/toolchain/arm/arm-gnu-toolchain/bin/../lib/gcc/arm-none-eabi/4.9.3/../../../../arm-none-eabi/lib/armv7-m\libc.a(lib_a-memcpy.o)
                              src/ASF/thirdparty/freertos/freertos-7.3.0/source/queue.o (memcpy)
c:/program files (x86)/atmel/studio/7.0/toolchain/arm/arm-gnu-toolchain/bin/../lib/gcc/arm-none-eabi/4.9.3/../../../../arm-none-eabi/lib/armv7-m\libc.a(lib_a-memset.o)
                              c:/program files (x86)/atmel/studio/7.0/toolchain/arm/arm-gnu-toolchain/bin/../lib/gcc/arm-none-eabi/4.9.3/../../../../arm-none-eabi/lib/armv7-m/crt0.o (memset)
c:/program files (x86)/atmel/studio/7.0/toolchain/arm/arm-gnu-toolchain/bin/../lib/gcc/arm-none-eabi/4.9.3/../../../../arm-none-eabi/lib/armv7-m\libc.a(lib_a-puts.o)
                              src/ASF/sam/drivers/adc/adc.o (puts)
c:/program files (x86)/atmel/studio/7.0/toolchain/arm/arm-gnu-toolchain/bin/../lib/gcc/arm-none-eabi/4.9.3/../../../../arm-none-eabi/lib/armv7-m\libc.a(lib_a-setbuf.o)
                              src/UARTSet.o (setbuf)
c:/program files (x86)/atmel/studio/7.0/toolchain/arm/arm-gnu-toolchain/bin/../lib/gcc/arm-none-eabi/4.9.3/../../../../arm-none-eabi/lib/armv7-m\libc.a(lib_a-setvbuf.o)
                              c:/program files (x86)/atmel/studio/7.0/toolchain/arm/arm-gnu-toolchain/bin/../lib/gcc/arm-none-eabi/4.9.3/../../../../arm-none-eabi/lib/armv7-m\libc.a(lib_a-setbuf.o) (setvbuf)
c:/program files (x86)/atmel/studio/7.0/toolchain/arm/arm-gnu-toolchain/bin/../lib/gcc/arm-none-eabi/4.9.3/../../../../arm-none-eabi/lib/armv7-m\libc.a(lib_a-sprintf.o)
                              src/ASF/thirdparty/freertos/freertos-7.3.0/source/tasks.o (sprintf)
c:/program files (x86)/atmel/studio/7.0/toolchain/arm/arm-gnu-toolchain/bin/../lib/gcc/arm-none-eabi/4.9.3/../../../../arm-none-eabi/lib/armv7-m\libc.a(lib_a-strcat.o)
                              src/ASF/thirdparty/freertos/freertos-7.3.0/source/tasks.o (strcat)
c:/program files (x86)/atmel/studio/7.0/toolchain/arm/arm-gnu-toolchain/bin/../lib/gcc/arm-none-eabi/4.9.3/../../../../arm-none-eabi/lib/armv7-m\libc.a(lib_a-strcpy.o)
                              c:/program files (x86)/atmel/studio/7.0/toolchain/arm/arm-gnu-toolchain/bin/../lib/gcc/arm-none-eabi/4.9.3/../../../../arm-none-eabi/lib/armv7-m\libc.a(lib_a-strcat.o) (strcpy)
c:/program files (x86)/atmel/studio/7.0/toolchain/arm/arm-gnu-toolchain/bin/../lib/gcc/arm-none-eabi/4.9.3/../../../../arm-none-eabi/lib/armv7-m\libc.a(lib_a-strlen.o)
                              src/ASF/thirdparty/freertos/freertos-7.3.0/source/FreeRTOS_CLI.o (strlen)
[...]
Memory Configuration

Name             Origin             Length             Attributes
rom              0x00080000         0x00080000         xr
sram0            0x20000000         0x00010000         xrw
sram1            0x20080000         0x00008000         xrw
ram              0x20070000         0x00018000         xrw
*default*        0x00000000         0xffffffff

Linker script and memory map

LOAD c:/program files (x86)/atmel/studio/7.0/toolchain/arm/arm-gnu-toolchain/bin/../lib/gcc/arm-none-eabi/4.9.3/armv7-m/crti.o
LOAD c:/program files (x86)/atmel/studio/7.0/toolchain/arm/arm-gnu-toolchain/bin/../lib/gcc/arm-none-eabi/4.9.3/armv7-m/crtbegin.o
LOAD c:/program files (x86)/atmel/studio/7.0/toolchain/arm/arm-gnu-toolchain/bin/../lib/gcc/arm-none-eabi/4.9.3/../../../../arm-none-eabi/lib/armv7-m/crt0.o
LOAD src/ADCSet.o
LOAD src/ASF/common/utils/stdio/read.o
LOAD src/ASF/sam/drivers/adc/adc.o
LOAD src/ASF/sam/drivers/usart/usart.o
LOAD src/ASF/thirdparty/freertos/freertos-7.3.0/source/FreeRTOS_CLI.o
LOAD src/allVariables.o
LOAD src/ReglStyr.o
LOAD src/UARTSet.o
LOAD src/ASF/thirdparty/freertos/freertos-7.3.0/source/list.o
LOAD src/ASF/thirdparty/freertos/freertos-7.3.0/source/portable/gcc/sam/port.o
LOAD src/ASF/thirdparty/freertos/freertos-7.3.0/source/portable/memmang/heap_4.o
LOAD src/ASF/thirdparty/freertos/freertos-7.3.0/source/queue.o
LOAD src/ASF/thirdparty/freertos/freertos-7.3.0/source/tasks.o
LOAD src/ASF/thirdparty/freertos/freertos-7.3.0/source/timers.o
LOAD src/ASF/sam/drivers/adc/adc_sam3u.o
LOAD src/ASF/common/utils/stdio/write.o
LOAD src/ASF/common/services/serial/usart_serial.o
LOAD src/ASF/common/services/delay/sam/cycle_counter.o
LOAD src/ASF/sam/drivers/pwm/pwm.o
LOAD src/ASF/sam/drivers/tc/tc.o
LOAD src/ASF/sam/drivers/uart/uart.o
LOAD src/ASF/common/services/clock/sam3x/sysclk.o
LOAD src/ASF/common/utils/interrupt/interrupt_sam_nvic.o
LOAD src/ASF/sam/boards/arduino_due_x/init.o
LOAD src/ASF/sam/drivers/pio/pio.o
LOAD src/ASF/sam/drivers/pio/pio_handler.o
LOAD src/ASF/sam/drivers/pmc/pmc.o
LOAD src/ASF/sam/drivers/pmc/sleep.o
LOAD src/ASF/sam/utils/cmsis/sam3x/source/templates/exceptions.o
LOAD src/ASF/sam/utils/cmsis/sam3x/source/templates/gcc/startup_sam3x.o
LOAD src/ASF/sam/utils/cmsis/sam3x/source/templates/system_sam3x.o
LOAD src/ASF/sam/utils/syscalls/gcc/syscalls.o
LOAD src/main.o
START GROUP
LOAD ../src/ASF/thirdparty/CMSIS/Lib/GCC\libarm_cortexM3l_math.a
LOAD c:/program files (x86)/atmel/studio/7.0/toolchain/arm/arm-gnu-toolchain/bin/../lib/gcc/arm-none-eabi/4.9.3/../../../../arm-none-eabi/lib/armv7-m\libm.a
END GROUP
START GROUP
LOAD c:/program files (x86)/atmel/studio/7.0/toolchain/arm/arm-gnu-toolchain/bin/../lib/gcc/arm-none-eabi/4.9.3/armv7-m\libgcc.a
LOAD c:/program files (x86)/atmel/studio/7.0/toolchain/arm/arm-gnu-toolchain/bin/../lib/gcc/arm-none-eabi/4.9.3/../../../../arm-none-eabi/lib/armv7-m\libc.a
END GROUP
LOAD c:/program files (x86)/atmel/studio/7.0/toolchain/arm/arm-gnu-toolchain/bin/../lib/gcc/arm-none-eabi/4.9.3/armv7-m/crtend.o
LOAD c:/program files (x86)/atmel/studio/7.0/toolchain/arm/arm-gnu-toolchain/bin/../lib/gcc/arm-none-eabi/4.9.3/armv7-m/crtn.o
                0x00002000                __stack_size__ = DEFINED (__stack_size__)?__stack_size__:0x2000
                0x20087ffc                __ram_end__ = ((ORIGIN (ram) + 0x18000) - 0x4)

.text           0x00080000     0x6584
                0x00080000                . = ALIGN (0x4)
                0x00080000                _sfixed = .
 *(.vectors .vectors.*)
 .vectors       0x00080000       0xf4 src/ASF/sam/utils/cmsis/sam3x/source/templates/gcc/startup_sam3x.o
                0x00080000                exception_table
 *(.text .text.* .gnu.linkonce.t.*)
 .text          0x000800f4       0x5c c:/program files (x86)/atmel/studio/7.0/toolchain/arm/arm-gnu-toolchain/bin/../lib/gcc/arm-none-eabi/4.9.3/armv7-m/crtbegin.o
 .text.ADCSetup
                0x00080150       0x64 src/ADCSet.o
                0x00080150                ADCSetup
 .text.ADCReadSensor
                0x000801b4       0x30 src/ADCSet.o
                0x000801b4                ADCReadSensor
 .text._read    0x000801e4       0x40 src/ASF/common/utils/stdio/read.o
                0x000801e4                _read
 .text.adc_init
                0x00080224       0x34 src/ASF/sam/drivers/adc/adc.o
                0x00080224                adc_init
 .text.adc_set_resolution
                0x00080258       0x10 src/ASF/sam/drivers/adc/adc.o
                0x00080258                adc_set_resolution
 .text.adc_configure_trigger
                0x00080268       0x10 src/ASF/sam/drivers/adc/adc.o
                0x00080268                adc_configure_trigger
 .text.adc_configure_timing
                0x00080278       0x20 src/ASF/sam/drivers/adc/adc.o
                0x00080278                adc_configure_timing
 .text.adc_start
                0x00080298        0x8 src/ASF/sam/drivers/adc/adc.o
                0x00080298                adc_start
 .text.adc_enable_channel
                0x000802a0        0xc src/ASF/sam/drivers/adc/adc.o
                0x000802a0                adc_enable_channel
 .text.adc_get_latest_value
                0x000802ac        0x4 src/ASF/sam/drivers/adc/adc.o
                0x000802ac                adc_get_latest_value
 .text.adc_get_status
                0x000802b0        0x4 src/ASF/sam/drivers/adc/adc.o
                0x000802b0                adc_get_status
 .text.usart_write
                0x000802b4       0x14 src/ASF/sam/drivers/usart/usart.o
                0x000802b4                usart_write
 .text.usart_read
                0x000802c8       0x18 src/ASF/sam/drivers/usart/usart.o
                0x000802c8                usart_read
 .text.PWMSetup
                0x000802e0       0x70 src/ReglStyr.o
                0x000802e0                PWMSetup
 .text.PWMDutyCycle
                0x00080350       0x1c src/ReglStyr.o
                0x00080350                PWMDutyCycle
 *fill*         0x0008036c        0x4 
 .text.PIDReglering
                0x00080370      0x168 src/ReglStyr.o
                0x00080370                PIDReglering
 .text.PIDTask  0x000804d8       0x58 src/ReglStyr.o
                0x000804d8                PIDTask
 .text.shieldInit
                0x00080530       0x24 src/ReglStyr.o
                0x00080530                shieldInit
 .text.usart_serial_getchar
                0x00080554       0xa8 src/UARTSet.o
 .text.usart_serial_putchar
                0x000805fc       0x9c src/UARTSet.o
 .text.configure_console
                0x00080698       0x98 src/UARTSet.o
                0x00080698                configure_console
 .text.getPIDValues
                0x00080730      0x230 src/UARTSet.o
                0x00080730                getPIDValues
 .text.sendValues
                0x00080960       0x54 src/UARTSet.o
                0x00080960                sendValues
 .text.ComTask  0x000809b4       0x68 src/UARTSet.o
                0x000809b4                ComTask
 .text.vListInitialise
                0x00080a1c       0x18 src/ASF/thirdparty/freertos/freertos-7.3.0/source/list.o
                0x00080a1c                vListInitialise
 .text.vListInitialiseItem
                0x00080a34        0x8 src/ASF/thirdparty/freertos/freertos-7.3.0/source/list.o
                0x00080a34                vListInitialiseItem
 .text.vListInsertEnd
                0x00080a3c       0x1c src/ASF/thirdparty/freertos/freertos-7.3.0/source/list.o
                0x00080a3c                vListInsertEnd
 .text.vListInsert
                0x00080a58       0x44 src/ASF/thirdparty/freertos/freertos-7.3.0/source/list.o
                0x00080a58                vListInsert
 .text.uxListRemove
                0x00080a9c       0x28 src/ASF/thirdparty/freertos/freertos-7.3.0/source/list.o
                0x00080a9c                uxListRemove
 .text.prvPortStartFirstTask
                0x00080ac4       0x14 src/ASF/thirdparty/freertos/freertos-7.3.0/source/portable/gcc/sam/port.o
 .text.pxPortInitialiseStack
                0x00080ad8       0x1c src/ASF/thirdparty/freertos/freertos-7.3.0/source/portable/gcc/sam/port.o
                0x00080ad8                pxPortInitialiseStack
 .text.SVC_Handler
                0x00080af4       0x20 src/ASF/thirdparty/freertos/freertos-7.3.0/source/portable/gcc/sam/port.o
                0x00080af4                SVC_Handler
 .text.vPortYieldFromISR
                0x00080b14       0x10 src/ASF/thirdparty/freertos/freertos-7.3.0/source/portable/gcc/sam/port.o
                0x00080b14                vPortYieldFromISR
 .text.ulPortSetInterruptMask
                0x00080b24       0x10 src/ASF/thirdparty/freertos/freertos-7.3.0/source/portable/gcc/sam/port.o
                0x00080b24                ulPortSetInterruptMask
 .text.vPortEnterCritical
                0x00080b34       0x18 src/ASF/thirdparty/freertos/freertos-7.3.0/source/portable/gcc/sam/port.o
                0x00080b34                vPortEnterCritical
 .text.vPortClearInterruptMask
                0x00080b4c        0x8 src/ASF/thirdparty/freertos/freertos-7.3.0/source/portable/gcc/sam/port.o
                0x00080b4c                vPortClearInterruptMask
 .text.vPortExitCritical
                0x00080b54       0x1c src/ASF/thirdparty/freertos/freertos-7.3.0/source/portable/gcc/sam/port.o
                0x00080b54                vPortExitCritical
 .text.PendSV_Handler
                0x00080b70       0x3c src/ASF/thirdparty/freertos/freertos-7.3.0/source/portable/gcc/sam/port.o
                0x00080b70                PendSV_Handler
 .text.SysTick_Handler
                0x00080bac       0x2c src/ASF/thirdparty/freertos/freertos-7.3.0/source/portable/gcc/sam/port.o
                0x00080bac                SysTick_Handler
 .text.vPortSetupTimerInterrupt
                0x00080bd8       0x18 src/ASF/thirdparty/freertos/freertos-7.3.0/source/portable/gcc/sam/port.o
                0x00080bd8                vPortSetupTimerInterrupt
 .text.xPortStartScheduler
                0x00080bf0       0x38 src/ASF/thirdparty/freertos/freertos-7.3.0/source/portable/gcc/sam/port.o
                0x00080bf0                xPortStartScheduler
 .text.prvInsertBlockIntoFreeList
                0x00080c28       0x58 src/ASF/thirdparty/freertos/freertos-7.3.0/source/portable/memmang/heap_4.o
 .text.pvPortMalloc
                0x00080c80       0xc4 src/ASF/thirdparty/freertos/freertos-7.3.0/source/portable/memmang/heap_4.o
                0x00080c80                pvPortMalloc
 .text.vPortFree
                0x00080d44       0x34 src/ASF/thirdparty/freertos/freertos-7.3.0/source/portable/memmang/heap_4.o
                0x00080d44                vPortFree
 .text.prvCopyDataToQueue
                0x00080d78       0x64 src/ASF/thirdparty/freertos/freertos-7.3.0/source/queue.o
 .text.prvCopyDataFromQueue
                0x00080ddc       0x28 src/ASF/thirdparty/freertos/freertos-7.3.0/source/queue.o
 .text.prvUnlockQueue
                0x00080e04       0x8c src/ASF/thirdparty/freertos/freertos-7.3.0/source/queue.o
 .text.xQueueGenericReset
                0x00080e90       0x7c src/ASF/thirdparty/freertos/freertos-7.3.0/source/queue.o
                0x00080e90                xQueueGenericReset
 .text.xQueueGenericCreate
                0x00080f0c       0x58 src/ASF/thirdparty/freertos/freertos-7.3.0/source/queue.o
                0x00080f0c                xQueueGenericCreate
 .text.xQueueGenericSend
                0x00080f64      0x124 src/ASF/thirdparty/freertos/freertos-7.3.0/source/queue.o
                0x00080f64                xQueueGenericSend
 .text.xQueueGenericSendFromISR
                0x00081088       0x90 src/ASF/thirdparty/freertos/freertos-7.3.0/source/queue.o
                0x00081088                xQueueGenericSendFromISR
 .text.xQueueGenericReceive
                0x00081118      0x164 src/ASF/thirdparty/freertos/freertos-7.3.0/source/queue.o
                0x00081118                xQueueGenericReceive
 .text.vQueueWaitForMessageRestricted
                0x0008127c       0x4c src/ASF/thirdparty/freertos/freertos-7.3.0/source/queue.o
                0x0008127c                vQueueWaitForMessageRestricted
 .text.prvAddCurrentTaskToDelayedList
                0x000812c8       0x5c src/ASF/thirdparty/freertos/freertos-7.3.0/source/tasks.o
 .text.xTaskGenericCreate
                0x00081324      0x208 src/ASF/thirdparty/freertos/freertos-7.3.0/source/tasks.o
                0x00081324                xTaskGenericCreate
 .text.vTaskStartScheduler
                0x0008152c       0x6c src/ASF/thirdparty/freertos/freertos-7.3.0/source/tasks.o
                0x0008152c                vTaskStartScheduler
 .text.vTaskSuspendAll
                0x00081598       0x10 src/ASF/thirdparty/freertos/freertos-7.3.0/source/tasks.o
                0x00081598                vTaskSuspendAll
 .text.xTaskGetTickCount
                0x000815a8       0x20 src/ASF/thirdparty/freertos/freertos-7.3.0/source/tasks.o
                0x000815a8                xTaskGetTickCount
 .text.vTaskIncrementTick
                0x000815c8      0x12c src/ASF/thirdparty/freertos/freertos-7.3.0/source/tasks.o
                0x000815c8                vTaskIncrementTick
 .text.xTaskResumeAll
                0x000816f4      0x108 src/ASF/thirdparty/freertos/freertos-7.3.0/source/tasks.o
                0x000816f4                xTaskResumeAll
 .text.vTaskDelayUntil
                0x000817fc       0x98 src/ASF/thirdparty/freertos/freertos-7.3.0/source/tasks.o
                0x000817fc                vTaskDelayUntil
 .text.vTaskDelay
                0x00081894       0x4c src/ASF/thirdparty/freertos/freertos-7.3.0/source/tasks.o
                0x00081894                vTaskDelay
 .text.prvIdleTask
                0x000818e0       0x84 src/ASF/thirdparty/freertos/freertos-7.3.0/source/tasks.o
 .text.vTaskSwitchContext
                0x00081964       0x90 src/ASF/thirdparty/freertos/freertos-7.3.0/source/tasks.o
                0x00081964                vTaskSwitchContext
 .text.vTaskPlaceOnEventList
                0x000819f4       0x64 src/ASF/thirdparty/freertos/freertos-7.3.0/source/tasks.o
                0x000819f4                vTaskPlaceOnEventList
 .text.vTaskPlaceOnEventListRestricted
                0x00081a58       0x48 src/ASF/thirdparty/freertos/freertos-7.3.0/source/tasks.o
                0x00081a58                vTaskPlaceOnEventListRestricted
 .text.xTaskRemoveFromEventList
                0x00081aa0       0x84 src/ASF/thirdparty/freertos/freertos-7.3.0/source/tasks.o
                0x00081aa0                xTaskRemoveFromEventList
 .text.vTaskSetTimeOutState
                0x00081b24       0x28 src/ASF/thirdparty/freertos/freertos-7.3.0/source/tasks.o
                0x00081b24                vTaskSetTimeOutState
 .text.xTaskCheckForTimeOut
                0x00081b4c       0x8c src/ASF/thirdparty/freertos/freertos-7.3.0/source/tasks.o
                0x00081b4c                xTaskCheckForTimeOut
 .text.vTaskMissedYield
                0x00081bd8        0xc src/ASF/thirdparty/freertos/freertos-7.3.0/source/tasks.o
                0x00081bd8                vTaskMissedYield
 .text.xTaskGetCurrentTaskHandle
                0x00081be4        0xc src/ASF/thirdparty/freertos/freertos-7.3.0/source/tasks.o
                0x00081be4                xTaskGetCurrentTaskHandle
 .text.xTaskGetSchedulerState
                0x00081bf0       0x20 src/ASF/thirdparty/freertos/freertos-7.3.0/source/tasks.o
                0x00081bf0                xTaskGetSchedulerState
 .text.vTaskPriorityInherit
                0x00081c10       0x7c src/ASF/thirdparty/freertos/freertos-7.3.0/source/tasks.o
                0x00081c10                vTaskPriorityInherit
 .text.vTaskPriorityDisinherit
                0x00081c8c       0x50 src/ASF/thirdparty/freertos/freertos-7.3.0/source/tasks.o
                0x00081c8c                vTaskPriorityDisinherit
 .text.prvInsertTimerInActiveList
                0x00081cdc       0x50 src/ASF/thirdparty/freertos/freertos-7.3.0/source/timers.o
 .text.prvCheckForValidListAndQueue
                0x00081d2c       0x5c src/ASF/thirdparty/freertos/freertos-7.3.0/source/timers.o
 .text.xTimerCreateTimerTask
                0x00081d88       0x4c src/ASF/thirdparty/freertos/freertos-7.3.0/source/timers.o
                0x00081d88                xTimerCreateTimerTask
 .text.xTimerGenericCommand
                0x00081dd4       0x58 src/ASF/thirdparty/freertos/freertos-7.3.0/source/timers.o
                0x00081dd4                xTimerGenericCommand
 .text.prvSampleTimeNow
                0x00081e2c       0xbc src/ASF/thirdparty/freertos/freertos-7.3.0/source/timers.o
 .text.prvTimerTask
                0x00081ee8      0x180 src/ASF/thirdparty/freertos/freertos-7.3.0/source/timers.o
 .text._write   0x00082068       0x54 src/ASF/common/utils/stdio/write.o
                0x00082068                _write
 .text.pwm_clocks_generate
                0x000820bc       0x58 src/ASF/sam/drivers/pwm/pwm.o
 .text.pwm_init
                0x00082114       0x40 src/ASF/sam/drivers/pwm/pwm.o
                0x00082114                pwm_init
 .text.pwm_channel_init
                0x00082154      0x104 src/ASF/sam/drivers/pwm/pwm.o
                0x00082154                pwm_channel_init
 .text.pwm_channel_update_duty
                0x00082258       0x24 src/ASF/sam/drivers/pwm/pwm.o
                0x00082258                pwm_channel_update_duty
 .text.pwm_channel_enable
                0x0008227c        0xc src/ASF/sam/drivers/pwm/pwm.o
                0x0008227c                pwm_channel_enable
 .text.pwm_channel_disable
                0x00082288        0xc src/ASF/sam/drivers/pwm/pwm.o
                0x00082288                pwm_channel_disable
 .text.uart_init
                0x00082294       0x38 src/ASF/sam/drivers/uart/uart.o
                0x00082294                uart_init
 .text.uart_is_rx_ready
                0x000822cc        0x8 src/ASF/sam/drivers/uart/uart.o
                0x000822cc                uart_is_rx_ready
 .text.uart_write
                0x000822d4       0x10 src/ASF/sam/drivers/uart/uart.o
                0x000822d4                uart_write
 .text.uart_read
                0x000822e4       0x14 src/ASF/sam/drivers/uart/uart.o
                0x000822e4                uart_read
 .text.sysclk_init
                0x000822f8       0x64 src/ASF/common/services/clock/sam3x/sysclk.o
                0x000822f8                sysclk_init
 .text.board_init
                0x0008235c       0xa0 src/ASF/sam/boards/arduino_due_x/init.o
                0x0008235c                board_init
 .text.pio_set_peripheral
                0x000823fc       0x40 src/ASF/sam/drivers/pio/pio.o
                0x000823fc                pio_set_peripheral
 .text.pio_set_input
                0x0008243c       0x34 src/ASF/sam/drivers/pio/pio.o
                0x0008243c                pio_set_input
 .text.pio_set_output
                0x00082470       0x28 src/ASF/sam/drivers/pio/pio.o
                0x00082470                pio_set_output
 .text.pio_get_interrupt_status
                0x00082498        0x4 src/ASF/sam/drivers/pio/pio.o
                0x00082498                pio_get_interrupt_status
 .text.pio_get_interrupt_mask
                0x0008249c        0x4 src/ASF/sam/drivers/pio/pio.o
                0x0008249c                pio_get_interrupt_mask
 .text.pio_configure_pin
                0x000824a0       0xd4 src/ASF/sam/drivers/pio/pio.o
                0x000824a0                pio_configure_pin
 .text.pio_configure_pin_group
                0x00082574       0xa0 src/ASF/sam/drivers/pio/pio.o
                0x00082574                pio_configure_pin_group
 .text.pio_handler_process
                0x00082614       0x58 src/ASF/sam/drivers/pio/pio_handler.o
                0x00082614                pio_handler_process
 .text.PIOA_Handler
                0x0008266c       0x14 src/ASF/sam/drivers/pio/pio_handler.o
                0x0008266c                PIOA_Handler
 .text.PIOB_Handler
                0x00082680       0x14 src/ASF/sam/drivers/pio/pio_handler.o
                0x00082680                PIOB_Handler
 .text.PIOC_Handler
                0x00082694       0x14 src/ASF/sam/drivers/pio/pio_handler.o
                0x00082694                PIOC_Handler
 .text.PIOD_Handler
                0x000826a8       0x14 src/ASF/sam/drivers/pio/pio_handler.o
                0x000826a8                PIOD_Handler
 .text.pmc_switch_mck_to_pllack
                0x000826bc       0x64 src/ASF/sam/drivers/pmc/pmc.o
                0x000826bc                pmc_switch_mck_to_pllack
 .text.pmc_switch_mainck_to_xtal
                0x00082720       0x54 src/ASF/sam/drivers/pmc/pmc.o
                0x00082720                pmc_switch_mainck_to_xtal
 .text.pmc_osc_is_ready_mainck
                0x00082774       0x10 src/ASF/sam/drivers/pmc/pmc.o
                0x00082774                pmc_osc_is_ready_mainck
 .text.pmc_disable_pllack
                0x00082784       0x10 src/ASF/sam/drivers/pmc/pmc.o
                0x00082784                pmc_disable_pllack
 .text.pmc_is_locked_pllack
                0x00082794       0x10 src/ASF/sam/drivers/pmc/pmc.o
                0x00082794                pmc_is_locked_pllack
 .text.pmc_enable_periph_clk
                0x000827a4       0x58 src/ASF/sam/drivers/pmc/pmc.o
                0x000827a4                pmc_enable_periph_clk
 .text.Dummy_Handler
                0x000827fc        0x4 src/ASF/sam/utils/cmsis/sam3x/source/templates/exceptions.o
                0x000827fc                DACC_Handler
                0x000827fc                DebugMon_Handler
                0x000827fc                DMAC_Handler
                0x000827fc                TRNG_Handler
                0x000827fc                HardFault_Handler
                0x000827fc                TC2_Handler
                0x000827fc                USART3_Handler
                0x000827fc                TWI1_Handler
                0x000827fc                NMI_Handler
                0x000827fc                TC7_Handler
                0x000827fc                ADC_Handler
                0x000827fc                SMC_Handler
                0x000827fc                USART0_Handler
                0x000827fc                RTT_Handler
                0x000827fc                EFC1_Handler
                0x000827fc                RTC_Handler
                0x000827fc                UsageFault_Handler
                0x000827fc                TC6_Handler
                0x000827fc                WDT_Handler
                0x000827fc                CAN0_Handler
                0x000827fc                TC4_Handler
                0x000827fc                TC1_Handler
                0x000827fc                HSMCI_Handler
                0x000827fc                TC3_Handler
                0x000827fc                Dummy_Handler
                0x000827fc                TWI0_Handler
                0x000827fc                USART1_Handler
                0x000827fc                SSC_Handler
                0x000827fc                EFC0_Handler
                0x000827fc                PMC_Handler
                0x000827fc                PWM_Handler
                0x000827fc                CAN1_Handler
                0x000827fc                MemManage_Handler
                0x000827fc                SUPC_Handler
                0x000827fc                TC8_Handler
                0x000827fc                USART2_Handler
                0x000827fc                EMAC_Handler
                0x000827fc                UART_Handler
                0x000827fc                BusFault_Handler
                0x000827fc                RSTC_Handler
                0x000827fc                TC0_Handler
                0x000827fc                TC5_Handler
                0x000827fc                UOTGHS_Handler
                0x000827fc                SPI0_Handler
 .text.Reset_Handler
                0x00082800       0xb0 src/ASF/sam/utils/cmsis/sam3x/source/templates/gcc/startup_sam3x.o
                0x00082800                Reset_Handler
 .text.SystemCoreClockUpdate
                0x000828b0      0x11c src/ASF/sam/utils/cmsis/sam3x/source/templates/system_sam3x.o
                0x000828b0                SystemCoreClockUpdate
 .text._sbrk    0x000829cc       0x34 src/ASF/sam/utils/syscalls/gcc/syscalls.o
                0x000829cc                _sbrk
 .text._close   0x00082a00        0x8 src/ASF/sam/utils/syscalls/gcc/syscalls.o
                0x00082a00                _close
 .text._fstat   0x00082a08        0xc src/ASF/sam/utils/syscalls/gcc/syscalls.o
                0x00082a08                _fstat
 .text._isatty  0x00082a14        0x4 src/ASF/sam/utils/syscalls/gcc/syscalls.o
                0x00082a14                _isatty
 .text._lseek   0x00082a18        0x4 src/ASF/sam/utils/syscalls/gcc/syscalls.o
                0x00082a18                _lseek
 .text.main     0x00082a1c       0xe8 src/main.o
                0x00082a1c                main
 .text          0x00082b04      0x370 c:/program files (x86)/atmel/studio/7.0/toolchain/arm/arm-gnu-toolchain/bin/../lib/gcc/arm-none-eabi/4.9.3/armv7-m\libgcc.a(_arm_addsubdf3.o)
                0x00082b04                __aeabi_drsub
                0x00082b0c                __aeabi_dsub
                0x00082b0c                __subdf3
                0x00082b10                __aeabi_dadd
                0x00082b10                __adddf3
                0x00082d88                __floatunsidf
                0x00082d88                __aeabi_ui2d
                0x00082da8                __floatsidf
                0x00082da8                __aeabi_i2d
                0x00082dcc                __aeabi_f2d
                0x00082dcc                __extendsfdf2
                0x00082e08                __floatundidf
                0x00082e08                __aeabi_ul2d
                0x00082e18                __floatdidf
                0x00082e18                __aeabi_l2d
 .text          0x00082e74      0x424 c:/program files (x86)/atmel/studio/7.0/toolchain/arm/arm-gnu-toolchain/bin/../lib/gcc/arm-none-eabi/4.9.3/armv7-m\libgcc.a(_arm_muldivdf3.o)
                0x00082e74                __aeabi_dmul
                0x00082e74                __muldf3
                0x000830c8                __divdf3
                0x000830c8                __aeabi_ddiv
 .text          0x00083298      0x110 c:/program files (x86)/atmel/studio/7.0/toolchain/arm/arm-gnu-toolchain/bin/../lib/gcc/arm-none-eabi/4.9.3/armv7-m\libgcc.a(_arm_cmpdf2.o)
                0x00083298                __gtdf2
                0x00083298                __gedf2
                0x000832a0                __ltdf2
                0x000832a0                __ledf2
                0x000832a8                __nedf2
                0x000832a8                __eqdf2
                0x000832a8                __cmpdf2
                0x00083324                __aeabi_cdrcmple
                0x00083334                __aeabi_cdcmpeq
                0x00083334                __aeabi_cdcmple
                0x00083344                __aeabi_dcmpeq
                0x00083358                __aeabi_dcmplt
                0x0008336c                __aeabi_dcmple
                0x00083380                __aeabi_dcmpge
                0x00083394                __aeabi_dcmpgt
 .text          0x000833a8       0x50 c:/program files (x86)/atmel/studio/7.0/toolchain/arm/arm-gnu-toolchain/bin/../lib/gcc/arm-none-eabi/4.9.3/armv7-m\libgcc.a(_arm_fixdfsi.o)
                0x000833a8                __aeabi_d2iz
                0x000833a8                __fixdfsi
 .text.__libc_init_array
                0x000833f8       0x50 c:/program files (x86)/atmel/studio/7.0/toolchain/arm/arm-gnu-toolchain/bin/../lib/gcc/arm-none-eabi/4.9.3/../../../../arm-none-eabi/lib/armv7-m\libc.a(lib_a-init.o)
                0x000833f8                __libc_init_array
 .text.iprintf  0x00083448       0x28 c:/program files (x86)/atmel/studio/7.0/toolchain/arm/arm-gnu-toolchain/bin/../lib/gcc/arm-none-eabi/4.9.3/../../../../arm-none-eabi/lib/armv7-m\libc.a(lib_a-iprintf.o)
                0x00083448                iprintf
 .text          0x00083470       0xec c:/program files (x86)/atmel/studio/7.0/toolchain/arm/arm-gnu-toolchain/bin/../lib/gcc/arm-none-eabi/4.9.3/../../../../arm-none-eabi/lib/armv7-m\libc.a(lib_a-memcpy.o)
                0x00083470                memcpy
 .text.memset   0x0008355c       0x9c c:/program files (x86)/atmel/studio/7.0/toolchain/arm/arm-gnu-toolchain/bin/../lib/gcc/arm-none-eabi/4.9.3/../../../../arm-none-eabi/lib/armv7-m\libc.a(lib_a-memset.o)
                0x0008355c                memset
 .text.setbuf   0x000835f8       0x10 c:/program files (x86)/atmel/studio/7.0/toolchain/arm/arm-gnu-toolchain/bin/../lib/gcc/arm-none-eabi/4.9.3/../../../../arm-none-eabi/lib/armv7-m\libc.a(lib_a-setbuf.o)
                0x000835f8                setbuf
 .text.setvbuf  0x00083608       0xf8 c:/program files (x86)/atmel/studio/7.0/toolchain/arm/arm-gnu-toolchain/bin/../lib/gcc/arm-none-eabi/4.9.3/../../../../arm-none-eabi/lib/armv7-m\libc.a(lib_a-setvbuf.o)
                0x00083608                setvbuf
 .text.strlen   0x00083700       0x5c c:/program files (x86)/atmel/studio/7.0/toolchain/arm/arm-gnu-toolchain/bin/../lib/gcc/arm-none-eabi/4.9.3/../../../../arm-none-eabi/lib/armv7-m\libc.a(lib_a-strlen.o)
                0x00083700                strlen
 .text.strncpy  0x0008375c       0x68 c:/program files (x86)/atmel/studio/7.0/toolchain/arm/arm-gnu-toolchain/bin/../lib/gcc/arm-none-eabi/4.9.3/../../../../arm-none-eabi/lib/armv7-m\libc.a(lib_a-strncpy.o)
                0x0008375c                strncpy
 .text.__sprint_r.part.0
                0x000837c4       0x78 c:/program files (x86)/atmel/studio/7.0/toolchain/arm/arm-gnu-toolchain/bin/../lib/gcc/arm-none-eabi/4.9.3/../../../../arm-none-eabi/lib/armv7-m\libc.a(lib_a-vfiprintf.o)
 .text._vfiprintf_r
                0x0008383c      0xc10 c:/program files (x86)/atmel/studio/7.0/toolchain/arm/arm-gnu-toolchain/bin/../lib/gcc/arm-none-eabi/4.9.3/../../../../arm-none-eabi/lib/armv7-m\libc.a(lib_a-vfiprintf.o)
                0x0008383c                _vfiprintf_r
 .text.__sbprintf
                0x0008444c       0x7c c:/program files (x86)/atmel/studio/7.0/toolchain/arm/arm-gnu-toolchain/bin/../lib/gcc/arm-none-eabi/4.9.3/../../../../arm-none-eabi/lib/armv7-m\libc.a(lib_a-vfiprintf.o)
 .text.__swsetup_r
                0x000844c8       0xc4 c:/program files (x86)/atmel/studio/7.0/toolchain/arm/arm-gnu-toolchain/bin/../lib/gcc/arm-none-eabi/4.9.3/../../../../arm-none-eabi/lib/armv7-m\libc.a(lib_a-wsetup.o)
                0x000844c8                __swsetup_r
 .text.startup.register_fini
                0x0008458c       0x14 c:/program files (x86)/atmel/studio/7.0/toolchain/arm/arm-gnu-toolchain/bin/../lib/gcc/arm-none-eabi/4.9.3/../../../../arm-none-eabi/lib/armv7-m\libc.a(lib_a-__call_atexit.o)
 .text.atexit   0x000845a0        0xc c:/program files (x86)/atmel/studio/7.0/toolchain/arm/arm-gnu-toolchain/bin/../lib/gcc/arm-none-eabi/4.9.3/../../../../arm-none-eabi/lib/armv7-m\libc.a(lib_a-atexit.o)
                0x000845a0                atexit
 .text.__sflush_r
                0x000845ac      0x148 c:/program files (x86)/atmel/studio/7.0/toolchain/arm/arm-gnu-toolchain/bin/../lib/gcc/arm-none-eabi/4.9.3/../../../../arm-none-eabi/lib/armv7-m\libc.a(lib_a-fflush.o)
                0x000845ac                __sflush_r
 .text._fflush_r
                0x000846f4       0x2c c:/program files (x86)/atmel/studio/7.0/toolchain/arm/arm-gnu-toolchain/bin/../lib/gcc/arm-none-eabi/4.9.3/../../../../arm-none-eabi/lib/armv7-m\libc.a(lib_a-fflush.o)
                0x000846f4                _fflush_r
 .text._cleanup_r
                0x00084720        0xc c:/program files (x86)/atmel/studio/7.0/toolchain/arm/arm-gnu-toolchain/bin/../lib/gcc/arm-none-eabi/4.9.3/../../../../arm-none-eabi/lib/armv7-m\libc.a(lib_a-findfp.o)
                0x00084720                _cleanup_r
 .text.__sinit.part.1
                0x0008472c       0xf0 c:/program files (x86)/atmel/studio/7.0/toolchain/arm/arm-gnu-toolchain/bin/../lib/gcc/arm-none-eabi/4.9.3/../../../../arm-none-eabi/lib/armv7-m\libc.a(lib_a-findfp.o)
 .text.__sinit  0x0008481c        0xc c:/program files (x86)/atmel/studio/7.0/toolchain/arm/arm-gnu-toolchain/bin/../lib/gcc/arm-none-eabi/4.9.3/../../../../arm-none-eabi/lib/armv7-m\libc.a(lib_a-findfp.o)
                0x0008481c                __sinit
 .text.__sfp_lock_acquire
                0x00084828        0x4 c:/program files (x86)/atmel/studio/7.0/toolchain/arm/arm-gnu-toolchain/bin/../lib/gcc/arm-none-eabi/4.9.3/../../../../arm-none-eabi/lib/armv7-m\libc.a(lib_a-findfp.o)
                0x00084828                __sfp_lock_acquire
 .text.__sfp_lock_release
                0x0008482c        0x4 c:/program files (x86)/atmel/studio/7.0/toolchain/arm/arm-gnu-toolchain/bin/../lib/gcc/arm-none-eabi/4.9.3/../../../../arm-none-eabi/lib/armv7-m\libc.a(lib_a-findfp.o)
                0x0008482c                __sfp_lock_release
 .text.__libc_fini_array
                0x00084830       0x2c c:/program files (x86)/atmel/studio/7.0/toolchain/arm/arm-gnu-toolchain/bin/../lib/gcc/arm-none-eabi/4.9.3/../../../../arm-none-eabi/lib/armv7-m\libc.a(lib_a-fini.o)
                0x00084830                __libc_fini_array
 .text.__fputwc
                0x0008485c       0xb0 c:/program files (x86)/atmel/studio/7.0/toolchain/arm/arm-gnu-toolchain/bin/../lib/gcc/arm-none-eabi/4.9.3/../../../../arm-none-eabi/lib/armv7-m\libc.a(lib_a-fputwc.o)
                0x0008485c                __fputwc
 .text._fputwc_r
                0x0008490c       0x24 c:/program files (x86)/atmel/studio/7.0/toolchain/arm/arm-gnu-toolchain/bin/../lib/gcc/arm-none-eabi/4.9.3/../../../../arm-none-eabi/lib/armv7-m\libc.a(lib_a-fputwc.o)
                0x0008490c                _fputwc_r
 .text._malloc_trim_r
                0x00084930       0x9c c:/program files (x86)/atmel/studio/7.0/toolchain/arm/arm-gnu-toolchain/bin/../lib/gcc/arm-none-eabi/4.9.3/../../../../arm-none-eabi/lib/armv7-m\libc.a(lib_a-freer.o)
                0x00084930                _malloc_trim_r
 .text._free_r  0x000849cc      0x1b0 c:/program files (x86)/atmel/studio/7.0/toolchain/arm/arm-gnu-toolchain/bin/../lib/gcc/arm-none-eabi/4.9.3/../../../../arm-none-eabi/lib/armv7-m\libc.a(lib_a-freer.o)
                0x000849cc                _free_r
 .text.__sfvwrite_r
                0x00084b7c      0x320 c:/program files (x86)/atmel/studio/7.0/toolchain/arm/arm-gnu-toolchain/bin/../lib/gcc/arm-none-eabi/4.9.3/../../../../arm-none-eabi/lib/armv7-m\libc.a(lib_a-fvwrite.o)
                0x00084b7c                __sfvwrite_r
 .text._fwalk_reent
                0x00084e9c       0x50 c:/program files (x86)/atmel/studio/7.0/toolchain/arm/arm-gnu-toolchain/bin/../lib/gcc/arm-none-eabi/4.9.3/../../../../arm-none-eabi/lib/armv7-m\libc.a(lib_a-fwalk.o)
                0x00084e9c                _fwalk_reent
 .text.__locale_charset
                0x00084eec        0x8 c:/program files (x86)/atmel/studio/7.0/toolchain/arm/arm-gnu-toolchain/bin/../lib/gcc/arm-none-eabi/4.9.3/../../../../arm-none-eabi/lib/armv7-m\libc.a(lib_a-locale.o)
                0x00084eec                __locale_charset
 .text.__locale_mb_cur_max
                0x00084ef4        0xc c:/program files (x86)/atmel/studio/7.0/toolchain/arm/arm-gnu-toolchain/bin/../lib/gcc/arm-none-eabi/4.9.3/../../../../arm-none-eabi/lib/armv7-m\libc.a(lib_a-locale.o)
                0x00084ef4                __locale_mb_cur_max
 .text.__smakebuf_r
                0x00084f00       0xe0 c:/program files (x86)/atmel/studio/7.0/toolchain/arm/arm-gnu-toolchain/bin/../lib/gcc/arm-none-eabi/4.9.3/../../../../arm-none-eabi/lib/armv7-m\libc.a(lib_a-makebuf.o)
                0x00084f00                __smakebuf_r
 .text.malloc   0x00084fe0       0x10 c:/program files (x86)/atmel/studio/7.0/toolchain/arm/arm-gnu-toolchain/bin/../lib/gcc/arm-none-eabi/4.9.3/../../../../arm-none-eabi/lib/armv7-m\libc.a(lib_a-malloc.o)
                0x00084fe0                malloc
 .text._malloc_r
                0x00084ff0      0x50c c:/program files (x86)/atmel/studio/7.0/toolchain/arm/arm-gnu-toolchain/bin/../lib/gcc/arm-none-eabi/4.9.3/../../../../arm-none-eabi/lib/armv7-m\libc.a(lib_a-mallocr.o)
                0x00084ff0                _malloc_r
 .text.memchr   0x000854fc       0x94 c:/program files (x86)/atmel/studio/7.0/toolchain/arm/arm-gnu-toolchain/bin/../lib/gcc/arm-none-eabi/4.9.3/../../../../arm-none-eabi/lib/armv7-m\libc.a(lib_a-memchr.o)
                0x000854fc                memchr
 .text.memmove  0x00085590       0xc8 c:/program files (x86)/atmel/studio/7.0/toolchain/arm/arm-gnu-toolchain/bin/../lib/gcc/arm-none-eabi/4.9.3/../../../../arm-none-eabi/lib/armv7-m\libc.a(lib_a-memmove.o)
                0x00085590                memmove
 .text.__malloc_lock
                0x00085658        0x4 c:/program files (x86)/atmel/studio/7.0/toolchain/arm/arm-gnu-toolchain/bin/../lib/gcc/arm-none-eabi/4.9.3/../../../../arm-none-eabi/lib/armv7-m\libc.a(lib_a-mlock.o)
                0x00085658                __malloc_lock
 .text.__malloc_unlock
                0x0008565c        0x4 c:/program files (x86)/atmel/studio/7.0/toolchain/arm/arm-gnu-toolchain/bin/../lib/gcc/arm-none-eabi/4.9.3/../../../../arm-none-eabi/lib/armv7-m\libc.a(lib_a-mlock.o)
                0x0008565c                __malloc_unlock
 .text._realloc_r
                0x00085660      0x3e0 c:/program files (x86)/atmel/studio/7.0/toolchain/arm/arm-gnu-toolchain/bin/../lib/gcc/arm-none-eabi/4.9.3/../../../../arm-none-eabi/lib/armv7-m\libc.a(lib_a-reallocr.o)
                0x00085660                _realloc_r
 .text._sbrk_r  0x00085a40       0x24 c:/program files (x86)/atmel/studio/7.0/toolchain/arm/arm-gnu-toolchain/bin/../lib/gcc/arm-none-eabi/4.9.3/../../../../arm-none-eabi/lib/armv7-m\libc.a(lib_a-sbrkr.o)
                0x00085a40                _sbrk_r
 .text.__sread  0x00085a64       0x24 c:/program files (x86)/atmel/studio/7.0/toolchain/arm/arm-gnu-toolchain/bin/../lib/gcc/arm-none-eabi/4.9.3/../../../../arm-none-eabi/lib/armv7-m\libc.a(lib_a-stdio.o)
                0x00085a64                __sread
 .text.__swrite
                0x00085a88       0x38 c:/program files (x86)/atmel/studio/7.0/toolchain/arm/arm-gnu-toolchain/bin/../lib/gcc/arm-none-eabi/4.9.3/../../../../arm-none-eabi/lib/armv7-m\libc.a(lib_a-stdio.o)
                0x00085a88                __swrite
 .text.__sseek  0x00085ac0       0x20 c:/program files (x86)/atmel/studio/7.0/toolchain/arm/arm-gnu-toolchain/bin/../lib/gcc/arm-none-eabi/4.9.3/../../../../arm-none-eabi/lib/armv7-m\libc.a(lib_a-stdio.o)
                0x00085ac0                __sseek
 .text.__sclose
                0x00085ae0        0x8 c:/program files (x86)/atmel/studio/7.0/toolchain/arm/arm-gnu-toolchain/bin/../lib/gcc/arm-none-eabi/4.9.3/../../../../arm-none-eabi/lib/armv7-m\libc.a(lib_a-stdio.o)
                0x00085ae0                __sclose
 .text.__swbuf_r
                0x00085ae8       0xa8 c:/program files (x86)/atmel/studio/7.0/toolchain/arm/arm-gnu-toolchain/bin/../lib/gcc/arm-none-eabi/4.9.3/../../../../arm-none-eabi/lib/armv7-m\libc.a(lib_a-wbuf.o)
                0x00085ae8                __swbuf_r
 .text._wcrtomb_r
                0x00085b90       0x54 c:/program files (x86)/atmel/studio/7.0/toolchain/arm/arm-gnu-toolchain/bin/../lib/gcc/arm-none-eabi/4.9.3/../../../../arm-none-eabi/lib/armv7-m\libc.a(lib_a-wcrtomb.o)
                0x00085b90                _wcrtomb_r
 .text.__ascii_wctomb
                0x00085be4       0x1c c:/program files (x86)/atmel/studio/7.0/toolchain/arm/arm-gnu-toolchain/bin/../lib/gcc/arm-none-eabi/4.9.3/../../../../arm-none-eabi/lib/armv7-m\libc.a(lib_a-wctomb_r.o)
                0x00085be4                __ascii_wctomb
 .text._write_r
                0x00085c00       0x28 c:/program files (x86)/atmel/studio/7.0/toolchain/arm/arm-gnu-toolchain/bin/../lib/gcc/arm-none-eabi/4.9.3/../../../../arm-none-eabi/lib/armv7-m\libc.a(lib_a-writer.o)
                0x00085c00                _write_r
 .text.__register_exitproc
                0x00085c28       0xa4 c:/program files (x86)/atmel/studio/7.0/toolchain/arm/arm-gnu-toolchain/bin/../lib/gcc/arm-none-eabi/4.9.3/../../../../arm-none-eabi/lib/armv7-m\libc.a(lib_a-__atexit.o)
                0x00085c28                __register_exitproc
 .text._close_r
                0x00085ccc       0x24 c:/program files (x86)/atmel/studio/7.0/toolchain/arm/arm-gnu-toolchain/bin/../lib/gcc/arm-none-eabi/4.9.3/../../../../arm-none-eabi/lib/armv7-m\libc.a(lib_a-closer.o)
                0x00085ccc                _close_r
 .text._fclose_r
                0x00085cf0       0x84 c:/program files (x86)/atmel/studio/7.0/toolchain/arm/arm-gnu-toolchain/bin/../lib/gcc/arm-none-eabi/4.9.3/../../../../arm-none-eabi/lib/armv7-m\libc.a(lib_a-fclose.o)
                0x00085cf0                _fclose_r
 .text._fstat_r
                0x00085d74       0x28 c:/program files (x86)/atmel/studio/7.0/toolchain/arm/arm-gnu-toolchain/bin/../lib/gcc/arm-none-eabi/4.9.3/../../../../arm-none-eabi/lib/armv7-m\libc.a(lib_a-fstatr.o)
                0x00085d74                _fstat_r
 .text._isatty_r
                0x00085d9c       0x24 c:/program files (x86)/atmel/studio/7.0/toolchain/arm/arm-gnu-toolchain/bin/../lib/gcc/arm-none-eabi/4.9.3/../../../../arm-none-eabi/lib/armv7-m\libc.a(lib_a-isattyr.o)
                0x00085d9c                _isatty_r
 .text._lseek_r
                0x00085dc0       0x28 c:/program files (x86)/atmel/studio/7.0/toolchain/arm/arm-gnu-toolchain/bin/../lib/gcc/arm-none-eabi/4.9.3/../../../../arm-none-eabi/lib/armv7-m\libc.a(lib_a-lseekr.o)
                0x00085dc0                _lseek_r
 .text._read_r  0x00085de8       0x28 c:/program files (x86)/atmel/studio/7.0/toolchain/arm/arm-gnu-toolchain/bin/../lib/gcc/arm-none-eabi/4.9.3/../../../../arm-none-eabi/lib/armv7-m\libc.a(lib_a-readr.o)
                0x00085de8                _read_r
 .text          0x00085e10       0x30 c:/program files (x86)/atmel/studio/7.0/toolchain/arm/arm-gnu-toolchain/bin/../lib/gcc/arm-none-eabi/4.9.3/armv7-m\libgcc.a(_aeabi_uldivmod.o)
                0x00085e10                __aeabi_uldivmod
 .text          0x00085e40       0x60 c:/program files (x86)/atmel/studio/7.0/toolchain/arm/arm-gnu-toolchain/bin/../lib/gcc/arm-none-eabi/4.9.3/armv7-m\libgcc.a(bpabi.o)
                0x00085e40                __gnu_ldivmod_helper
                0x00085e70                __gnu_uldivmod_helper
 .text          0x00085ea0        0x4 c:/program files (x86)/atmel/studio/7.0/toolchain/arm/arm-gnu-toolchain/bin/../lib/gcc/arm-none-eabi/4.9.3/armv7-m\libgcc.a(_dvmd_tls.o)
                0x00085ea0                __aeabi_idiv0
                0x00085ea0                __aeabi_ldiv0
 .text          0x00085ea4      0x2ac c:/program files (x86)/atmel/studio/7.0/toolchain/arm/arm-gnu-toolchain/bin/../lib/gcc/arm-none-eabi/4.9.3/armv7-m\libgcc.a(_divdi3.o)
                0x00085ea4                __divdi3
 .text          0x00086150      0x270 c:/program files (x86)/atmel/studio/7.0/toolchain/arm/arm-gnu-toolchain/bin/../lib/gcc/arm-none-eabi/4.9.3/armv7-m\libgcc.a(_udivdi3.o)
                0x00086150                __udivdi3
 *(.glue_7t)
 .glue_7t       0x00000000        0x0 linker stubs
 *(.glue_7)
 .glue_7        0x00000000        0x0 linker stubs
 *(.rodata .rodata* .gnu.linkonce.r.*)
 .rodata.str1.4
                0x000863c0       0x75 src/UARTSet.o
 *fill*         0x00086435        0x3 
 .rodata.str1.4
                0x00086438       0x19 src/ASF/thirdparty/freertos/freertos-7.3.0/source/tasks.o
                                 0x20 (size before relaxing)
 *fill*         0x00086451        0x3 
 .rodata.str1.4
                0x00086454        0x8 src/ASF/thirdparty/freertos/freertos-7.3.0/source/timers.o
 .rodata        0x0008645c       0x2c src/ASF/sam/drivers/pwm/pwm.o
 .rodata.str1.4
                0x00086488       0x7f src/main.o
 *fill*         0x00086507        0x1 
 .rodata.str1.4
                0x00086508        0x2 c:/program files (x86)/atmel/studio/7.0/toolchain/arm/arm-gnu-toolchain/bin/../lib/gcc/arm-none-eabi/4.9.3/../../../../arm-none-eabi/lib/armv7-m\libc.a(lib_a-impure.o)
 *fill*         0x0008650a        0x2 
 .rodata._global_impure_ptr
                0x0008650c        0x4 c:/program files (x86)/atmel/studio/7.0/toolchain/arm/arm-gnu-toolchain/bin/../lib/gcc/arm-none-eabi/4.9.3/../../../../arm-none-eabi/lib/armv7-m\libc.a(lib_a-impure.o)
                0x0008650c                _global_impure_ptr
 .rodata.zeroes.6869
                0x00086510       0x10 c:/program files (x86)/atmel/studio/7.0/toolchain/arm/arm-gnu-toolchain/bin/../lib/gcc/arm-none-eabi/4.9.3/../../../../arm-none-eabi/lib/armv7-m\libc.a(lib_a-vfiprintf.o)
 .rodata.str1.4
                0x00086520       0x30 c:/program files (x86)/atmel/studio/7.0/toolchain/arm/arm-gnu-toolchain/bin/../lib/gcc/arm-none-eabi/4.9.3/../../../../arm-none-eabi/lib/armv7-m\libc.a(lib_a-vfiprintf.o)
                                 0x2f (size before relaxing)
 .rodata.blanks.6868
                0x00086550       0x10 c:/program files (x86)/atmel/studio/7.0/toolchain/arm/arm-gnu-toolchain/bin/../lib/gcc/arm-none-eabi/4.9.3/../../../../arm-none-eabi/lib/armv7-m\libc.a(lib_a-vfiprintf.o)
 *(.ARM.extab* .gnu.linkonce.armextab.*)
                0x00086560                . = ALIGN (0x4)
 *(.init)
 .init          0x00086560        0x4 c:/program files (x86)/atmel/studio/7.0/toolchain/arm/arm-gnu-toolchain/bin/../lib/gcc/arm-none-eabi/4.9.3/armv7-m/crti.o
                0x00086560                _init
 .init          0x00086564        0x8 c:/program files (x86)/atmel/studio/7.0/toolchain/arm/arm-gnu-toolchain/bin/../lib/gcc/arm-none-eabi/4.9.3/armv7-m/crtn.o
                0x0008656c                . = ALIGN (0x4)
                0x0008656c                __preinit_array_start = .
 *(.preinit_array)
                0x0008656c                __preinit_array_end = .
                0x0008656c                . = ALIGN (0x4)
                0x0008656c                __init_array_start = .
 *(SORT(.init_array.*))
 .init_array.00000
                0x0008656c        0x4 c:/program files (x86)/atmel/studio/7.0/toolchain/arm/arm-gnu-toolchain/bin/../lib/gcc/arm-none-eabi/4.9.3/../../../../arm-none-eabi/lib/armv7-m\libc.a(lib_a-__call_atexit.o)
 *(.init_array)
 .init_array    0x00086570        0x4 c:/program files (x86)/atmel/studio/7.0/toolchain/arm/arm-gnu-toolchain/bin/../lib/gcc/arm-none-eabi/4.9.3/armv7-m/crtbegin.o
                0x00086574                __init_array_end = .
                0x00086574                . = ALIGN (0x4)
 *crtbegin.o(.ctors)
 *(EXCLUDE_FILE(*crtend.o) .ctors)
 *(SORT(.ctors.*))
 *crtend.o(.ctors)
                0x00086574                . = ALIGN (0x4)
 *(.fini)
 .fini          0x00086574        0x4 c:/program files (x86)/atmel/studio/7.0/toolchain/arm/arm-gnu-toolchain/bin/../lib/gcc/arm-none-eabi/4.9.3/armv7-m/crti.o
                0x00086574                _fini
 .fini          0x00086578        0x8 c:/program files (x86)/atmel/studio/7.0/toolchain/arm/arm-gnu-toolchain/bin/../lib/gcc/arm-none-eabi/4.9.3/armv7-m/crtn.o
                0x00086580                . = ALIGN (0x4)
                0x00086580                __fini_array_start = .
 *(.fini_array)
 .fini_array    0x00086580        0x4 c:/program files (x86)/atmel/studio/7.0/toolchain/arm/arm-gnu-toolchain/bin/../lib/gcc/arm-none-eabi/4.9.3/armv7-m/crtbegin.o
 *(SORT(.fini_array.*))
                0x00086584                __fini_array_end = .
 *crtbegin.o(.dtors)
 *(EXCLUDE_FILE(*crtend.o) .dtors)
 *(SORT(.dtors.*))
 *crtend.o(.dtors)
                0x00086584                . = ALIGN (0x4)
                0x00086584                _efixed = .
                0x00086584                PROVIDE (__exidx_start, .)

.vfp11_veneer   0x00086584        0x0
 .vfp11_veneer  0x00000000        0x0 linker stubs

.v4_bx          0x00086584        0x0
 .v4_bx         0x00000000        0x0 linker stubs

.iplt           0x00086584        0x0
 .iplt          0x00000000        0x0 c:/program files (x86)/atmel/studio/7.0/toolchain/arm/arm-gnu-toolchain/bin/../lib/gcc/arm-none-eabi/4.9.3/armv7-m/crtbegin.o

.ARM.exidx      0x00086584        0x8
 *(.ARM.exidx* .gnu.linkonce.armexidx.*)
 .ARM.exidx     0x00086584        0x8 c:/program files (x86)/atmel/studio/7.0/toolchain/arm/arm-gnu-toolchain/bin/../lib/gcc/arm-none-eabi/4.9.3/armv7-m\libgcc.a(_divdi3.o)
 .ARM.exidx     0x0008658c        0x0 c:/program files (x86)/atmel/studio/7.0/toolchain/arm/arm-gnu-toolchain/bin/../lib/gcc/arm-none-eabi/4.9.3/armv7-m\libgcc.a(_udivdi3.o)
                                  0x8 (size before relaxing)
                0x0008658c                PROVIDE (__exidx_end, .)

.eh_frame       0x0008658c        0x0
 .eh_frame      0x0008658c        0x0 c:/program files (x86)/atmel/studio/7.0/toolchain/arm/arm-gnu-toolchain/bin/../lib/gcc/arm-none-eabi/4.9.3/armv7-m/crtbegin.o

.rel.dyn        0x0008658c        0x0
 .rel.iplt      0x00000000        0x0 c:/program files (x86)/atmel/studio/7.0/toolchain/arm/arm-gnu-toolchain/bin/../lib/gcc/arm-none-eabi/4.9.3/armv7-m/crtbegin.o

.jcr            0x0008658c        0x0
 .jcr           0x0008658c        0x0 c:/program files (x86)/atmel/studio/7.0/toolchain/arm/arm-gnu-toolchain/bin/../lib/gcc/arm-none-eabi/4.9.3/armv7-m/crtbegin.o

.igot.plt       0x0008658c        0x0
 .igot.plt      0x00000000        0x0 c:/program files (x86)/atmel/studio/7.0/toolchain/arm/arm-gnu-toolchain/bin/../lib/gcc/arm-none-eabi/4.9.3/armv7-m/crtbegin.o
                0x0008658c                . = ALIGN (0x4)
                0x0008658c                _etext = .

.relocate       0x20070000      0x9a4 load address 0x0008658c
                0x20070000                . = ALIGN (0x4)
                0x20070000                _srelocate = .
 *(.ramfunc .ramfunc.*)
 .ramfunc       0x20070000      0x12c src/ASF/sam/utils/cmsis/sam3x/source/templates/system_sam3x.o
                0x20070000                SystemInit
                0x200700a4                system_init_flash
 *(.data .data.*)
 .data.isMatlab
                0x2007012c        0x1 src/allVariables.o
                0x2007012c                isMatlab
 *fill*         0x2007012d        0x3 
 .data.uxCriticalNesting
                0x20070130        0x4 src/ASF/thirdparty/freertos/freertos-7.3.0/source/portable/gcc/sam/port.o
 .data.xFreeBytesRemaining
                0x20070134        0x4 src/ASF/thirdparty/freertos/freertos-7.3.0/source/portable/memmang/heap_4.o
 .data.xNextTaskUnblockTime
                0x20070138        0x2 src/ASF/thirdparty/freertos/freertos-7.3.0/source/tasks.o
 *fill*         0x2007013a        0x2 
 .data.SystemCoreClock
                0x2007013c        0x4 src/ASF/sam/utils/cmsis/sam3x/source/templates/system_sam3x.o
                0x2007013c                SystemCoreClock
 .data.impure_data
                0x20070140      0x428 c:/program files (x86)/atmel/studio/7.0/toolchain/arm/arm-gnu-toolchain/bin/../lib/gcc/arm-none-eabi/4.9.3/../../../../arm-none-eabi/lib/armv7-m\libc.a(lib_a-impure.o)
 .data._impure_ptr
                0x20070568        0x4 c:/program files (x86)/atmel/studio/7.0/toolchain/arm/arm-gnu-toolchain/bin/../lib/gcc/arm-none-eabi/4.9.3/../../../../arm-none-eabi/lib/armv7-m\libc.a(lib_a-impure.o)
                0x20070568                _impure_ptr
 .data.lc_ctype_charset
                0x2007056c       0x20 c:/program files (x86)/atmel/studio/7.0/toolchain/arm/arm-gnu-toolchain/bin/../lib/gcc/arm-none-eabi/4.9.3/../../../../arm-none-eabi/lib/armv7-m\libc.a(lib_a-locale.o)
 .data.__mb_cur_max
                0x2007058c        0x4 c:/program files (x86)/atmel/studio/7.0/toolchain/arm/arm-gnu-toolchain/bin/../lib/gcc/arm-none-eabi/4.9.3/../../../../arm-none-eabi/lib/armv7-m\libc.a(lib_a-locale.o)
                0x2007058c                __mb_cur_max
 .data.__malloc_av_
                0x20070590      0x408 c:/program files (x86)/atmel/studio/7.0/toolchain/arm/arm-gnu-toolchain/bin/../lib/gcc/arm-none-eabi/4.9.3/../../../../arm-none-eabi/lib/armv7-m\libc.a(lib_a-mallocr.o)
                0x20070590                __malloc_av_
 .data.__malloc_trim_threshold
                0x20070998        0x4 c:/program files (x86)/atmel/studio/7.0/toolchain/arm/arm-gnu-toolchain/bin/../lib/gcc/arm-none-eabi/4.9.3/../../../../arm-none-eabi/lib/armv7-m\libc.a(lib_a-mallocr.o)
                0x20070998                __malloc_trim_threshold
 .data.__malloc_sbrk_base
                0x2007099c        0x4 c:/program files (x86)/atmel/studio/7.0/toolchain/arm/arm-gnu-toolchain/bin/../lib/gcc/arm-none-eabi/4.9.3/../../../../arm-none-eabi/lib/armv7-m\libc.a(lib_a-mallocr.o)
                0x2007099c                __malloc_sbrk_base
 .data.__wctomb
                0x200709a0        0x4 c:/program files (x86)/atmel/studio/7.0/toolchain/arm/arm-gnu-toolchain/bin/../lib/gcc/arm-none-eabi/4.9.3/../../../../arm-none-eabi/lib/armv7-m\libc.a(lib_a-wctomb_r.o)
                0x200709a0                __wctomb
                0x200709a4                . = ALIGN (0x4)
                0x200709a4                _erelocate = .

.bss            0x200709a8     0x82e0 load address 0x00086f38
                0x200709a8                . = ALIGN (0x4)
                0x200709a8                _sbss = .
                0x200709a8                _szero = .
 *(.bss .bss.*)
 .bss           0x200709a8       0x1c c:/program files (x86)/atmel/studio/7.0/toolchain/arm/arm-gnu-toolchain/bin/../lib/gcc/arm-none-eabi/4.9.3/armv7-m/crtbegin.o
 *fill*         0x200709c4        0x4 
 .bss.pValue    0x200709c8        0x8 src/allVariables.o
                0x200709c8                pValue
 .bss.sem       0x200709d0        0x4 src/allVariables.o
                0x200709d0                sem
 .bss.output_value
                0x200709d4        0x4 src/allVariables.o
                0x200709d4                output_value
 .bss.iValue    0x200709d8        0x8 src/allVariables.o
                0x200709d8                iValue
 .bss.error     0x200709e0        0x4 src/allVariables.o
                0x200709e0                error
 .bss.sumOfError
                0x200709e4        0x4 src/allVariables.o
                0x200709e4                sumOfError
 .bss.distanceSensor
                0x200709e8        0x4 src/allVariables.o
                0x200709e8                distanceSensor
 .bss.lastError
                0x200709ec        0x4 src/allVariables.o
                0x200709ec                lastError
 .bss.dValue    0x200709f0        0x8 src/allVariables.o
                0x200709f0                dValue
 .bss.setPoint  0x200709f8        0x4 src/allVariables.o
                0x200709f8                setPoint
 *fill*         0x200709fc        0x4 
 .bss.xHeap     0x20070a00     0x8000 src/ASF/thirdparty/freertos/freertos-7.3.0/source/portable/memmang/heap_4.o
 .bss.pxEnd     0x20078a00        0x4 src/ASF/thirdparty/freertos/freertos-7.3.0/source/portable/memmang/heap_4.o
 .bss.xStart    0x20078a04        0x8 src/ASF/thirdparty/freertos/freertos-7.3.0/source/portable/memmang/heap_4.o
 .bss.uxMissedTicks
                0x20078a0c        0x4 src/ASF/thirdparty/freertos/freertos-7.3.0/source/tasks.o
 .bss.xSuspendedTaskList
                0x20078a10       0x14 src/ASF/thirdparty/freertos/freertos-7.3.0/source/tasks.o
 .bss.pxDelayedTaskList
                0x20078a24        0x4 src/ASF/thirdparty/freertos/freertos-7.3.0/source/tasks.o
 .bss.xSchedulerRunning
                0x20078a28        0x4 src/ASF/thirdparty/freertos/freertos-7.3.0/source/tasks.o
 .bss.uxTasksDeleted
                0x20078a2c        0x4 src/ASF/thirdparty/freertos/freertos-7.3.0/source/tasks.o
 .bss.xTasksWaitingTermination
                0x20078a30       0x14 src/ASF/thirdparty/freertos/freertos-7.3.0/source/tasks.o
 .bss.xDelayedTaskList2
                0x20078a44       0x14 src/ASF/thirdparty/freertos/freertos-7.3.0/source/tasks.o
 .bss.uxTopReadyPriority
                0x20078a58        0x4 src/ASF/thirdparty/freertos/freertos-7.3.0/source/tasks.o
 .bss.pxReadyTasksLists
                0x20078a5c       0xc8 src/ASF/thirdparty/freertos/freertos-7.3.0/source/tasks.o
 .bss.uxSchedulerSuspended
                0x20078b24        0x4 src/ASF/thirdparty/freertos/freertos-7.3.0/source/tasks.o
 .bss.pxCurrentTCB
                0x20078b28        0x4 src/ASF/thirdparty/freertos/freertos-7.3.0/source/tasks.o
                0x20078b28                pxCurrentTCB
 .bss.xPendingReadyList
                0x20078b2c       0x14 src/ASF/thirdparty/freertos/freertos-7.3.0/source/tasks.o
 .bss.xNumOfOverflows
                0x20078b40        0x4 src/ASF/thirdparty/freertos/freertos-7.3.0/source/tasks.o
 .bss.xTickCount
                0x20078b44        0x2 src/ASF/thirdparty/freertos/freertos-7.3.0/source/tasks.o
 *fill*         0x20078b46        0x2 
 .bss.pxOverflowDelayedTaskList
                0x20078b48        0x4 src/ASF/thirdparty/freertos/freertos-7.3.0/source/tasks.o
 .bss.uxTaskNumber
                0x20078b4c        0x4 src/ASF/thirdparty/freertos/freertos-7.3.0/source/tasks.o
 .bss.xDelayedTaskList1
                0x20078b50       0x14 src/ASF/thirdparty/freertos/freertos-7.3.0/source/tasks.o
 .bss.xMissedYield
                0x20078b64        0x4 src/ASF/thirdparty/freertos/freertos-7.3.0/source/tasks.o
 .bss.uxCurrentNumberOfTasks
                0x20078b68        0x4 src/ASF/thirdparty/freertos/freertos-7.3.0/source/tasks.o
 .bss.uxTopUsedPriority
                0x20078b6c        0x4 src/ASF/thirdparty/freertos/freertos-7.3.0/source/tasks.o
 .bss.pxCurrentTimerList
                0x20078b70        0x4 src/ASF/thirdparty/freertos/freertos-7.3.0/source/timers.o
 .bss.xActiveTimerList1
                0x20078b74       0x14 src/ASF/thirdparty/freertos/freertos-7.3.0/source/timers.o
 .bss.xActiveTimerList2
                0x20078b88       0x14 src/ASF/thirdparty/freertos/freertos-7.3.0/source/timers.o
 .bss.xLastTime.4484
                0x20078b9c        0x2 src/ASF/thirdparty/freertos/freertos-7.3.0/source/timers.o
 *fill*         0x20078b9e        0x2 
 .bss.xTimerQueue
                0x20078ba0        0x4 src/ASF/thirdparty/freertos/freertos-7.3.0/source/timers.o
 .bss.pxOverflowTimerList
                0x20078ba4        0x4 src/ASF/thirdparty/freertos/freertos-7.3.0/source/timers.o
 .bss.gs_interrupt_sources
                0x20078ba8       0x70 src/ASF/sam/drivers/pio/pio_handler.o
 .bss.heap.5098
                0x20078c18        0x4 src/ASF/sam/utils/syscalls/gcc/syscalls.o
 .bss.__malloc_max_total_mem
                0x20078c1c        0x4 c:/program files (x86)/atmel/studio/7.0/toolchain/arm/arm-gnu-toolchain/bin/../lib/gcc/arm-none-eabi/4.9.3/../../../../arm-none-eabi/lib/armv7-m\libc.a(lib_a-mallocr.o)
                0x20078c1c                __malloc_max_total_mem
 .bss.__malloc_max_sbrked_mem
                0x20078c20        0x4 c:/program files (x86)/atmel/studio/7.0/toolchain/arm/arm-gnu-toolchain/bin/../lib/gcc/arm-none-eabi/4.9.3/../../../../arm-none-eabi/lib/armv7-m\libc.a(lib_a-mallocr.o)
                0x20078c20                __malloc_max_sbrked_mem
 .bss.__malloc_top_pad
                0x20078c24        0x4 c:/program files (x86)/atmel/studio/7.0/toolchain/arm/arm-gnu-toolchain/bin/../lib/gcc/arm-none-eabi/4.9.3/../../../../arm-none-eabi/lib/armv7-m\libc.a(lib_a-mallocr.o)
                0x20078c24                __malloc_top_pad
 .bss.__malloc_current_mallinfo
                0x20078c28       0x28 c:/program files (x86)/atmel/studio/7.0/toolchain/arm/arm-gnu-toolchain/bin/../lib/gcc/arm-none-eabi/4.9.3/../../../../arm-none-eabi/lib/armv7-m\libc.a(lib_a-mallocr.o)
                0x20078c28                __malloc_current_mallinfo
 *(COMMON)
 COMMON         0x20078c50       0x28 src/ADCSet.o
                0x20078c50                pwm_channel
 COMMON         0x20078c78        0x4 src/ASF/common/utils/stdio/read.o
                0x20078c78                ptr_get
 COMMON         0x20078c7c        0x8 src/ASF/common/utils/stdio/write.o
                0x20078c7c                ptr_put
                0x20078c80                stdio_base
 COMMON         0x20078c84        0x4 c:/program files (x86)/atmel/studio/7.0/toolchain/arm/arm-gnu-toolchain/bin/../lib/gcc/arm-none-eabi/4.9.3/../../../../arm-none-eabi/lib/armv7-m\libc.a(lib_a-reent.o)
                0x20078c84                errno
                0x20078c88                . = ALIGN (0x4)
                0x20078c88                _ebss = .
                0x20078c88                _ezero = .

.stack          0x20078c88     0x2000 load address 0x0008f218
                0x20078c88                . = ALIGN (0x8)
                0x20078c88                _sstack = .
                0x2007ac88                . = (. + __stack_size__)
 *fill*         0x20078c88     0x2000 
                0x2007ac88                . = ALIGN (0x8)
                0x2007ac88                _estack = .
                0x2007ac88                . = ALIGN (0x4)
                0x2007ac88                _end = .
OUTPUT(ExUppgift2014_6_2.elf elf32-littlearm)

.ARM.attributes
                0x00000000       0x29
 .ARM.attributes
                0x00000000       0x1d c:/program files (x86)/atmel/studio/7.0/toolchain/arm/arm-gnu-toolchain/bin/../lib/gcc/arm-none-eabi/4.9.3/armv7-m/crti.o
 .ARM.attributes
                0x0000001d       0x2d c:/program files (x86)/atmel/studio/7.0/toolchain/arm/arm-gnu-toolchain/bin/../lib/gcc/arm-none-eabi/4.9.3/armv7-m/crtbegin.o
 .ARM.attributes
                0x0000004a       0x33 src/ADCSet.o
 .ARM.attributes
                0x0000007d       0x33 src/ASF/common/utils/stdio/read.o
 .ARM.attributes
                0x000000b0       0x33 src/ASF/sam/drivers/adc/adc.o
 .ARM.attributes
                0x000000e3       0x33 src/ASF/sam/drivers/usart/usart.o
 .ARM.attributes
                0x00000116       0x33 src/allVariables.o
 .ARM.attributes
                0x00000149       0x33 src/ReglStyr.o
 .ARM.attributes
                0x0000017c       0x33 src/UARTSet.o
 .ARM.attributes
                0x000001af       0x33 src/ASF/thirdparty/freertos/freertos-7.3.0/source/list.o
 .ARM.attributes
                0x000001e2       0x33 src/ASF/thirdparty/freertos/freertos-7.3.0/source/portable/gcc/sam/port.o
 .ARM.attributes
                0x00000215       0x33 src/ASF/thirdparty/freertos/freertos-7.3.0/source/portable/memmang/heap_4.o
 .ARM.attributes
                0x00000248       0x33 src/ASF/thirdparty/freertos/freertos-7.3.0/source/queue.o
 .ARM.attributes
                0x0000027b       0x33 src/ASF/thirdparty/freertos/freertos-7.3.0/source/tasks.o
 .ARM.attributes
                0x000002ae       0x33 src/ASF/thirdparty/freertos/freertos-7.3.0/source/timers.o
 .ARM.attributes
                0x000002e1       0x33 src/ASF/common/utils/stdio/write.o
 .ARM.attributes
                0x00000314       0x33 src/ASF/sam/drivers/pwm/pwm.o
 .ARM.attributes
                0x00000347       0x33 src/ASF/sam/drivers/uart/uart.o
 .ARM.attributes
                0x0000037a       0x33 src/ASF/common/services/clock/sam3x/sysclk.o
 .ARM.attributes
                0x000003ad       0x33 src/ASF/sam/boards/arduino_due_x/init.o
 .ARM.attributes
                0x000003e0       0x33 src/ASF/sam/drivers/pio/pio.o
 .ARM.attributes
                0x00000413       0x33 src/ASF/sam/drivers/pio/pio_handler.o
 .ARM.attributes
                0x00000446       0x33 src/ASF/sam/drivers/pmc/pmc.o
 .ARM.attributes
                0x00000479       0x33 src/ASF/sam/utils/cmsis/sam3x/source/templates/exceptions.o
 .ARM.attributes
                0x000004ac       0x33 src/ASF/sam/utils/cmsis/sam3x/source/templates/gcc/startup_sam3x.o
 .ARM.attributes
                0x000004df       0x33 src/ASF/sam/utils/cmsis/sam3x/source/templates/system_sam3x.o
 .ARM.attributes
                0x00000512       0x33 src/ASF/sam/utils/syscalls/gcc/syscalls.o
 .ARM.attributes
                0x00000545       0x33 src/main.o
 .ARM.attributes
                0x00000578       0x1d c:/program files (x86)/atmel/studio/7.0/toolchain/arm/arm-gnu-toolchain/bin/../lib/gcc/arm-none-eabi/4.9.3/armv7-m\libgcc.a(_arm_addsubdf3.o)
 .ARM.attributes
                0x00000595       0x1d c:/program files (x86)/atmel/studio/7.0/toolchain/arm/arm-gnu-toolchain/bin/../lib/gcc/arm-none-eabi/4.9.3/armv7-m\libgcc.a(_arm_muldivdf3.o)
 .ARM.attributes
                0x000005b2       0x1d c:/program files (x86)/atmel/studio/7.0/toolchain/arm/arm-gnu-toolchain/bin/../lib/gcc/arm-none-eabi/4.9.3/armv7-m\libgcc.a(_arm_cmpdf2.o)
 .ARM.attributes
                0x000005cf       0x1d c:/program files (x86)/atmel/studio/7.0/toolchain/arm/arm-gnu-toolchain/bin/../lib/gcc/arm-none-eabi/4.9.3/armv7-m\libgcc.a(_arm_fixdfsi.o)
 .ARM.attributes
                0x000005ec       0x2d c:/program files (x86)/atmel/studio/7.0/toolchain/arm/arm-gnu-toolchain/bin/../lib/gcc/arm-none-eabi/4.9.3/../../../../arm-none-eabi/lib/armv7-m\libc.a(lib_a-impure.o)
 .ARM.attributes
                0x00000619       0x2d c:/program files (x86)/atmel/studio/7.0/toolchain/arm/arm-gnu-toolchain/bin/../lib/gcc/arm-none-eabi/4.9.3/../../../../arm-none-eabi/lib/armv7-m\libc.a(lib_a-init.o)
 .ARM.attributes
                0x00000646       0x2d c:/program files (x86)/atmel/studio/7.0/toolchain/arm/arm-gnu-toolchain/bin/../lib/gcc/arm-none-eabi/4.9.3/../../../../arm-none-eabi/lib/armv7-m\libc.a(lib_a-iprintf.o)
 .ARM.attributes
                0x00000673       0x1b c:/program files (x86)/atmel/studio/7.0/toolchain/arm/arm-gnu-toolchain/bin/../lib/gcc/arm-none-eabi/4.9.3/../../../../arm-none-eabi/lib/armv7-m\libc.a(lib_a-memcpy.o)
 .ARM.attributes
                0x0000068e       0x2d c:/program files (x86)/atmel/studio/7.0/toolchain/arm/arm-gnu-toolchain/bin/../lib/gcc/arm-none-eabi/4.9.3/../../../../arm-none-eabi/lib/armv7-m\libc.a(lib_a-memset.o)
 .ARM.attributes
                0x000006bb       0x2d c:/program files (x86)/atmel/studio/7.0/toolchain/arm/arm-gnu-toolchain/bin/../lib/gcc/arm-none-eabi/4.9.3/../../../../arm-none-eabi/lib/armv7-m\libc.a(lib_a-setbuf.o)
 .ARM.attributes
                0x000006e8       0x2d c:/program files (x86)/atmel/studio/7.0/toolchain/arm/arm-gnu-toolchain/bin/../lib/gcc/arm-none-eabi/4.9.3/../../../../arm-none-eabi/lib/armv7-m\libc.a(lib_a-setvbuf.o)
 .ARM.attributes
                0x00000715       0x2d c:/program files (x86)/atmel/studio/7.0/toolchain/arm/arm-gnu-toolchain/bin/../lib/gcc/arm-none-eabi/4.9.3/../../../../arm-none-eabi/lib/armv7-m\libc.a(lib_a-strlen.o)
 .ARM.attributes
                0x00000742       0x2d c:/program files (x86)/atmel/studio/7.0/toolchain/arm/arm-gnu-toolchain/bin/../lib/gcc/arm-none-eabi/4.9.3/../../../../arm-none-eabi/lib/armv7-m\libc.a(lib_a-strncpy.o)
 .ARM.attributes
                0x0000076f       0x2d c:/program files (x86)/atmel/studio/7.0/toolchain/arm/arm-gnu-toolchain/bin/../lib/gcc/arm-none-eabi/4.9.3/../../../../arm-none-eabi/lib/armv7-m\libc.a(lib_a-vfiprintf.o)
 .ARM.attributes
                0x0000079c       0x2d c:/program files (x86)/atmel/studio/7.0/toolchain/arm/arm-gnu-toolchain/bin/../lib/gcc/arm-none-eabi/4.9.3/../../../../arm-none-eabi/lib/armv7-m\libc.a(lib_a-wsetup.o)
 .ARM.attributes
                0x000007c9       0x2d c:/program files (x86)/atmel/studio/7.0/toolchain/arm/arm-gnu-toolchain/bin/../lib/gcc/arm-none-eabi/4.9.3/../../../../arm-none-eabi/lib/armv7-m\libc.a(lib_a-__call_atexit.o)
 .ARM.attributes
                0x000007f6       0x2d c:/program files (x86)/atmel/studio/7.0/toolchain/arm/arm-gnu-toolchain/bin/../lib/gcc/arm-none-eabi/4.9.3/../../../../arm-none-eabi/lib/armv7-m\libc.a(lib_a-atexit.o)
 .ARM.attributes
                0x00000823       0x2d c:/program files (x86)/atmel/studio/7.0/toolchain/arm/arm-gnu-toolchain/bin/../lib/gcc/arm-none-eabi/4.9.3/../../../../arm-none-eabi/lib/armv7-m\libc.a(lib_a-fflush.o)
 .ARM.attributes
                0x00000850       0x2d c:/program files (x86)/atmel/studio/7.0/toolchain/arm/arm-gnu-toolchain/bin/../lib/gcc/arm-none-eabi/4.9.3/../../../../arm-none-eabi/lib/armv7-m\libc.a(lib_a-findfp.o)
 .ARM.attributes
                0x0000087d       0x2d c:/program files (x86)/atmel/studio/7.0/toolchain/arm/arm-gnu-toolchain/bin/../lib/gcc/arm-none-eabi/4.9.3/../../../../arm-none-eabi/lib/armv7-m\libc.a(lib_a-fini.o)
 .ARM.attributes
                0x000008aa       0x2d c:/program files (x86)/atmel/studio/7.0/toolchain/arm/arm-gnu-toolchain/bin/../lib/gcc/arm-none-eabi/4.9.3/../../../../arm-none-eabi/lib/armv7-m\libc.a(lib_a-fputwc.o)
 .ARM.attributes
                0x000008d7       0x2d c:/program files (x86)/atmel/studio/7.0/toolchain/arm/arm-gnu-toolchain/bin/../lib/gcc/arm-none-eabi/4.9.3/../../../../arm-none-eabi/lib/armv7-m\libc.a(lib_a-freer.o)
 .ARM.attributes
                0x00000904       0x2d c:/program files (x86)/atmel/studio/7.0/toolchain/arm/arm-gnu-toolchain/bin/../lib/gcc/arm-none-eabi/4.9.3/../../../../arm-none-eabi/lib/armv7-m\libc.a(lib_a-fvwrite.o)
 .ARM.attributes
                0x00000931       0x2d c:/program files (x86)/atmel/studio/7.0/toolchain/arm/arm-gnu-toolchain/bin/../lib/gcc/arm-none-eabi/4.9.3/../../../../arm-none-eabi/lib/armv7-m\libc.a(lib_a-fwalk.o)
 .ARM.attributes
                0x0000095e       0x2d c:/program files (x86)/atmel/studio/7.0/toolchain/arm/arm-gnu-toolchain/bin/../lib/gcc/arm-none-eabi/4.9.3/../../../../arm-none-eabi/lib/armv7-m\libc.a(lib_a-locale.o)
 .ARM.attributes
                0x0000098b       0x2d c:/program files (x86)/atmel/studio/7.0/toolchain/arm/arm-gnu-toolchain/bin/../lib/gcc/arm-none-eabi/4.9.3/../../../../arm-none-eabi/lib/armv7-m\libc.a(lib_a-makebuf.o)
 .ARM.attributes
                0x000009b8       0x2d c:/program files (x86)/atmel/studio/7.0/toolchain/arm/arm-gnu-toolchain/bin/../lib/gcc/arm-none-eabi/4.9.3/../../../../arm-none-eabi/lib/armv7-m\libc.a(lib_a-malloc.o)
 .ARM.attributes
                0x000009e5       0x2d c:/program files (x86)/atmel/studio/7.0/toolchain/arm/arm-gnu-toolchain/bin/../lib/gcc/arm-none-eabi/4.9.3/../../../../arm-none-eabi/lib/armv7-m\libc.a(lib_a-mallocr.o)
 .ARM.attributes
                0x00000a12       0x2d c:/program files (x86)/atmel/studio/7.0/toolchain/arm/arm-gnu-toolchain/bin/../lib/gcc/arm-none-eabi/4.9.3/../../../../arm-none-eabi/lib/armv7-m\libc.a(lib_a-memchr.o)
 .ARM.attributes
                0x00000a3f       0x2d c:/program files (x86)/atmel/studio/7.0/toolchain/arm/arm-gnu-toolchain/bin/../lib/gcc/arm-none-eabi/4.9.3/../../../../arm-none-eabi/lib/armv7-m\libc.a(lib_a-memmove.o)
 .ARM.attributes
                0x00000a6c       0x2d c:/program files (x86)/atmel/studio/7.0/toolchain/arm/arm-gnu-toolchain/bin/../lib/gcc/arm-none-eabi/4.9.3/../../../../arm-none-eabi/lib/armv7-m\libc.a(lib_a-mlock.o)
 .ARM.attributes
                0x00000a99       0x2d c:/program files (x86)/atmel/studio/7.0/toolchain/arm/arm-gnu-toolchain/bin/../lib/gcc/arm-none-eabi/4.9.3/../../../../arm-none-eabi/lib/armv7-m\libc.a(lib_a-reallocr.o)
 .ARM.attributes
                0x00000ac6       0x2d c:/program files (x86)/atmel/studio/7.0/toolchain/arm/arm-gnu-toolchain/bin/../lib/gcc/arm-none-eabi/4.9.3/../../../../arm-none-eabi/lib/armv7-m\libc.a(lib_a-sbrkr.o)
 .ARM.attributes
                0x00000af3       0x2d c:/program files (x86)/atmel/studio/7.0/toolchain/arm/arm-gnu-toolchain/bin/../lib/gcc/arm-none-eabi/4.9.3/../../../../arm-none-eabi/lib/armv7-m\libc.a(lib_a-stdio.o)
 .ARM.attributes
                0x00000b20       0x2d c:/program files (x86)/atmel/studio/7.0/toolchain/arm/arm-gnu-toolchain/bin/../lib/gcc/arm-none-eabi/4.9.3/../../../../arm-none-eabi/lib/armv7-m\libc.a(lib_a-wbuf.o)
 .ARM.attributes
                0x00000b4d       0x2d c:/program files (x86)/atmel/studio/7.0/toolchain/arm/arm-gnu-toolchain/bin/../lib/gcc/arm-none-eabi/4.9.3/../../../../arm-none-eabi/lib/armv7-m\libc.a(lib_a-wcrtomb.o)
 .ARM.attributes
                0x00000b7a       0x2d c:/program files (x86)/atmel/studio/7.0/toolchain/arm/arm-gnu-toolchain/bin/../lib/gcc/arm-none-eabi/4.9.3/../../../../arm-none-eabi/lib/armv7-m\libc.a(lib_a-wctomb_r.o)
 .ARM.attributes
                0x00000ba7       0x2d c:/program files (x86)/atmel/studio/7.0/toolchain/arm/arm-gnu-toolchain/bin/../lib/gcc/arm-none-eabi/4.9.3/../../../../arm-none-eabi/lib/armv7-m\libc.a(lib_a-writer.o)
 .ARM.attributes
                0x00000bd4       0x2d c:/program files (x86)/atmel/studio/7.0/toolchain/arm/arm-gnu-toolchain/bin/../lib/gcc/arm-none-eabi/4.9.3/../../../../arm-none-eabi/lib/armv7-m\libc.a(lib_a-__atexit.o)
 .ARM.attributes
                0x00000c01       0x2d c:/program files (x86)/atmel/studio/7.0/toolchain/arm/arm-gnu-toolchain/bin/../lib/gcc/arm-none-eabi/4.9.3/../../../../arm-none-eabi/lib/armv7-m\libc.a(lib_a-closer.o)
 .ARM.attributes
                0x00000c2e       0x2d c:/program files (x86)/atmel/studio/7.0/toolchain/arm/arm-gnu-toolchain/bin/../lib/gcc/arm-none-eabi/4.9.3/../../../../arm-none-eabi/lib/armv7-m\libc.a(lib_a-fclose.o)
 .ARM.attributes
                0x00000c5b       0x2d c:/program files (x86)/atmel/studio/7.0/toolchain/arm/arm-gnu-toolchain/bin/../lib/gcc/arm-none-eabi/4.9.3/../../../../arm-none-eabi/lib/armv7-m\libc.a(lib_a-fstatr.o)
 .ARM.attributes
                0x00000c88       0x2d c:/program files (x86)/atmel/studio/7.0/toolchain/arm/arm-gnu-toolchain/bin/../lib/gcc/arm-none-eabi/4.9.3/../../../../arm-none-eabi/lib/armv7-m\libc.a(lib_a-isattyr.o)
 .ARM.attributes
                0x00000cb5       0x2d c:/program files (x86)/atmel/studio/7.0/toolchain/arm/arm-gnu-toolchain/bin/../lib/gcc/arm-none-eabi/4.9.3/../../../../arm-none-eabi/lib/armv7-m\libc.a(lib_a-lseekr.o)
 .ARM.attributes
                0x00000ce2       0x2d c:/program files (x86)/atmel/studio/7.0/toolchain/arm/arm-gnu-toolchain/bin/../lib/gcc/arm-none-eabi/4.9.3/../../../../arm-none-eabi/lib/armv7-m\libc.a(lib_a-readr.o)
 .ARM.attributes
                0x00000d0f       0x2d c:/program files (x86)/atmel/studio/7.0/toolchain/arm/arm-gnu-toolchain/bin/../lib/gcc/arm-none-eabi/4.9.3/../../../../arm-none-eabi/lib/armv7-m\libc.a(lib_a-reent.o)
 .ARM.attributes
                0x00000d3c       0x1d c:/program files (x86)/atmel/studio/7.0/toolchain/arm/arm-gnu-toolchain/bin/../lib/gcc/arm-none-eabi/4.9.3/armv7-m\libgcc.a(_aeabi_uldivmod.o)
 .ARM.attributes
                0x00000d59       0x2d c:/program files (x86)/atmel/studio/7.0/toolchain/arm/arm-gnu-toolchain/bin/../lib/gcc/arm-none-eabi/4.9.3/armv7-m\libgcc.a(bpabi.o)
 .ARM.attributes
                0x00000d86       0x1d c:/program files (x86)/atmel/studio/7.0/toolchain/arm/arm-gnu-toolchain/bin/../lib/gcc/arm-none-eabi/4.9.3/armv7-m\libgcc.a(_dvmd_tls.o)
 .ARM.attributes
                0x00000da3       0x2d c:/program files (x86)/atmel/studio/7.0/toolchain/arm/arm-gnu-toolchain/bin/../lib/gcc/arm-none-eabi/4.9.3/armv7-m\libgcc.a(_divdi3.o)
 .ARM.attributes
                0x00000dd0       0x2d c:/program files (x86)/atmel/studio/7.0/toolchain/arm/arm-gnu-toolchain/bin/../lib/gcc/arm-none-eabi/4.9.3/armv7-m\libgcc.a(_udivdi3.o)
 .ARM.attributes
                0x00000dfd       0x1d c:/program files (x86)/atmel/studio/7.0/toolchain/arm/arm-gnu-toolchain/bin/../lib/gcc/arm-none-eabi/4.9.3/armv7-m/crtn.o

.comment        0x00000000       0xb6
 .comment       0x00000000       0x5b src/ADCSet.o
                                 0x5c (size before relaxing)
 .comment       0x0000005b       0x5b src/ASF/common/utils/stdio/read.o
                                 0x5c (size before relaxing)
 .comment       0x00000000       0x5c src/ASF/sam/drivers/adc/adc.o
 .comment       0x00000000       0x5c src/ASF/sam/drivers/usart/usart.o
 .comment       0x00000000       0x5c src/allVariables.o
 .comment       0x00000000       0x5c src/ReglStyr.o
 .comment       0x00000000       0x5c src/UARTSet.o
 .comment       0x00000000       0x5c src/ASF/thirdparty/freertos/freertos-7.3.0/source/list.o
 .comment       0x00000000       0x5c src/ASF/thirdparty/freertos/freertos-7.3.0/source/portable/gcc/sam/port.o
 .comment       0x00000000       0x5c src/ASF/thirdparty/freertos/freertos-7.3.0/source/portable/memmang/heap_4.o
 .comment       0x00000000       0x5c src/ASF/thirdparty/freertos/freertos-7.3.0/source/queue.o
 .comment       0x00000000       0x5c src/ASF/thirdparty/freertos/freertos-7.3.0/source/tasks.o
 .comment       0x00000000       0x5c src/ASF/thirdparty/freertos/freertos-7.3.0/source/timers.o
 .comment       0x00000000       0x5c src/ASF/common/utils/stdio/write.o
 .comment       0x00000000       0x5c src/ASF/sam/drivers/pwm/pwm.o
 .comment       0x00000000       0x5c src/ASF/sam/drivers/uart/uart.o
 .comment       0x00000000       0x5c src/ASF/common/services/clock/sam3x/sysclk.o
 .comment       0x00000000       0x5c src/ASF/sam/boards/arduino_due_x/init.o
 .comment       0x00000000       0x5c src/ASF/sam/drivers/pio/pio.o
 .comment       0x00000000       0x5c src/ASF/sam/drivers/pio/pio_handler.o
 .comment       0x00000000       0x5c src/ASF/sam/drivers/pmc/pmc.o
 .comment       0x00000000       0x5c src/ASF/sam/utils/cmsis/sam3x/source/templates/exceptions.o
 .comment       0x00000000       0x5c src/ASF/sam/utils/cmsis/sam3x/source/templates/gcc/startup_sam3x.o
 .comment       0x00000000       0x5c src/ASF/sam/utils/cmsis/sam3x/source/templates/system_sam3x.o
 .comment       0x00000000       0x5c src/ASF/sam/utils/syscalls/gcc/syscalls.o
 .comment       0x00000000       0x5c src/main.o

.debug_info     0x00000000    0x140a4
 .debug_info    0x00000000     0x1135 src/ADCSet.o
 .debug_info    0x00001135      0x1bb src/ASF/common/utils/stdio/read.o
 .debug_info    0x000012f0     0x1196 src/ASF/sam/drivers/adc/adc.o
 .debug_info    0x00002486     0x1bfa src/ASF/sam/drivers/usart/usart.o
 .debug_info    0x00004080      0xd4d src/allVariables.o
 .debug_info    0x00004dcd     0x1b60 src/ReglStyr.o
 .debug_info    0x0000692d     0x1e1b src/UARTSet.o
 .debug_info    0x00008748      0x2b7 src/ASF/thirdparty/freertos/freertos-7.3.0/source/list.o
 .debug_info    0x000089ff      0x3a0 src/ASF/thirdparty/freertos/freertos-7.3.0/source/portable/gcc/sam/port.o
 .debug_info    0x00008d9f      0x38d src/ASF/thirdparty/freertos/freertos-7.3.0/source/portable/memmang/heap_4.o
 .debug_info    0x0000912c      0xea7 src/ASF/thirdparty/freertos/freertos-7.3.0/source/queue.o
 .debug_info    0x00009fd3     0x178e src/ASF/thirdparty/freertos/freertos-7.3.0/source/tasks.o
 .debug_info    0x0000b761      0xb44 src/ASF/thirdparty/freertos/freertos-7.3.0/source/timers.o
 .debug_info    0x0000c2a5      0x1c0 src/ASF/common/utils/stdio/write.o
 .debug_info    0x0000c465     0x157e src/ASF/sam/drivers/pwm/pwm.o
 .debug_info    0x0000d9e3      0x889 src/ASF/sam/drivers/uart/uart.o
 .debug_info    0x0000e26c      0x796 src/ASF/common/services/clock/sam3x/sysclk.o
 .debug_info    0x0000ea02      0x7c3 src/ASF/sam/boards/arduino_due_x/init.o
 .debug_info    0x0000f1c5     0x1385 src/ASF/sam/drivers/pio/pio.o
 .debug_info    0x0001054a      0xe52 src/ASF/sam/drivers/pio/pio_handler.o
 .debug_info    0x0001139c     0x1080 src/ASF/sam/drivers/pmc/pmc.o
 .debug_info    0x0001241c      0x124 src/ASF/sam/utils/cmsis/sam3x/source/templates/exceptions.o
 .debug_info    0x00012540      0x3bd src/ASF/sam/utils/cmsis/sam3x/source/templates/gcc/startup_sam3x.o
 .debug_info    0x000128fd      0x4c6 src/ASF/sam/utils/cmsis/sam3x/source/templates/system_sam3x.o
 .debug_info    0x00012dc3      0x43f src/ASF/sam/utils/syscalls/gcc/syscalls.o
 .debug_info    0x00013202      0xea2 src/main.o

.debug_abbrev   0x00000000     0x3562
 .debug_abbrev  0x00000000      0x26d src/ADCSet.o
 .debug_abbrev  0x0000026d      0x101 src/ASF/common/utils/stdio/read.o
 .debug_abbrev  0x0000036e      0x235 src/ASF/sam/drivers/adc/adc.o
 .debug_abbrev  0x000005a3      0x325 src/ASF/sam/drivers/usart/usart.o
 .debug_abbrev  0x000008c8      0x1ba src/allVariables.o
 .debug_abbrev  0x00000a82      0x390 src/ReglStyr.o
 .debug_abbrev  0x00000e12      0x3f4 src/UARTSet.o
 .debug_abbrev  0x00001206       0xfb src/ASF/thirdparty/freertos/freertos-7.3.0/source/list.o
 .debug_abbrev  0x00001301      0x246 src/ASF/thirdparty/freertos/freertos-7.3.0/source/portable/gcc/sam/port.o
 .debug_abbrev  0x00001547      0x220 src/ASF/thirdparty/freertos/freertos-7.3.0/source/portable/memmang/heap_4.o
 .debug_abbrev  0x00001767      0x231 src/ASF/thirdparty/freertos/freertos-7.3.0/source/queue.o
 .debug_abbrev  0x00001998      0x2e0 src/ASF/thirdparty/freertos/freertos-7.3.0/source/tasks.o
 .debug_abbrev  0x00001c78      0x261 src/ASF/thirdparty/freertos/freertos-7.3.0/source/timers.o
 .debug_abbrev  0x00001ed9       0xf5 src/ASF/common/utils/stdio/write.o
 .debug_abbrev  0x00001fce      0x231 src/ASF/sam/drivers/pwm/pwm.o
 .debug_abbrev  0x000021ff      0x1bd src/ASF/sam/drivers/uart/uart.o
 .debug_abbrev  0x000023bc      0x227 src/ASF/common/services/clock/sam3x/sysclk.o
 .debug_abbrev  0x000025e3      0x16f src/ASF/sam/boards/arduino_due_x/init.o
 .debug_abbrev  0x00002752      0x2d5 src/ASF/sam/drivers/pio/pio.o
 .debug_abbrev  0x00002a27      0x257 src/ASF/sam/drivers/pio/pio_handler.o
 .debug_abbrev  0x00002c7e      0x268 src/ASF/sam/drivers/pmc/pmc.o
 .debug_abbrev  0x00002ee6       0x8c src/ASF/sam/utils/cmsis/sam3x/source/templates/exceptions.o
 .debug_abbrev  0x00002f72      0x118 src/ASF/sam/utils/cmsis/sam3x/source/templates/gcc/startup_sam3x.o
 .debug_abbrev  0x0000308a      0x115 src/ASF/sam/utils/cmsis/sam3x/source/templates/system_sam3x.o
 .debug_abbrev  0x0000319f      0x14e src/ASF/sam/utils/syscalls/gcc/syscalls.o
 .debug_abbrev  0x000032ed      0x275 src/main.o

.debug_loc      0x00000000     0x870b
 .debug_loc     0x00000000       0x40 src/ADCSet.o
 .debug_loc     0x00000040       0xc5 src/ASF/common/utils/stdio/read.o
 .debug_loc     0x00000105      0x980 src/ASF/sam/drivers/adc/adc.o
 .debug_loc     0x00000a85     0x128d src/ASF/sam/drivers/usart/usart.o
 .debug_loc     0x00001d12      0x1a4 src/ReglStyr.o
 .debug_loc     0x00001eb6      0x33a src/UARTSet.o
 .debug_loc     0x000021f0       0x91 src/ASF/thirdparty/freertos/freertos-7.3.0/source/list.o
 .debug_loc     0x00002281      0x100 src/ASF/thirdparty/freertos/freertos-7.3.0/source/portable/gcc/sam/port.o
 .debug_loc     0x00002381      0x371 src/ASF/thirdparty/freertos/freertos-7.3.0/source/portable/memmang/heap_4.o
 .debug_loc     0x000026f2     0x10da src/ASF/thirdparty/freertos/freertos-7.3.0/source/queue.o
 .debug_loc     0x000037cc     0x1545 src/ASF/thirdparty/freertos/freertos-7.3.0/source/tasks.o
 .debug_loc     0x00004d11      0x9a4 src/ASF/thirdparty/freertos/freertos-7.3.0/source/timers.o
 .debug_loc     0x000056b5      0x161 src/ASF/common/utils/stdio/write.o
 .debug_loc     0x00005816      0xd48 src/ASF/sam/drivers/pwm/pwm.o
 .debug_loc     0x0000655e      0x236 src/ASF/sam/drivers/uart/uart.o
 .debug_loc     0x00006794      0x12d src/ASF/common/services/clock/sam3x/sysclk.o
 .debug_loc     0x000068c1       0x20 src/ASF/sam/boards/arduino_due_x/init.o
 .debug_loc     0x000068e1      0xa83 src/ASF/sam/drivers/pio/pio.o
 .debug_loc     0x00007364      0x53d src/ASF/sam/drivers/pio/pio_handler.o
 .debug_loc     0x000078a1      0xc95 src/ASF/sam/drivers/pmc/pmc.o
 .debug_loc     0x00008536       0x7e src/ASF/sam/utils/cmsis/sam3x/source/templates/gcc/startup_sam3x.o
 .debug_loc     0x000085b4      0x12b src/ASF/sam/utils/syscalls/gcc/syscalls.o
 .debug_loc     0x000086df       0x2c src/main.o

.debug_aranges  0x00000000      0xfb0
 .debug_aranges
                0x00000000       0x28 src/ADCSet.o
 .debug_aranges
                0x00000028       0x20 src/ASF/common/utils/stdio/read.o
 .debug_aranges
                0x00000048      0x178 src/ASF/sam/drivers/adc/adc.o
 .debug_aranges
                0x000001c0      0x2a8 src/ASF/sam/drivers/usart/usart.o
 .debug_aranges
                0x00000468       0x18 src/allVariables.o
 .debug_aranges
                0x00000480       0x40 src/ReglStyr.o
 .debug_aranges
                0x000004c0       0x48 src/UARTSet.o
 .debug_aranges
                0x00000508       0x40 src/ASF/thirdparty/freertos/freertos-7.3.0/source/list.o
 .debug_aranges
                0x00000548       0x80 src/ASF/thirdparty/freertos/freertos-7.3.0/source/portable/gcc/sam/port.o
 .debug_aranges
                0x000005c8       0x40 src/ASF/thirdparty/freertos/freertos-7.3.0/source/portable/memmang/heap_4.o
 .debug_aranges
                0x00000608       0xc8 src/ASF/thirdparty/freertos/freertos-7.3.0/source/queue.o
 .debug_aranges
                0x000006d0      0x130 src/ASF/thirdparty/freertos/freertos-7.3.0/source/tasks.o
 .debug_aranges
                0x00000800       0x60 src/ASF/thirdparty/freertos/freertos-7.3.0/source/timers.o
 .debug_aranges
                0x00000860       0x20 src/ASF/common/utils/stdio/write.o
 .debug_aranges
                0x00000880      0x158 src/ASF/sam/drivers/pwm/pwm.o
 .debug_aranges
                0x000009d8       0xe8 src/ASF/sam/drivers/uart/uart.o
 .debug_aranges
                0x00000ac0       0x40 src/ASF/common/services/clock/sam3x/sysclk.o
 .debug_aranges
                0x00000b00       0x20 src/ASF/sam/boards/arduino_due_x/init.o
 .debug_aranges
                0x00000b20      0x148 src/ASF/sam/drivers/pio/pio.o
 .debug_aranges
                0x00000c68       0x58 src/ASF/sam/drivers/pio/pio_handler.o
 .debug_aranges
                0x00000cc0      0x200 src/ASF/sam/drivers/pmc/pmc.o
 .debug_aranges
                0x00000ec0       0x20 src/ASF/sam/utils/cmsis/sam3x/source/templates/exceptions.o
 .debug_aranges
                0x00000ee0       0x20 src/ASF/sam/utils/cmsis/sam3x/source/templates/gcc/startup_sam3x.o
 .debug_aranges
                0x00000f00       0x30 src/ASF/sam/utils/cmsis/sam3x/source/templates/system_sam3x.o
 .debug_aranges
                0x00000f30       0x60 src/ASF/sam/utils/syscalls/gcc/syscalls.o
 .debug_aranges
                0x00000f90       0x20 src/main.o

.debug_ranges   0x00000000      0xec0
 .debug_ranges  0x00000000       0x18 src/ADCSet.o
 .debug_ranges  0x00000018       0x10 src/ASF/common/utils/stdio/read.o
 .debug_ranges  0x00000028      0x168 src/ASF/sam/drivers/adc/adc.o
 .debug_ranges  0x00000190      0x298 src/ASF/sam/drivers/usart/usart.o
 .debug_ranges  0x00000428       0x30 src/ReglStyr.o
 .debug_ranges  0x00000458       0x50 src/UARTSet.o
 .debug_ranges  0x000004a8       0x30 src/ASF/thirdparty/freertos/freertos-7.3.0/source/list.o
 .debug_ranges  0x000004d8       0x70 src/ASF/thirdparty/freertos/freertos-7.3.0/source/portable/gcc/sam/port.o
 .debug_ranges  0x00000548       0x30 src/ASF/thirdparty/freertos/freertos-7.3.0/source/portable/memmang/heap_4.o
 .debug_ranges  0x00000578       0xb8 src/ASF/thirdparty/freertos/freertos-7.3.0/source/queue.o
 .debug_ranges  0x00000630      0x168 src/ASF/thirdparty/freertos/freertos-7.3.0/source/tasks.o
 .debug_ranges  0x00000798       0xa8 src/ASF/thirdparty/freertos/freertos-7.3.0/source/timers.o
 .debug_ranges  0x00000840       0x10 src/ASF/common/utils/stdio/write.o
 .debug_ranges  0x00000850      0x148 src/ASF/sam/drivers/pwm/pwm.o
 .debug_ranges  0x00000998       0xd8 src/ASF/sam/drivers/uart/uart.o
 .debug_ranges  0x00000a70       0x30 src/ASF/common/services/clock/sam3x/sysclk.o
 .debug_ranges  0x00000aa0       0x10 src/ASF/sam/boards/arduino_due_x/init.o
 .debug_ranges  0x00000ab0      0x138 src/ASF/sam/drivers/pio/pio.o
 .debug_ranges  0x00000be8       0x48 src/ASF/sam/drivers/pio/pio_handler.o
 .debug_ranges  0x00000c30      0x1f0 src/ASF/sam/drivers/pmc/pmc.o
 .debug_ranges  0x00000e20       0x10 src/ASF/sam/utils/cmsis/sam3x/source/templates/exceptions.o
 .debug_ranges  0x00000e30       0x10 src/ASF/sam/utils/cmsis/sam3x/source/templates/gcc/startup_sam3x.o
 .debug_ranges  0x00000e40       0x20 src/ASF/sam/utils/cmsis/sam3x/source/templates/system_sam3x.o
 .debug_ranges  0x00000e60       0x50 src/ASF/sam/utils/syscalls/gcc/syscalls.o
 .debug_ranges  0x00000eb0       0x10 src/main.o

.debug_macro    0x00000000    0x1baac
 .debug_macro   0x00000000      0x71d src/ADCSet.o
 .debug_macro   0x0000071d      0x898 src/ADCSet.o
 .debug_macro   0x00000fb5      0x166 src/ADCSet.o
 .debug_macro   0x0000111b      0x636 src/ADCSet.o
 .debug_macro   0x00001751       0x76 src/ADCSet.o
 .debug_macro   0x000017c7       0x16 src/ADCSet.o
 .debug_macro   0x000017dd      0x6e4 src/ADCSet.o
 .debug_macro   0x00001ec1       0x22 src/ADCSet.o
 .debug_macro   0x00001ee3       0x44 src/ADCSet.o
 .debug_macro   0x00001f27       0x58 src/ADCSet.o
 .debug_macro   0x00001f7f       0x22 src/ADCSet.o
 .debug_macro   0x00001fa1      0x1df src/ADCSet.o
 .debug_macro   0x00002180       0x20 src/ADCSet.o
 .debug_macro   0x000021a0       0x3a src/ADCSet.o
 .debug_macro   0x000021da       0x2d src/ADCSet.o
 .debug_macro   0x00002207      0xbb1 src/ADCSet.o
 .debug_macro   0x00002db8      0xab6 src/ADCSet.o
 .debug_macro   0x0000386e      0x569 src/ADCSet.o
 .debug_macro   0x00003dd7      0x2b5 src/ADCSet.o
 .debug_macro   0x0000408c      0x31a src/ADCSet.o
 .debug_macro   0x000043a6      0x74f src/ADCSet.o
 .debug_macro   0x00004af5       0x82 src/ADCSet.o
 .debug_macro   0x00004b77      0x57b src/ADCSet.o
 .debug_macro   0x000050f2       0x1c src/ADCSet.o
 .debug_macro   0x0000510e      0x6b7 src/ADCSet.o
 .debug_macro   0x000057c5      0x52d src/ADCSet.o
 .debug_macro   0x00005cf2       0xbe src/ADCSet.o
 .debug_macro   0x00005db0     0x2342 src/ADCSet.o
 .debug_macro   0x000080f2      0x85d src/ADCSet.o
 .debug_macro   0x0000894f      0xdc9 src/ADCSet.o
 .debug_macro   0x00009718       0x7c src/ADCSet.o
 .debug_macro   0x00009794      0x263 src/ADCSet.o
 .debug_macro   0x000099f7       0x58 src/ADCSet.o
 .debug_macro   0x00009a4f      0x9a7 src/ADCSet.o
 .debug_macro   0x0000a3f6      0x248 src/ADCSet.o
 .debug_macro   0x0000a63e      0x4df src/ADCSet.o
 .debug_macro   0x0000ab1d      0x6b3 src/ADCSet.o
 .debug_macro   0x0000b1d0      0x59f src/ADCSet.o
 .debug_macro   0x0000b76f       0x46 src/ADCSet.o
 .debug_macro   0x0000b7b5      0x34d src/ADCSet.o
 .debug_macro   0x0000bb02      0x28c src/ADCSet.o
 .debug_macro   0x0000bd8e     0x14d7 src/ADCSet.o
 .debug_macro   0x0000d265      0x7ba src/ADCSet.o
 .debug_macro   0x0000da1f       0x76 src/ADCSet.o
 .debug_macro   0x0000da95       0x82 src/ADCSet.o
 .debug_macro   0x0000db17       0x76 src/ADCSet.o
 .debug_macro   0x0000db8d       0x4c src/ADCSet.o
 .debug_macro   0x0000dbd9      0x105 src/ADCSet.o
 .debug_macro   0x0000dcde      0x105 src/ADCSet.o
 .debug_macro   0x0000dde3      0x105 src/ADCSet.o
 .debug_macro   0x0000dee8       0x88 src/ADCSet.o
 .debug_macro   0x0000df70       0x88 src/ADCSet.o
 .debug_macro   0x0000dff8      0x3b4 src/ADCSet.o
 .debug_macro   0x0000e3ac       0xb8 src/ADCSet.o
 .debug_macro   0x0000e464       0xb8 src/ADCSet.o
 .debug_macro   0x0000e51c       0xb8 src/ADCSet.o
 .debug_macro   0x0000e5d4       0xb8 src/ADCSet.o
 .debug_macro   0x0000e68c      0x2b8 src/ADCSet.o
 .debug_macro   0x0000e944      0x125 src/ADCSet.o
 .debug_macro   0x0000ea69      0x225 src/ADCSet.o
 .debug_macro   0x0000ec8e      0x225 src/ADCSet.o
 .debug_macro   0x0000eeb3       0x2e src/ADCSet.o
 .debug_macro   0x0000eee1       0xac src/ADCSet.o
 .debug_macro   0x0000ef8d      0x14d src/ADCSet.o
 .debug_macro   0x0000f0da       0x7c src/ADCSet.o
 .debug_macro   0x0000f156      0x205 src/ADCSet.o
 .debug_macro   0x0000f35b       0x64 src/ADCSet.o
 .debug_macro   0x0000f3bf       0xa6 src/ADCSet.o
 .debug_macro   0x0000f465       0x7c src/ADCSet.o
 .debug_macro   0x0000f4e1       0x16 src/ADCSet.o
 .debug_macro   0x0000f4f7       0x22 src/ADCSet.o
 .debug_macro   0x0000f519       0x22 src/ADCSet.o
 .debug_macro   0x0000f53b      0x115 src/ADCSet.o
 .debug_macro   0x0000f650      0x115 src/ADCSet.o
 .debug_macro   0x0000f765      0x115 src/ADCSet.o
 .debug_macro   0x0000f87a      0x115 src/ADCSet.o
 .debug_macro   0x0000f98f       0x1c src/ADCSet.o
 .debug_macro   0x0000f9ab       0x2e src/ADCSet.o
 .debug_macro   0x0000f9d9       0x22 src/ADCSet.o
 .debug_macro   0x0000f9fb       0x1c src/ADCSet.o
 .debug_macro   0x0000fa17       0x58 src/ADCSet.o
 .debug_macro   0x0000fa6f       0x10 src/ADCSet.o
 .debug_macro   0x0000fa7f      0x273 src/ADCSet.o
 .debug_macro   0x0000fcf2      0xd43 src/ADCSet.o
 .debug_macro   0x00010a35      0x131 src/ADCSet.o
 .debug_macro   0x00010b66       0x58 src/ADCSet.o
 .debug_macro   0x00010bbe       0x35 src/ADCSet.o
 .debug_macro   0x00010bf3       0x9c src/ADCSet.o
 .debug_macro   0x00010c8f       0x16 src/ADCSet.o
 .debug_macro   0x00010ca5       0x35 src/ADCSet.o
 .debug_macro   0x00010cda      0x29d src/ADCSet.o
 .debug_macro   0x00010f77       0x10 src/ADCSet.o
 .debug_macro   0x00010f87       0x52 src/ADCSet.o
 .debug_macro   0x00010fd9       0x16 src/ADCSet.o
 .debug_macro   0x00010fef       0x43 src/ADCSet.o
 .debug_macro   0x00011032      0x180 src/ADCSet.o
 .debug_macro   0x000111b2       0x10 src/ADCSet.o
 .debug_macro   0x000111c2       0x22 src/ADCSet.o
 .debug_macro   0x000111e4       0xbe src/ADCSet.o
 .debug_macro   0x000112a2       0x16 src/ADCSet.o
 .debug_macro   0x000112b8      0x197 src/ADCSet.o
 .debug_macro   0x0001144f       0x22 src/ADCSet.o
 .debug_macro   0x00011471       0x16 src/ADCSet.o
 .debug_macro   0x00011487       0x16 src/ADCSet.o
 .debug_macro   0x0001149d       0x29 src/ADCSet.o
 .debug_macro   0x000114c6       0x6e src/ADCSet.o
 .debug_macro   0x00011534       0x45 src/ADCSet.o
 .debug_macro   0x00011579      0x3ca src/ADCSet.o
 .debug_macro   0x00011943       0x1c src/ADCSet.o
 .debug_macro   0x0001195f       0x34 src/ADCSet.o
 .debug_macro   0x00011993      0x28e src/ADCSet.o
 .debug_macro   0x00011c21      0x790 src/ADCSet.o
 .debug_macro   0x000123b1       0x5e src/ADCSet.o
 .debug_macro   0x0001240f       0x64 src/ADCSet.o
 .debug_macro   0x00012473       0x5f src/ADCSet.o
 .debug_macro   0x000124d2       0x90 src/ADCSet.o
 .debug_macro   0x00012562       0x28 src/ADCSet.o
 .debug_macro   0x0001258a       0x23 src/ADCSet.o
 .debug_macro   0x000125ad       0x46 src/ADCSet.o
 .debug_macro   0x000125f3      0x100 src/ADCSet.o
 .debug_macro   0x000126f3       0x99 src/ADCSet.o